[Block Diagram Listing]
Header=Hypersignal for Windows Block Diagram Application, Block Listing
Version=4.00
Block Count=20
Horizontal Scroll Position=0
Vertical Scroll Position=0
Manual Compile=0
Block Library1=Simulation Library
Block Name1=Arbitrary Signal Generator 1
DLL Name1=ArbSig.dll
Block Label1=Arbitrary Filter Frequency Response Goal
Block Type1=8
Block Class1=0
Layer1=-1
Position1=64,64,256,160
Input Count1=0
Output Count1=1
Parameter Count1=0
Block Library2=Simulation Library
Block Name2=Sweep (Chirp) Generator 1
DLL Name2=SWEEP.DLL
Block Type2=2
Block Class2=0
Layer2=-1
Position2=64,288,96,320
Input Count2=0
Output Count2=1
Parameter Count2=0
Block Library3=Simulation Library
Block Name3=Multiply 1
DLL Name3=MULT.DLL
Block Type3=2
Block Class3=0
Layer3=-1
Position3=352,224,384,256
Input Count3=2
Output Count3=1
Parameter Count3=0
Block3,Input Channel 0=Arbitrary Signal Generator 1,Output Channel 0
Block3,Input Channel 1=Complex to Real 2,Output Channel 1
Block Library4=Simulation Library
Block Name4=Noise Generator 1
DLL Name4=NOISE.DLL
Block Type4=2
Block Class4=0
Layer4=-1
Position4=64,192,96,224
Input Count4=0
Output Count4=1
Parameter Count4=0
Block Library5=Instrumentation Library
Block Name5=Two position toggle switch 1
DLL Name5=t2vert.dll
Block Type5=10
Block Class5=0
Layer5=-1
Position5=128,352,160,416
Input Count5=0
Output Count5=3
Parameter Count5=0
Block Library6=Simulation Library
Block Name6=2 to 1 Multiplexer 1
DLL Name6=MUXTWO.DLL
Block Type6=66
Block Class6=64
Layer6=-1
Position6=192,256,224,288
Input Count6=3
Output Count6=1
Parameter Count6=0
Block6,Input Channel 0=Noise Generator 1,Output Channel 0
Block6,Input Channel 1=Sweep (Chirp) Generator 1,Output Channel 0
Block6,Input Channel 2=Two position toggle switch 1,Output Channel 2
Block Library7=Simulation Library
Block Name7=FFT 1
DLL Name7=FFT.DLL
Block Type7=2
Block Class7=0
Layer7=-1
Position7=288,288,320,320
Input Count7=1
Output Count7=1
Parameter Count7=0
Block7,Input Channel 0=2 to 1 Multiplexer 1,Output Channel 0
Block Library8=Simulation Library
Block Name8=Magnitude 1
DLL Name8=MAG.DLL
Block Type8=2
Block Class8=0
Layer8=-1
Position8=384,448,416,480
Input Count8=1
Output Count8=1
Parameter Count8=0
Block8,Input Channel 0=FFT 1,Output Channel 0
Block Library9=Simulation Library
Block Name9=Single Channel Display 1
DLL Name9=SCD.DLL
Block Label9=Frequency Domain (Original Signal)
Block Type9=8
Block Class9=0
Layer9=-1
Position9=480,416,672,512
Input Count9=1
Output Count9=0
Parameter Count9=0
Block9,Input Channel 0=Magnitude 1,Output Channel 0
Block Library10=Simulation Library
Block Name10=Complex to Real 2
DLL Name10=C2R.DLL
Block Type10=2
Block Class10=0
Layer10=-1
Position10=320,320,352,352
Input Count10=1
Output Count10=2
Parameter Count10=0
Block10,Input Channel 0=FFT 1,Output Channel 0
Block Library11=Simulation Library
Block Name11=Real to Complex 1
DLL Name11=R2C.DLL
Block Type11=2
Block Class11=0
Layer11=-1
Position11=416,352,448,384
Input Count11=2
Output Count11=1
Parameter Count11=0
Block11,Input Channel 0=Multiply 2,Output Channel 0
Block11,Input Channel 1=Multiply 1,Output Channel 0
Block Library12=Simulation Library
Block Name12=Inverse FFT 1
DLL Name12=IFFT.DLL
Block Type12=2
Block Class12=0
Layer12=-1
Position12=480,256,512,288
Input Count12=1
Output Count12=1
Parameter Count12=0
Block12,Input Channel 0=Real to Complex 1,Output Channel 0
Block Library13=Simulation Library
Block Name13=Complex to Real 1
DLL Name13=C2R.DLL
Block Type13=2
Block Class13=0
Layer13=-1
Position13=544,128,576,160
Input Count13=1
Output Count13=2
Parameter Count13=0
Block13,Input Channel 0=Inverse FFT 1,Output Channel 0
Block Library14=Simulation Library
Block Name14=Single Channel Display 2
DLL Name14=SCD.DLL
Block Label14=Time Domain
Block Type14=8
Block Class14=0
Layer14=-1
Position14=640,0,832,96
Input Count14=1
Output Count14=0
Parameter Count14=0
Block14,Input Channel 0=Complex to Real 1,Output Channel 0
Block Library15=Simulation Library
Block Name15=Multiply 2
DLL Name15=MULT.DLL
Block Type15=2
Block Class15=0
Layer15=-1
Position15=352,160,384,192
Input Count15=2
Output Count15=1
Parameter Count15=0
Block15,Input Channel 0=Arbitrary Signal Generator 1,Output Channel 0
Block15,Input Channel 1=Complex to Real 2,Output Channel 0
Block Library16=Simulation Library
Block Name16=FFT 2
DLL Name16=FFT.DLL
Block Type16=2
Block Class16=0
Layer16=-1
Position16=608,256,640,288
Input Count16=1
Output Count16=1
Parameter Count16=0
Block16,Input Channel 0=Complex to Real 1,Output Channel 0
Block Library17=Simulation Library
Block Name17=Magnitude 2
DLL Name17=MAG.DLL
Block Type17=2
Block Class17=0
Layer17=-1
Position17=672,320,704,352
Input Count17=1
Output Count17=1
Parameter Count17=0
Block17,Input Channel 0=FFT 2,Output Channel 0
Block Library18=Simulation Library
Block Name18=Single Channel Display 4
DLL Name18=SCD.DLL
Block Label18=Frequency Domain (Filtered Signal)
Block Type18=8
Block Class18=0
Layer18=-1
Position18=800,320,992,416
Input Count18=1
Output Count18=0
Parameter Count18=0
Block18,Input Channel 0=Magnitude 2,Output Channel 0
Block Library19=Simulation Library
Block Name19=Power Spectrum 1
DLL Name19=PWSPEC.DLL
Block Type19=2
Block Class19=0
Layer19=-1
Position19=736,224,768,256
Input Count19=1
Output Count19=1
Parameter Count19=0
Block19,Input Channel 0=Magnitude 2,Output Channel 0
Block Library20=Simulation Library
Block Name20=Single Channel Display 3
DLL Name20=SCD.DLL
Block Label20=Time Averaged Spectrum
Block Type20=8
Block Class20=0
Layer20=-1
Position20=800,192,992,288
Input Count20=1
Output Count20=0
Parameter Count20=0
Block20,Input Channel 0=Power Spectrum 1,Output Channel 0

[Variables]
Num=2
Var1=Framesize
Value1=512
Var2=Sample Rate
Value2=8000.0

[Environment]
Undo Buffer Size=30

[Text Boxes]
Count=5
Text1=Arbitrary Filtering in Frequency Domain
Position1=62,5
ColorR1=255
ColorG1=255
ColorB1=0
Font1=-20,0,0,0,700,0,0,0,0,1,2,1,34,MS Sans Serif
Text2=Noise
Position2=63,350
ColorR2=255
ColorG2=255
ColorB2=255
Font2=-20,0,0,0,700,0,0,0,0,1,2,1,34,MS Sans Serif
Text3=Sweep
Position3=58,392
ColorR3=255
ColorG3=255
ColorB3=255
Font3=-20,0,0,0,700,0,0,0,0,1,2,1,34,MS Sans Serif
Text4=Click and Draw Arbitrary|Frequency Response
Position4=263,55
ColorR4=0
ColorG4=255
ColorB4=255
Font4=-17,0,0,0,700,0,0,0,0,1,2,1,34,MS Sans Serif
Text5=Press reset to see|new frequency response
Position5=800,145
ColorR5=0
ColorG5=255
ColorB5=255
Font5=-17,0,0,0,700,0,0,0,0,1,2,1,34,MS Sans Serif

[Layers]
Current Layer=-1
Mode=1
Num=1
Label1=

[Arbitrary Signal Generator 1]
Version=4.00
Precision=1
Framesize=Framesize/2
FramesizeOut0=256
RCFlagOut0=0
DTFlagOut0=1
SampFreqOut0=8000.0
_MaxAmplitude=1.0
_MinAmplitude=0.0
_PenColor=255,255,0
_UseCanvas=303
_Canvas=1
_GridColor=128,128,128
_BorderColor=0,0,255
_BackgroundColor=0,0,0
_ClearonReset=305
_DCOffset=128.0
_ofFrames=0
_SampleRate=Sample Rate

[Sweep (Chirp) Generator 1]
Version=4.00
Precision=1
Framesize=Framesize
FramesizeOut0=512
RCFlagOut0=0
DTFlagOut0=1
SampFreqOut0=8000.0
_Amplitude=10000.0
_MinFrequency=100.0
_MaxFrequency=4000.0
_StepSize=15000
_PhaseOffset=0.0
_DCOffset=1.0
_ofFrames=0
_SampleRate=Sample Rate

[Multiply 1]
Version=4.00
Precision=-1
Framesize=256
FramesizeIn0=256
RCFlagIn0=0
DTFlagIn0=1
SampFreqIn0=8000.0
FramesizeIn1=512
RCFlagIn1=0
DTFlagIn1=1
SampFreqIn1=8000.0
FramesizeOut0=512
RCFlagOut0=0
DTFlagOut0=1
SampFreqOut0=8000.0
_SmallFramesize=303
_FramesizeWarning=305

[Noise Generator 1]
Version=4.00
Precision=1
Framesize=Framesize
FramesizeOut0=512
RCFlagOut0=0
DTFlagOut0=1
SampFreqOut0=8000.0
_Amplitude=20000.0
_DCOffset=0.0
_ofFrames=0
_SampleRate=Sample Rate
offset=10

[Two position toggle switch 1]
Version=4.00
Precision=5
Framesize=1
FramesizeOut0=1
RCFlagOut0=0
DTFlagOut0=5
SampFreqOut0=8000.0
FramesizeOut1=1
RCFlagOut1=0
DTFlagOut1=5
SampFreqOut1=8000.0
FramesizeOut2=1
RCFlagOut2=0
DTFlagOut2=5
SampFreqOut2=8000.0
_Position1Value=0.0
_Position2Value=1.0
_ContactValue=1.0
_MouseObject=1
SW1Closure1=1.0
SW1Closure2=0.0
SW1Value=0.0

[2 to 1 Multiplexer 1]
Version=4.00
Precision=-1
Framesize=1
FramesizeIn0=512
RCFlagIn0=0
DTFlagIn0=1
SampFreqIn0=8000.0
FramesizeIn1=512
RCFlagIn1=0
DTFlagIn1=1
SampFreqIn1=8000.0
FramesizeIn2=1
RCFlagIn2=0
DTFlagIn2=5
SampFreqIn2=8000.0
FramesizeOut0=512
RCFlagOut0=0
DTFlagOut0=1
SampFreqOut0=8000.0
_Mode=302

[FFT 1]
Version=4.00
Precision=-1
Framesize=512
FramesizeIn0=512
RCFlagIn0=0
DTFlagIn0=1
SampFreqIn0=8000.0
FramesizeOut0=512
RCFlagOut0=1
DTFlagOut0=1
SampFreqOut0=8000.0
_FFTOrder=9
NumLocalElements0=0
NumLocalElements1=0

[Magnitude 1]
Version=4.00
Precision=-1
Framesize=257
FramesizeIn0=512
RCFlagIn0=1
DTFlagIn0=1
SampFreqIn0=8000.0
FramesizeOut0=257
RCFlagOut0=0
DTFlagOut0=1
SampFreqOut0=8000.0

[Single Channel Display 1]
Version=4.00
Precision=-1
Framesize=257
FramesizeIn0=257
RCFlagIn0=0
DTFlagIn0=1
SampFreqIn0=8000.0
Columns=4
ShowIndices=0
HTicks=10
VTicks=10
DigitPrecision=4
DecimalPrecision=2
Shadow=0
fUseSec=0
wfDense=256
Theta=30.0
Title0=Default Graph Title 0
HLabel0=Samples
VLabel0=Amplitude
BackGroundColor0=0
GridColor0=6
WaveColor0=12
ScaleColor0=11
XAmp0.Min=0.0
XAmp0.Max=257.0
XAmp0.UserScale=1.0
XAmp0.StrLabelMin=
XAmp0.StrLabelMax=
XAmp0.PercMin=50.0
XAmp0.PercMax=50.0
XAmp0.PercDev=5.0
XAmp0.fAutoMin=0
XAmp0.fAutoMax=0
XAmp0.RoundOff=10.0
XAmp0.Precision=0
XAmp0.Scaling=0
XAmp0.LogBase=10.0
XAmp0.LogFactor=1.0
YAmp0.Min=0.0
YAmp0.Max=1000000.0
YAmp0.UserScale=1.0
YAmp0.StrLabelMin=
YAmp0.StrLabelMax=
YAmp0.PercMin=90.0
YAmp0.PercMax=90.0
YAmp0.PercDev=5.0
YAmp0.fAutoMin=0
YAmp0.fAutoMax=0
YAmp0.RoundOff=1.0
YAmp0.Precision=0
YAmp0.Scaling=0
YAmp0.LogBase=10.0
YAmp0.LogFactor=1.0
XAmpSec0.Min=-1000.0
XAmpSec0.Max=1000.0
XAmpSec0.PercMin=50.0
XAmpSec0.PercMax=50.0
XAmpSec0.PercDev=5.0
XAmpSec0.fAutoMin=1
XAmpSec0.fAutoMax=1
XAmpSec0.Precision=0
XAmpSec0.Scaling=0
XAmpSec0.LogBase=10.0
XAmpSec0.LogFactor=1.0
YAmpSec0.Min=-1000.0
YAmpSec0.Max=1000.0
YAmpSec0.PercMin=50.0
YAmpSec0.PercMax=50.0
YAmpSec0.PercDev=5.0
YAmpSec0.fAutoMin=1
YAmpSec0.fAutoMax=1
YAmpSec0.Precision=0
YAmpSec0.Scaling=0
YAmpSec0.LogBase=10.0
YAmpSec0.LogFactor=1.0
TracePause0=1
fOverWrite0=0
Mode0=2
DrawMode0=0
DisplayMode0=0
Shape0=0
ShapeColor0=7
ShowLabels0=0
fLineRemoval0=1
fMesh0=0
sfOverWrite=0
ShowLabels=0
AutoSize=1
FrameOffset=0

[Complex to Real 2]
Version=4.00
Precision=-1
Framesize=512
FramesizeIn0=512
RCFlagIn0=1
DTFlagIn0=1
SampFreqIn0=8000.0
FramesizeOut0=512
RCFlagOut0=0
DTFlagOut0=1
SampFreqOut0=8000.0
FramesizeOut1=512
RCFlagOut1=0
DTFlagOut1=1
SampFreqOut1=8000.0

[Real to Complex 1]
Version=4.00
Precision=-1
Framesize=512
FramesizeIn0=512
RCFlagIn0=0
DTFlagIn0=1
SampFreqIn0=8000.0
FramesizeIn1=512
RCFlagIn1=0
DTFlagIn1=1
SampFreqIn1=8000.0
FramesizeOut0=512
RCFlagOut0=1
DTFlagOut0=1
SampFreqOut0=8000.0

[Inverse FFT 1]
Version=4.00
Precision=-1
Framesize=512
FramesizeIn0=512
RCFlagIn0=1
DTFlagIn0=1
SampFreqIn0=8000.0
FramesizeOut0=512
RCFlagOut0=1
DTFlagOut0=1
SampFreqOut0=8000.0
_IFFTOrder=9
NumLocalElements0=0
NumLocalElements1=0

[Complex to Real 1]
Version=4.00
Precision=-1
Framesize=512
FramesizeIn0=512
RCFlagIn0=1
DTFlagIn0=1
SampFreqIn0=8000.0
FramesizeOut0=512
RCFlagOut0=0
DTFlagOut0=1
SampFreqOut0=8000.0
FramesizeOut1=512
RCFlagOut1=0
DTFlagOut1=1
SampFreqOut1=8000.0

[Single Channel Display 2]
Version=4.00
Precision=-1
Framesize=512
FramesizeIn0=512
RCFlagIn0=0
DTFlagIn0=1
SampFreqIn0=8000.0
Columns=4
ShowIndices=0
HTicks=10
VTicks=10
DigitPrecision=4
DecimalPrecision=2
Shadow=0
fUseSec=0
wfDense=256
Theta=30.0
Title0=Default Graph Title 0
HLabel0=Samples
VLabel0=Amplitude
BackGroundColor0=0
GridColor0=6
WaveColor0=12
ScaleColor0=11
XAmp0.Min=0.0
XAmp0.Max=512.0
XAmp0.UserScale=1.0
XAmp0.StrLabelMin=
XAmp0.StrLabelMax=
XAmp0.PercMin=50.0
XAmp0.PercMax=50.0
XAmp0.PercDev=5.0
XAmp0.fAutoMin=0
XAmp0.fAutoMax=0
XAmp0.RoundOff=10.0
XAmp0.Precision=0
XAmp0.Scaling=0
XAmp0.LogBase=10.0
XAmp0.LogFactor=1.0
YAmp0.Min=-200.0
YAmp0.Max=200.0
YAmp0.UserScale=1.0
YAmp0.StrLabelMin=
YAmp0.StrLabelMax=
YAmp0.PercMin=90.0
YAmp0.PercMax=90.0
YAmp0.PercDev=5.0
YAmp0.fAutoMin=1
YAmp0.fAutoMax=1
YAmp0.RoundOff=1.0
YAmp0.Precision=0
YAmp0.Scaling=0
YAmp0.LogBase=10.0
YAmp0.LogFactor=1.0
XAmpSec0.Min=-1000.0
XAmpSec0.Max=1000.0
XAmpSec0.PercMin=50.0
XAmpSec0.PercMax=50.0
XAmpSec0.PercDev=5.0
XAmpSec0.fAutoMin=1
XAmpSec0.fAutoMax=1
XAmpSec0.Precision=0
XAmpSec0.Scaling=0
XAmpSec0.LogBase=10.0
XAmpSec0.LogFactor=1.0
YAmpSec0.Min=-1000.0
YAmpSec0.Max=1000.0
YAmpSec0.PercMin=50.0
YAmpSec0.PercMax=50.0
YAmpSec0.PercDev=5.0
YAmpSec0.fAutoMin=1
YAmpSec0.fAutoMax=1
YAmpSec0.Precision=0
YAmpSec0.Scaling=0
YAmpSec0.LogBase=10.0
YAmpSec0.LogFactor=1.0
TracePause0=1
fOverWrite0=0
Mode0=0
DrawMode0=0
DisplayMode0=0
Shape0=0
ShapeColor0=7
ShowLabels0=0
fLineRemoval0=1
fMesh0=0
sfOverWrite=0
ShowLabels=0
AutoSize=1
FrameOffset=0

[Multiply 2]
Version=4.00
Precision=-1
Framesize=256
FramesizeIn0=256
RCFlagIn0=0
DTFlagIn0=1
SampFreqIn0=8000.0
FramesizeIn1=512
RCFlagIn1=0
DTFlagIn1=1
SampFreqIn1=8000.0
FramesizeOut0=512
RCFlagOut0=0
DTFlagOut0=1
SampFreqOut0=8000.0
_SmallFramesize=303
_FramesizeWarning=305

[FFT 2]
Version=4.00
Precision=1
Framesize=512
FramesizeIn0=512
RCFlagIn0=0
DTFlagIn0=1
SampFreqIn0=8000.0
FramesizeOut0=512
RCFlagOut0=1
DTFlagOut0=1
SampFreqOut0=8000.0
_FFTOrder=9
NumLocalElements0=0
NumLocalElements1=0

[Magnitude 2]
Version=4.00
Precision=-1
Framesize=257
FramesizeIn0=512
RCFlagIn0=1
DTFlagIn0=1
SampFreqIn0=8000.0
FramesizeOut0=257
RCFlagOut0=0
DTFlagOut0=1
SampFreqOut0=8000.0

[Single Channel Display 4]
Version=4.00
Precision=-1
Framesize=257
FramesizeIn0=257
RCFlagIn0=0
DTFlagIn0=1
SampFreqIn0=8000.0
Columns=4
ShowIndices=0
HTicks=10
VTicks=10
DigitPrecision=4
DecimalPrecision=2
Shadow=0
fUseSec=0
wfDense=256
Theta=30.0
Title0=Default Graph Title 0
HLabel0=Samples
VLabel0=Amplitude
BackGroundColor0=0
GridColor0=6
WaveColor0=12
ScaleColor0=11
XAmp0.Min=0.0
XAmp0.Max=257.0
XAmp0.UserScale=1.0
XAmp0.StrLabelMin=
XAmp0.StrLabelMax=
XAmp0.PercMin=50.0
XAmp0.PercMax=50.0
XAmp0.PercDev=5.0
XAmp0.fAutoMin=0
XAmp0.fAutoMax=0
XAmp0.RoundOff=10.0
XAmp0.Precision=0
XAmp0.Scaling=0
XAmp0.LogBase=10.0
XAmp0.LogFactor=1.0
YAmp0.Min=0.0
YAmp0.Max=1000000.0
YAmp0.UserScale=1.0
YAmp0.StrLabelMin=
YAmp0.StrLabelMax=
YAmp0.PercMin=90.0
YAmp0.PercMax=90.0
YAmp0.PercDev=5.0
YAmp0.fAutoMin=0
YAmp0.fAutoMax=0
YAmp0.RoundOff=1.0
YAmp0.Precision=0
YAmp0.Scaling=0
YAmp0.LogBase=10.0
YAmp0.LogFactor=1.0
XAmpSec0.Min=-1000.0
XAmpSec0.Max=1000.0
XAmpSec0.PercMin=50.0
XAmpSec0.PercMax=50.0
XAmpSec0.PercDev=5.0
XAmpSec0.fAutoMin=1
XAmpSec0.fAutoMax=1
XAmpSec0.Precision=0
XAmpSec0.Scaling=0
XAmpSec0.LogBase=10.0
XAmpSec0.LogFactor=1.0
YAmpSec0.Min=-1000.0
YAmpSec0.Max=1000.0
YAmpSec0.PercMin=50.0
YAmpSec0.PercMax=50.0
YAmpSec0.PercDev=5.0
YAmpSec0.fAutoMin=1
YAmpSec0.fAutoMax=1
YAmpSec0.Precision=0
YAmpSec0.Scaling=0
YAmpSec0.LogBase=10.0
YAmpSec0.LogFactor=1.0
TracePause0=1
fOverWrite0=0
Mode0=2
DrawMode0=0
DisplayMode0=0
Shape0=0
ShapeColor0=7
ShowLabels0=0
fLineRemoval0=1
fMesh0=0
sfOverWrite=0
ShowLabels=0
AutoSize=1
FrameOffset=0

[Power Spectrum 1]
Version=4.00
Precision=-1
Framesize=257
FramesizeIn0=257
RCFlagIn0=0
DTFlagIn0=1
SampFreqIn0=8000.0
FramesizeOut0=257
RCFlagOut0=0
DTFlagOut0=1
SampFreqOut0=8000.0
_Weighting=302
_WeightFactor=0.5
NumLocalElements0=257

[Single Channel Display 3]
Version=4.00
Precision=-1
Framesize=257
FramesizeIn0=257
RCFlagIn0=0
DTFlagIn0=1
SampFreqIn0=8000.0
Columns=4
ShowIndices=0
HTicks=10
VTicks=10
DigitPrecision=4
DecimalPrecision=2
Shadow=0
fUseSec=0
wfDense=256
Theta=30.0
Title0=Default Graph Title 0
HLabel0=Samples
VLabel0=Amplitude
BackGroundColor0=0
GridColor0=6
WaveColor0=12
ScaleColor0=11
XAmp0.Min=0.0
XAmp0.Max=10000.0
XAmp0.UserScale=1.0
XAmp0.StrLabelMin=
XAmp0.StrLabelMax=
XAmp0.PercMin=50.0
XAmp0.PercMax=50.0
XAmp0.PercDev=5.0
XAmp0.fAutoMin=0
XAmp0.fAutoMax=0
XAmp0.RoundOff=10.0
XAmp0.Precision=0
XAmp0.Scaling=0
XAmp0.LogBase=10.0
XAmp0.LogFactor=1.0
YAmp0.Min=0.0
YAmp0.Max=200000.0
YAmp0.UserScale=1.0
YAmp0.StrLabelMin=
YAmp0.StrLabelMax=
YAmp0.PercMin=90.0
YAmp0.PercMax=90.0
YAmp0.PercDev=5.0
YAmp0.fAutoMin=1
YAmp0.fAutoMax=1
YAmp0.RoundOff=1.0
YAmp0.Precision=0
YAmp0.Scaling=0
YAmp0.LogBase=10.0
YAmp0.LogFactor=1.0
XAmpSec0.Min=-1000.0
XAmpSec0.Max=1000.0
XAmpSec0.PercMin=50.0
XAmpSec0.PercMax=50.0
XAmpSec0.PercDev=5.0
XAmpSec0.fAutoMin=1
XAmpSec0.fAutoMax=1
XAmpSec0.Precision=0
XAmpSec0.Scaling=0
XAmpSec0.LogBase=10.0
XAmpSec0.LogFactor=1.0
YAmpSec0.Min=-1000.0
YAmpSec0.Max=1000.0
YAmpSec0.PercMin=50.0
YAmpSec0.PercMax=50.0
YAmpSec0.PercDev=5.0
YAmpSec0.fAutoMin=1
YAmpSec0.fAutoMax=1
YAmpSec0.Precision=0
YAmpSec0.Scaling=0
YAmpSec0.LogBase=10.0
YAmpSec0.LogFactor=1.0
TracePause0=1
fOverWrite0=0
Mode0=2
DrawMode0=0
DisplayMode0=0
Shape0=0
ShapeColor0=7
ShowLabels0=0
fLineRemoval0=1
fMesh0=0
sfOverWrite=0
ShowLabels=0
AutoSize=0
FrameOffset=0

