[Block Diagram Listing]
Header=Hypersignal for Windows Block Diagram Application, Block Listing
Version=4.00
Block Count=14
Horizontal Scroll Position=360
Vertical Scroll Position=53
Manual Compile=0
Block Library1=Simulation Library
Block Name1=Sine Generator 1
DLL Name1=SINE.DLL
Block Label1=Sine Generator
Block Label Color1=0,0,128
Block Type1=1
Block Class1=0
Layer1=-1
Position1=56,331,88,363
Input Count1=0
Output Count1=1
Parameter Count1=1
Block1,Parameter Line 0=Sets Frequency,,,
Block1,Parameter Input 0=Modulus 1,Output Channel 0,HDT_DOUBLE,202
Block Library2=User Control Library
Block Name2=Timer 1
DLL Name2=TIMER.DLL
Block Label Color2=0,0,128
Block Type2=18
Block Class2=0
Layer2=-1
Position2=-328,363,-296,395
User Control Position2=64,384,160,416
Input Count2=0
Output Count2=1
Parameter Count2=0
Block Library3=Simulation Library
Block Name3=Frame Count 1
DLL Name3=FRCNT.DLL
Block Label3=Step Count
Block Label Color3=0,0,128
Block Type3=2
Block Class3=0
Layer3=-1
Position3=-232,427,-200,459
Input Count3=0
Output Count3=1
Parameter Count3=0
Block3,Control Input=Timer 1,Output Channel 0
Block Library4=Simulation Library
Block Name4=Single Channel Display 2
DLL Name4=SCD.DLL
Block Label4=Time Domain
Block Label Color4=0,0,128
Block Label Font4=-17,0,0,0,700,0,0,0,0,1,2,1,34,MS Sans Serif
Block Type4=8
Block Class4=0
Layer4=-1
Position4=280,235,568,331
Input Count4=1
Output Count4=0
Parameter Count4=0
Block4,Input Channel 0=Sine Generator 1,Output Channel 0
Block Library5=Simulation Library
Block Name5=FFT 1
DLL Name5=FFT.DLL
Block Label Color5=0,0,128
Block Type5=2
Block Class5=0
Layer5=-1
Position5=-168,107,-136,139
Input Count5=1
Output Count5=1
Parameter Count5=0
Block5,Input Channel 0=Sine Generator 1,Output Channel 0
Block Library6=Simulation Library
Block Name6=Magnitude 1
DLL Name6=MAG.DLL
Block Label Color6=0,0,128
Block Type6=2
Block Class6=0
Layer6=-1
Position6=-104,107,-72,139
Input Count6=1
Output Count6=1
Parameter Count6=0
Block6,Input Channel 0=FFT 1,Output Channel 0
Block Library7=Simulation Library
Block Name7=Peak Extractor 1
DLL Name7=PEAK.DLL
Block Label Color7=0,0,128
Block Type7=2
Block Class7=0
Layer7=-1
Position7=-8,139,24,171
Input Count7=1
Output Count7=2
Parameter Count7=0
Block7,Input Channel 0=Magnitude 1,Output Channel 0
Block Library8=Simulation Library
Block Name8=Digital Display 1
DLL Name8=Digital.dll
Block Label8=Detected Peak Frequency
Block Label Color8=0,0,128
Block Type8=8
Block Class8=0
Layer8=-1
Position8=88,107,248,171
Input Count8=1
Output Count8=0
Parameter Count8=0
Block8,Input Channel 0=Peak Extractor 1,Output Channel 0
Block Library9=Simulation Library
Block Name9=Single Channel Display 1
DLL Name9=SCD.DLL
Block Label9=Frequency Domain
Block Label Color9=0,0,128
Block Label Font9=-17,0,0,0,700,0,0,0,0,1,2,1,34,MS Sans Serif
Block Type9=8
Block Class9=0
Layer9=-1
Position9=280,11,568,203
Input Count9=1
Output Count9=0
Parameter Count9=0
Block9,Input Channel 0=Magnitude 1,Output Channel 0
Block Library10=Simulation Library
Block Name10=Gain 1
DLL Name10=GAIN.DLL
Block Label10=Frequency Step
Block Label Color10=0,0,128
Block Type10=2
Block Class10=0
Layer10=-1
Position10=-136,427,-104,459
Input Count10=1
Output Count10=1
Parameter Count10=0
Block10,Input Channel 0=Frame Count 1,Output Channel 0
Block Library11=Simulation Library
Block Name11=Fixed Offset 1
DLL Name11=FOFFSET.DLL
Block Label11=Init Freq
Block Label Color11=0,0,128
Block Type11=2
Block Class11=0
Layer11=-1
Position11=-72,491,-40,523
Input Count11=1
Output Count11=1
Parameter Count11=0
Block11,Input Channel 0=Gain 1,Output Channel 0
Block Library12=Simulation Library
Block Name12=Modulus 1
DLL Name12=MOD.DLL
Block Label12=5.5kHz Wrap
Block Label Color12=0,0,128
Block Type12=2
Block Class12=0
Layer12=-1
Position12=-8,491,24,523
Input Count12=1
Output Count12=1
Parameter Count12=0
Block12,Input Channel 0=Fixed Offset 1,Output Channel 0
Block Library13=Simulation Library
Block Name13=Digital Display 2
DLL Name13=Digital.dll
Block Label13=Generated Frequency
Block Label Color13=0,0,128
Block Type13=8
Block Class13=0
Layer13=-1
Position13=376,459,536,523
Input Count13=1
Output Count13=0
Parameter Count13=0
Block13,Input Channel 0=Modulus 1,Output Channel 0
Block Library14=Simulation Library
Block Name14=Sound Card D/A 1
DLL Name14=SndCrdDA.dll
Block Type14=68
Block Class14=64
Layer14=-1
Position14=415,381,447,413
Input Count14=2
Output Count14=0
Parameter Count14=0
Block14,Input Channel 0=Sine Generator 1,Output Channel 0
Block14,Input Channel 1=Input Not Connected

[Variables]
Num=2
Var1=Framesize
Value1=1024
Var2=Sample Rate
Value2=11025

[Environment]
Undo Buffer Size=30

[Text Boxes]
Count=3
Text1=Example using sound card to generate a stepped sine wave and then observe the resulting spectrum
Position1=-311,-29
ColorR1=255
ColorG1=255
ColorB1=0
Font1=-17,0,0,0,700,0,0,0,0,1,2,1,34,MS Sans Serif
Text2=Peak Detection Resolution is governed by FFT size
Position2=-44,196
ColorR2=255
ColorG2=255
ColorB2=0
Font2=-13,0,0,0,400,0,0,0,0,1,2,1,34,MS Sans Serif
Text3=The sine wave is stepped by 100 KHz every 500 ms (using timer)  and wraps at 5.5 kHz in this example
Position3=-334,243
ColorR3=255
ColorG3=255
ColorB3=0
Font3=-13,0,0,0,400,0,0,0,0,1,2,1,34,MS Sans Serif

[Layers]
Current Layer=-1
Mode=1
Num=1

[Sine Generator 1]
Version=4.00
Precision=0
Framesize=Framesize
FramesizeOut0=1024
RCFlagOut0=0
DTFlagOut0=0
SampFreqOut0=11025.0
_Amplitude=1000.0
_Frequency=1600.0
_PhaseOffset=0.0
_DCOffset=0.0
_ofFrames=0
_SampleRate=Sample Rate

[Timer 1]
Version=4.00
Precision=1
Framesize=1
FramesizeOut0=1
RCFlagOut0=0
DTFlagOut0=1
SampFreqOut0=8000.0
_TimeIntervalms=500
_TimerType=302
_InactiveLevel=0.0
_ActiveLevel=1.0
_SampleRate=8000.0
NumLocalElements0=1

[Frame Count 1]
Version=
Precision=1
Framesize=1
FramesizeOut0=1
RCFlagOut0=0
DTFlagOut0=1
SampFreqOut0=10000.0

[Single Channel Display 2]
Version=4.00
Precision=-1
Framesize=250
FramesizeIn0=1024
RCFlagIn0=0
DTFlagIn0=0
SampFreqIn0=11025.0
Columns=2
ShowIndices=1
HTicks=10
VTicks=10
DigitPrecision=4
DecimalPrecision=2
Shadow=0
fUseSec=0
wfDense=20
Theta=45.0
Title0=Time
HLabel0=Sample
VLabel0=Amplitude
BackGroundColor0=0
GridColor0=6
WaveColor0=2
ScaleColor0=6
XAmp0.Min=0.0
XAmp0.Max=1024.0
XAmp0.UserScale=1.0
XAmp0.StrLabelMin=
XAmp0.StrLabelMax=
XAmp0.PercMin=50.0
XAmp0.PercMax=50.0
XAmp0.PercDev=5.0
XAmp0.fAutoMin=0
XAmp0.fAutoMax=0
XAmp0.RoundOff=10.0
XAmp0.Precision=0
XAmp0.Scaling=0
XAmp0.LogBase=10.0
XAmp0.LogFactor=1.0
YAmp0.Min=-500.0
YAmp0.Max=500.0
YAmp0.UserScale=1.0
YAmp0.StrLabelMin=
YAmp0.StrLabelMax=
YAmp0.PercMin=90.0
YAmp0.PercMax=90.0
YAmp0.PercDev=5.0
YAmp0.fAutoMin=1
YAmp0.fAutoMax=1
YAmp0.RoundOff=1.0
YAmp0.Precision=0
YAmp0.Scaling=0
YAmp0.LogBase=10.0
YAmp0.LogFactor=1.0
XAmpSec0.Min=-1000.0
XAmpSec0.Max=1000.0
XAmpSec0.PercMin=50.0
XAmpSec0.PercMax=50.0
XAmpSec0.PercDev=5.0
XAmpSec0.fAutoMin=1
XAmpSec0.fAutoMax=1
XAmpSec0.Precision=0
XAmpSec0.Scaling=0
XAmpSec0.LogBase=10.0
XAmpSec0.LogFactor=1.0
YAmpSec0.Min=-1000.0
YAmpSec0.Max=1000.0
YAmpSec0.PercMin=50.0
YAmpSec0.PercMax=50.0
YAmpSec0.PercDev=5.0
YAmpSec0.fAutoMin=1
YAmpSec0.fAutoMax=1
YAmpSec0.Precision=0
YAmpSec0.Scaling=0
YAmpSec0.LogBase=10.0
YAmpSec0.LogFactor=1.0
TracePause0=1
fOverWrite0=0
Mode0=0
DrawMode0=0
DisplayMode0=0
Shape0=0
ShapeColor0=7
ShowLabels0=0
fLineRemoval0=1
fMesh0=0
sfOverWrite=0
ShowLabels=0
AutoSize=1
FrameOffset=0

[FFT 1]
Version=4.00
Precision=1
Framesize=512
FramesizeIn0=1024
RCFlagIn0=0
DTFlagIn0=0
SampFreqIn0=11025.0
FramesizeOut0=512
RCFlagOut0=1
DTFlagOut0=1
SampFreqOut0=11025.0
_FFTOrder=9
NumLocalElements0=0
NumLocalElements1=0

[Magnitude 1]
Version=4.00
Precision=-1
Framesize=257
FramesizeIn0=512
RCFlagIn0=1
DTFlagIn0=1
SampFreqIn0=11025.0
FramesizeOut0=257
RCFlagOut0=0
DTFlagOut0=1
SampFreqOut0=11025.0

[Peak Extractor 1]
Version=4.00
Precision=-1
Framesize=257
FramesizeIn0=257
RCFlagIn0=0
DTFlagIn0=1
SampFreqIn0=11025.0
FramesizeOut0=1
RCFlagOut0=0
DTFlagOut0=1
SampFreqOut0=11025.0
FramesizeOut1=1
RCFlagOut1=0
DTFlagOut1=1
SampFreqOut1=11025.0
_Peak=1
_SelectPeakby=303
_RejectZonesamples=0
_RegionofInterest=305
_StartingIndex=0
_EndingIndex=1
_PeakThreshold=0.0
_PositionScalingFactor=11025/512

[Digital Display 1]
Version=4.00
Precision=-1
Framesize=1
FramesizeIn0=1
RCFlagIn0=0
DTFlagIn0=1
SampFreqIn0=11025.0
_SignificantDigits=6
_MinimumDigits=3
TextColor=0,255,0
BackgroundColor=0,0,0

[Single Channel Display 1]
Version=4.00
Precision=-1
Framesize=250
FramesizeIn0=257
RCFlagIn0=0
DTFlagIn0=1
SampFreqIn0=11025.0
Columns=2
ShowIndices=1
HTicks=10
VTicks=10
DigitPrecision=4
DecimalPrecision=2
Shadow=0
fUseSec=0
wfDense=20
Theta=45.0
Title0=Frequency
HLabel0=Frequency
VLabel0=Magnitude
BackGroundColor0=0
GridColor0=6
WaveColor0=12
ScaleColor0=6
XAmp0.Min=0.0
XAmp0.Max=1000001.135
XAmp0.UserScale=3891.055
XAmp0.StrLabelMin=
XAmp0.StrLabelMax=
XAmp0.PercMin=50.0
XAmp0.PercMax=50.0
XAmp0.PercDev=5.0
XAmp0.fAutoMin=0
XAmp0.fAutoMax=0
XAmp0.RoundOff=10.0
XAmp0.Precision=0
XAmp0.Scaling=0
XAmp0.LogBase=10.0
XAmp0.LogFactor=1.0
YAmp0.Min=0.0
YAmp0.Max=500.0
YAmp0.UserScale=1.0
YAmp0.StrLabelMin=
YAmp0.StrLabelMax=
YAmp0.PercMin=90.0
YAmp0.PercMax=90.0
YAmp0.PercDev=5.0
YAmp0.fAutoMin=0
YAmp0.fAutoMax=1
YAmp0.RoundOff=1.0
YAmp0.Precision=0
YAmp0.Scaling=0
YAmp0.LogBase=10.0
YAmp0.LogFactor=1.0
XAmpSec0.Min=-1000.0
XAmpSec0.Max=1000.0
XAmpSec0.PercMin=50.0
XAmpSec0.PercMax=50.0
XAmpSec0.PercDev=5.0
XAmpSec0.fAutoMin=1
XAmpSec0.fAutoMax=1
XAmpSec0.Precision=0
XAmpSec0.Scaling=0
XAmpSec0.LogBase=10.0
XAmpSec0.LogFactor=1.0
YAmpSec0.Min=-1000.0
YAmpSec0.Max=1000.0
YAmpSec0.PercMin=50.0
YAmpSec0.PercMax=50.0
YAmpSec0.PercDev=5.0
YAmpSec0.fAutoMin=1
YAmpSec0.fAutoMax=1
YAmpSec0.Precision=0
YAmpSec0.Scaling=0
YAmpSec0.LogBase=10.0
YAmpSec0.LogFactor=1.0
TracePause0=1
fOverWrite0=0
Mode0=0
DrawMode0=0
DisplayMode0=0
Shape0=0
ShapeColor0=7
ShowLabels0=1
fLineRemoval0=1
fMesh0=0
sfOverWrite=0
ShowLabels=1
AutoSize=1
FrameOffset=0

[Gain 1]
Version=4.00
Precision=-1
Framesize=1
FramesizeIn0=1
RCFlagIn0=0
DTFlagIn0=1
SampFreqIn0=10000.0
FramesizeOut0=1
RCFlagOut0=0
DTFlagOut0=1
SampFreqOut0=10000.0
_Gain=100.0

[Fixed Offset 1]
Version=4.00
Precision=-1
Framesize=1
FramesizeIn0=1
RCFlagIn0=0
DTFlagIn0=1
SampFreqIn0=10000.0
FramesizeOut0=1
RCFlagOut0=0
DTFlagOut0=1
SampFreqOut0=10000.0
_OffsetValue=0.0

[Modulus 1]
Version=4.00
Precision=-1
Framesize=1
FramesizeIn0=1
RCFlagIn0=0
DTFlagIn0=1
SampFreqIn0=10000.0
FramesizeOut0=1
RCFlagOut0=0
DTFlagOut0=1
SampFreqOut0=10000.0
_ModulusValue=5500

[Digital Display 2]
Version=4.00
Precision=-1
Framesize=1
FramesizeIn0=1
RCFlagIn0=0
DTFlagIn0=1
SampFreqIn0=10000.0
_SignificantDigits=6
_MinimumDigits=3
TextColor=0,255,0
BackgroundColor=0,0,0

[Sound Card D/A 1]
Version=4.00
Precision=-1
Framesize=1024
FramesizeIn0=1024
RCFlagIn0=0
DTFlagIn0=0
SampFreqIn0=11025.0
FramesizeIn1=0
RCFlagIn1=0
DTFlagIn1=6
SampFreqIn1=0.0
_SampleRate=11025.0
_UseInputRate=303
_WaveDevice=0
_Precision=0
NumChannels0=1
NumChannels1=0
Channels=1

