[Block Diagram Listing]
Header=Hypersignal for Windows Block Diagram Application, Block Listing
Version=4.00
Block Count=26
Horizontal Scroll Position=0
Vertical Scroll Position=0
Manual Compile=0
Block Library1=Simulation Library
Block Name1=Sweep (Chirp) Generator 1
DLL Name1=SWEEP.DLL
Block Type1=2
Block Class1=0
Layer1=-1
Position1=25,305,58,337
Input Count1=0
Output Count1=1
Parameter Count1=0
Block Library2=Simulation Library
Block Name2=Biquad 1
DLL Name2=BIQUAD.DLL
Block Type2=2
Block Class2=0
Layer2=-1
Position2=128,96,160,128
Input Count2=1
Output Count2=1
Parameter Count2=0
Block2,Input Channel 0=Sweep (Chirp) Generator 1,Output Channel 0
Block Library3=Simulation Library
Block Name3=Biquad 2
DLL Name3=BIQUAD.DLL
Block Type3=2
Block Class3=0
Layer3=-1
Position3=192,96,224,128
Input Count3=1
Output Count3=1
Parameter Count3=0
Block3,Input Channel 0=Biquad 1,Output Channel 0
Block Library4=Simulation Library
Block Name4=Gain 1
DLL Name4=GAIN.DLL
Block Type4=2
Block Class4=0
Layer4=-1
Position4=256,96,288,128
Input Count4=1
Output Count4=1
Parameter Count4=0
Block4,Input Channel 0=Biquad 2,Output Channel 0
Block Library5=Simulation Library
Block Name5=FFT 1
DLL Name5=FFT.DLL
Block Type5=2
Block Class5=0
Layer5=-1
Position5=352,96,384,128
Input Count5=1
Output Count5=1
Parameter Count5=0
Block5,Input Channel 0=Gain 1,Output Channel 0
Block Library6=Simulation Library
Block Name6=Magnitude 1
DLL Name6=MAG.DLL
Block Type6=2
Block Class6=0
Layer6=-1
Position6=416,96,448,128
Input Count6=1
Output Count6=1
Parameter Count6=0
Block6,Input Channel 0=FFT 1,Output Channel 0
Block Library7=Simulation Library
Block Name7=Single Channel Display 1
DLL Name7=SCD.DLL
Block Label7=4th-order Chebyshev lowpass
Block Type7=8
Block Class7=0
Layer7=-1
Position7=512,0,768,128
Input Count7=1
Output Count7=0
Parameter Count7=0
Block7,Input Channel 0=Magnitude 1,Output Channel 0
Block Library8=Simulation Library
Block Name8=Biquad 10
DLL Name8=BIQUAD.DLL
Block Type8=2
Block Class8=0
Layer8=-1
Position8=128,224,160,256
Input Count8=1
Output Count8=1
Parameter Count8=0
Block8,Input Channel 0=Sweep (Chirp) Generator 1,Output Channel 0
Block Library9=Simulation Library
Block Name9=Biquad 11
DLL Name9=BIQUAD.DLL
Block Type9=2
Block Class9=0
Layer9=-1
Position9=192,224,224,256
Input Count9=1
Output Count9=1
Parameter Count9=0
Block9,Input Channel 0=Biquad 10,Output Channel 0
Block Library10=Simulation Library
Block Name10=Gain 2
DLL Name10=GAIN.DLL
Block Type10=2
Block Class10=0
Layer10=-1
Position10=256,224,288,256
Input Count10=1
Output Count10=1
Parameter Count10=0
Block10,Input Channel 0=Biquad 11,Output Channel 0
Block Library11=Simulation Library
Block Name11=FFT 9
DLL Name11=FFT.DLL
Block Type11=2
Block Class11=0
Layer11=-1
Position11=352,224,384,256
Input Count11=1
Output Count11=1
Parameter Count11=0
Block11,Input Channel 0=Gain 2,Output Channel 0
Block Library12=Simulation Library
Block Name12=Magnitude 9
DLL Name12=MAG.DLL
Block Type12=2
Block Class12=0
Layer12=-1
Position12=416,224,448,256
Input Count12=1
Output Count12=1
Parameter Count12=0
Block12,Input Channel 0=FFT 9,Output Channel 0
Block Library13=Simulation Library
Block Name13=Single Channel Display 10
DLL Name13=SCD.DLL
Block Label13=3rd-order elliptic lowpass
Block Type13=8
Block Class13=0
Layer13=-1
Position13=512,160,768,288
Input Count13=1
Output Count13=0
Parameter Count13=0
Block13,Input Channel 0=Magnitude 9,Output Channel 0
Block Library14=Simulation Library
Block Name14=Biquad 12
DLL Name14=BIQUAD.DLL
Block Type14=2
Block Class14=0
Layer14=-1
Position14=128,384,160,416
Input Count14=1
Output Count14=1
Parameter Count14=0
Block14,Input Channel 0=Sweep (Chirp) Generator 1,Output Channel 0
Block Library15=Simulation Library
Block Name15=Biquad 13
DLL Name15=BIQUAD.DLL
Block Type15=2
Block Class15=0
Layer15=-1
Position15=192,384,224,416
Input Count15=1
Output Count15=1
Parameter Count15=0
Block15,Input Channel 0=Biquad 12,Output Channel 0
Block Library16=Simulation Library
Block Name16=Gain 3
DLL Name16=GAIN.DLL
Block Type16=2
Block Class16=0
Layer16=-1
Position16=256,384,288,416
Input Count16=1
Output Count16=1
Parameter Count16=0
Block16,Input Channel 0=Biquad 13,Output Channel 0
Block Library17=Simulation Library
Block Name17=FFT 10
DLL Name17=FFT.DLL
Block Type17=2
Block Class17=0
Layer17=-1
Position17=352,384,384,416
Input Count17=1
Output Count17=1
Parameter Count17=0
Block17,Input Channel 0=Gain 3,Output Channel 0
Block Library18=Simulation Library
Block Name18=Magnitude 10
DLL Name18=MAG.DLL
Block Type18=2
Block Class18=0
Layer18=-1
Position18=416,384,448,416
Input Count18=1
Output Count18=1
Parameter Count18=0
Block18,Input Channel 0=FFT 10,Output Channel 0
Block Library19=Simulation Library
Block Name19=Single Channel Display 11
DLL Name19=SCD.DLL
Block Label19=4th-order Chebyshev highpass
Block Type19=8
Block Class19=0
Layer19=-1
Position19=512,320,768,448
Input Count19=1
Output Count19=0
Parameter Count19=0
Block19,Input Channel 0=Magnitude 10,Output Channel 0
Block Library20=Simulation Library
Block Name20=Biquad 14
DLL Name20=BIQUAD.DLL
Block Type20=2
Block Class20=0
Layer20=-1
Position20=128,512,160,544
Input Count20=1
Output Count20=1
Parameter Count20=0
Block20,Input Channel 0=Sweep (Chirp) Generator 1,Output Channel 0
Block Library21=Simulation Library
Block Name21=Biquad 15
DLL Name21=BIQUAD.DLL
Block Type21=2
Block Class21=0
Layer21=-1
Position21=192,512,224,544
Input Count21=1
Output Count21=1
Parameter Count21=0
Block21,Input Channel 0=Biquad 14,Output Channel 0
Block Library22=Simulation Library
Block Name22=Biquad 16
DLL Name22=BIQUAD.DLL
Block Type22=2
Block Class22=0
Layer22=-1
Position22=256,512,288,544
Input Count22=1
Output Count22=1
Parameter Count22=0
Block22,Input Channel 0=Biquad 15,Output Channel 0
Block Library23=Simulation Library
Block Name23=Gain 4
DLL Name23=GAIN.DLL
Block Type23=2
Block Class23=0
Layer23=-1
Position23=320,512,352,544
Input Count23=1
Output Count23=1
Parameter Count23=0
Block23,Input Channel 0=Biquad 16,Output Channel 0
Block Library24=Simulation Library
Block Name24=FFT 11
DLL Name24=FFT.DLL
Block Type24=2
Block Class24=0
Layer24=-1
Position24=384,512,416,544
Input Count24=1
Output Count24=1
Parameter Count24=0
Block24,Input Channel 0=Gain 4,Output Channel 0
Block Library25=Simulation Library
Block Name25=Magnitude 11
DLL Name25=MAG.DLL
Block Type25=2
Block Class25=0
Layer25=-1
Position25=448,512,480,544
Input Count25=1
Output Count25=1
Parameter Count25=0
Block25,Input Channel 0=FFT 11,Output Channel 0
Block Library26=Simulation Library
Block Name26=Single Channel Display 12
DLL Name26=SCD.DLL
Block Label26=6th-order Butterworth
Block Type26=8
Block Class26=0
Layer26=-1
Position26=512,480,768,608
Input Count26=1
Output Count26=0
Parameter Count26=0
Block26,Input Channel 0=Magnitude 11,Output Channel 0

[Variables]
Num=2
Var1=Framesize
Value1=256
Var2=Sample Rate
Value2=8000.0

[Environment]
Undo Buffer Size=30

[Text Boxes]
Count=5
Text1=H(z) =                  0.001836(1+z^-1)^4|             --------------------------------------------------------------|(1-1.5548z^-1+0.6493z^-2)(1-1.4996z^-1+0.8482z^2)
Position1=155,51
ColorR1=0
ColorG1=255
ColorB1=0
Font1=-11,0,0,0,400,0,0,0,0,1,2,1,34,MS Sans Serif
Text2=H(z) =      0.05634(1+z^-1)(1-1.0166z^-1+z^-2)|             --------------------------------------------------------------|             (1-0.6830z^-1)(1-1.4461z^-1+0.7957z^2)
Position2=136,167
ColorR2=0
ColorG2=255
ColorB2=0
Font2=-11,0,0,0,400,0,0,0,0,1,2,1,34,MS Sans Serif
Text3=H(z) =                0.02426(1-z^-1)^4|             --------------------------------------------------------------|(1+1.0416z^-1+0.4019z^-2)(1+0.5561z^-1+0.7647z^2)
Position3=159,311
ColorR3=0
ColorG3=255
ColorB3=0
Font3=-11,0,0,0,400,0,0,0,0,1,2,1,34,MS Sans Serif
Text4=H(z) =                0.0007378(1+z^-1)^6|             --------------------------------------------------------------|(1-1.2686z^-1+0.7051z^-2)(1-1.0106z^-1+0.3583z^2)(1-0.9044z^-1+0.2155z^-2)
Position4=21,455
ColorR4=0
ColorG4=255
ColorB4=0
Font4=-11,0,0,0,400,0,0,0,0,1,2,1,34,MS Sans Serif
Text5=The actual product version contains high-level Filter Design and implementation functions.
Position5=-3,9
ColorR5=255
ColorG5=255
ColorB5=0
Font5=-11,0,0,0,700,0,0,0,0,1,2,1,34,MS Sans Serif

[Layers]
Current Layer=-1
Mode=1
Num=1

[Sweep (Chirp) Generator 1]
Version=4.00
Precision=1
Framesize=256
FramesizeOut0=0
RCFlagOut0=0
DTFlagOut0=0
SampFreqOut0=0.0
_Amplitude=1.0
_MinFrequency=0.0
_MaxFrequency=4000.0
_StepSize=20000
_PhaseOffset=0.0
_DCOffset=0.0
_ofFrames=0
_SampleRate=8000.0

[Biquad 1]
Version=4.00
Precision=-1
Framesize=0
FramesizeIn0=0
RCFlagIn0=0
DTFlagIn0=0
SampFreqIn0=0.0
FramesizeOut0=0
RCFlagOut0=0
DTFlagOut0=0
SampFreqOut0=0.0
_b0=1.0
_b1=2.0
_b2=1.0
_a0=1.0
_a1=-1.4996000528
_a2=0.8482000232
NumLocalElements0=10

[Biquad 2]
Version=4.00
Precision=-1
Framesize=0
FramesizeIn0=0
RCFlagIn0=0
DTFlagIn0=0
SampFreqIn0=0.0
FramesizeOut0=0
RCFlagOut0=0
DTFlagOut0=0
SampFreqOut0=0.0
_b0=1.0
_b1=2.0
_b2=1.0
_a0=1.0
_a1=-1.5548000336
_a2=0.6492999792
NumLocalElements0=10

[Gain 1]
Version=4.00
Precision=-1
Framesize=0
FramesizeIn0=0
RCFlagIn0=0
DTFlagIn0=0
SampFreqIn0=0.0
FramesizeOut0=0
RCFlagOut0=0
DTFlagOut0=0
SampFreqOut0=0.0
_Gain=0.001836

[FFT 1]
Version=4.00
Precision=-1
Framesize=0
FramesizeIn0=0
RCFlagIn0=0
DTFlagIn0=0
SampFreqIn0=0.0
FramesizeOut0=0
RCFlagOut0=0
DTFlagOut0=0
SampFreqOut0=0.0
_FFTOrder=9
NumLocalElements0=0
NumLocalElements1=0

[Magnitude 1]
Version=4.00
Precision=-1
Framesize=0
FramesizeIn0=0
RCFlagIn0=0
DTFlagIn0=0
SampFreqIn0=0.0
FramesizeOut0=0
RCFlagOut0=0
DTFlagOut0=0
SampFreqOut0=0.0

[Single Channel Display 1]
Version=4.00
Precision=-1
Framesize=44
FramesizeIn0=0
RCFlagIn0=0
DTFlagIn0=0
SampFreqIn0=0.0
Columns=4
ShowIndices=0
HTicks=10
VTicks=10
DigitPrecision=4
DecimalPrecision=2
Shadow=0
fUseSec=0
wfDense=20
Theta=45.0
Title0=
HLabel0=Samples
VLabel0=Amplitude
BackGroundColor0=0
GridColor0=6
WaveColor0=12
ScaleColor0=6
XAmp0.Min=0.0
XAmp0.Max=257.0
XAmp0.UserScale=1.0
XAmp0.StrLabelMin=
XAmp0.StrLabelMax=
XAmp0.PercMin=50.0
XAmp0.PercMax=50.0
XAmp0.PercDev=5.0
XAmp0.fAutoMin=0
XAmp0.fAutoMax=0
XAmp0.RoundOff=10.0
XAmp0.Precision=0
XAmp0.Scaling=0
XAmp0.LogBase=10.0
XAmp0.LogFactor=1.0
YAmp0.Min=0.0
YAmp0.Max=100.0
YAmp0.UserScale=1.0
YAmp0.StrLabelMin=
YAmp0.StrLabelMax=
YAmp0.PercMin=90.0
YAmp0.PercMax=90.0
YAmp0.PercDev=5.0
YAmp0.fAutoMin=0
YAmp0.fAutoMax=0
YAmp0.RoundOff=0.1
YAmp0.Precision=0
YAmp0.Scaling=0
YAmp0.LogBase=10.0
YAmp0.LogFactor=1.0
XAmpSec0.Min=-1000.0
XAmpSec0.Max=1000.0
XAmpSec0.PercMin=50.0
XAmpSec0.PercMax=50.0
XAmpSec0.PercDev=5.0
XAmpSec0.fAutoMin=1
XAmpSec0.fAutoMax=1
XAmpSec0.Precision=0
XAmpSec0.Scaling=0
XAmpSec0.LogBase=10.0
XAmpSec0.LogFactor=1.0
YAmpSec0.Min=-1000.0
YAmpSec0.Max=1000.0
YAmpSec0.PercMin=50.0
YAmpSec0.PercMax=50.0
YAmpSec0.PercDev=5.0
YAmpSec0.fAutoMin=1
YAmpSec0.fAutoMax=1
YAmpSec0.Precision=0
YAmpSec0.Scaling=0
YAmpSec0.LogBase=10.0
YAmpSec0.LogFactor=1.0
TracePause0=1
fOverWrite0=0
Mode0=0
DrawMode0=0
DisplayMode0=5
Shape0=0
ShapeColor0=10
ShowLabels0=0
fLineRemoval0=1
fMesh0=0
sfOverWrite=0
ShowLabels=0
AutoSize=1
FrameOffset=0

[Biquad 10]
Version=4.00
Precision=-1
Framesize=0
FramesizeIn0=0
RCFlagIn0=0
DTFlagIn0=0
SampFreqIn0=0.0
FramesizeOut0=0
RCFlagOut0=0
DTFlagOut0=0
SampFreqOut0=0.0
_b0=1.0
_b1=1.0
_b2=0.0
_a0=1.0
_a1=-0.6830000281
_a2=0.0
NumLocalElements0=10

[Biquad 11]
Version=4.00
Precision=-1
Framesize=0
FramesizeIn0=0
RCFlagIn0=0
DTFlagIn0=0
SampFreqIn0=0.0
FramesizeOut0=0
RCFlagOut0=0
DTFlagOut0=0
SampFreqOut0=0.0
_b0=1.0
_b1=-1.0166000128
_b2=1.0
_a0=1.0
_a1=-1.4460999966
_a2=0.7957000136
NumLocalElements0=10

[Gain 2]
Version=4.00
Precision=-1
Framesize=0
FramesizeIn0=0
RCFlagIn0=0
DTFlagIn0=0
SampFreqIn0=0.0
FramesizeOut0=0
RCFlagOut0=0
DTFlagOut0=0
SampFreqOut0=0.0
_Gain=0.05634

[FFT 9]
Version=4.00
Precision=-1
Framesize=0
FramesizeIn0=0
RCFlagIn0=0
DTFlagIn0=0
SampFreqIn0=0.0
FramesizeOut0=0
RCFlagOut0=0
DTFlagOut0=0
SampFreqOut0=0.0
_FFTOrder=9
NumLocalElements0=0
NumLocalElements1=0

[Magnitude 9]
Version=4.00
Precision=-1
Framesize=0
FramesizeIn0=0
RCFlagIn0=0
DTFlagIn0=0
SampFreqIn0=0.0
FramesizeOut0=0
RCFlagOut0=0
DTFlagOut0=0
SampFreqOut0=0.0

[Single Channel Display 10]
Version=4.00
Precision=-1
Framesize=44
FramesizeIn0=0
RCFlagIn0=0
DTFlagIn0=0
SampFreqIn0=0.0
Columns=4
ShowIndices=0
HTicks=10
VTicks=10
DigitPrecision=4
DecimalPrecision=2
Shadow=0
fUseSec=0
wfDense=20
Theta=45.0
Title0=
HLabel0=Samples
VLabel0=Amplitude
BackGroundColor0=0
GridColor0=6
WaveColor0=7
ScaleColor0=6
XAmp0.Min=0.0
XAmp0.Max=257.0
XAmp0.UserScale=1.0
XAmp0.StrLabelMin=
XAmp0.StrLabelMax=
XAmp0.PercMin=50.0
XAmp0.PercMax=50.0
XAmp0.PercDev=5.0
XAmp0.fAutoMin=0
XAmp0.fAutoMax=0
XAmp0.RoundOff=10.0
XAmp0.Precision=0
XAmp0.Scaling=0
XAmp0.LogBase=10.0
XAmp0.LogFactor=1.0
YAmp0.Min=0.0
YAmp0.Max=100.0
YAmp0.UserScale=1.0
YAmp0.StrLabelMin=
YAmp0.StrLabelMax=
YAmp0.PercMin=90.0
YAmp0.PercMax=90.0
YAmp0.PercDev=5.0
YAmp0.fAutoMin=0
YAmp0.fAutoMax=0
YAmp0.RoundOff=0.1
YAmp0.Precision=0
YAmp0.Scaling=0
YAmp0.LogBase=10.0
YAmp0.LogFactor=1.0
XAmpSec0.Min=-1000.0
XAmpSec0.Max=1000.0
XAmpSec0.PercMin=50.0
XAmpSec0.PercMax=50.0
XAmpSec0.PercDev=5.0
XAmpSec0.fAutoMin=1
XAmpSec0.fAutoMax=1
XAmpSec0.Precision=0
XAmpSec0.Scaling=0
XAmpSec0.LogBase=10.0
XAmpSec0.LogFactor=1.0
YAmpSec0.Min=-1000.0
YAmpSec0.Max=1000.0
YAmpSec0.PercMin=50.0
YAmpSec0.PercMax=50.0
YAmpSec0.PercDev=5.0
YAmpSec0.fAutoMin=1
YAmpSec0.fAutoMax=1
YAmpSec0.Precision=0
YAmpSec0.Scaling=0
YAmpSec0.LogBase=10.0
YAmpSec0.LogFactor=1.0
TracePause0=1
fOverWrite0=0
Mode0=0
DrawMode0=0
DisplayMode0=0
Shape0=0
ShapeColor0=10
ShowLabels0=0
fLineRemoval0=1
fMesh0=0
sfOverWrite=0
ShowLabels=0
AutoSize=1
FrameOffset=0

[Biquad 12]
Version=4.00
Precision=-1
Framesize=0
FramesizeIn0=0
RCFlagIn0=0
DTFlagIn0=0
SampFreqIn0=0.0
FramesizeOut0=0
RCFlagOut0=0
DTFlagOut0=0
SampFreqOut0=0.0
_b0=1.0
_b1=-2.0
_b2=1.0
_a0=1.0
_a1=1.0415999889
_a2=0.4018999934
NumLocalElements0=10

[Biquad 13]
Version=4.00
Precision=-1
Framesize=0
FramesizeIn0=0
RCFlagIn0=0
DTFlagIn0=0
SampFreqIn0=0.0
FramesizeOut0=0
RCFlagOut0=0
DTFlagOut0=0
SampFreqOut0=0.0
_b0=1.0
_b1=-2.0
_b2=1.0
_a0=1.0
_a1=0.5561000109
_a2=0.7646999955
NumLocalElements0=10

[Gain 3]
Version=4.00
Precision=-1
Framesize=0
FramesizeIn0=0
RCFlagIn0=0
DTFlagIn0=0
SampFreqIn0=0.0
FramesizeOut0=0
RCFlagOut0=0
DTFlagOut0=0
SampFreqOut0=0.0
_Gain=0.02426

[FFT 10]
Version=4.00
Precision=-1
Framesize=0
FramesizeIn0=0
RCFlagIn0=0
DTFlagIn0=0
SampFreqIn0=0.0
FramesizeOut0=0
RCFlagOut0=0
DTFlagOut0=0
SampFreqOut0=0.0
_FFTOrder=9
NumLocalElements0=0
NumLocalElements1=0

[Magnitude 10]
Version=4.00
Precision=-1
Framesize=0
FramesizeIn0=0
RCFlagIn0=0
DTFlagIn0=0
SampFreqIn0=0.0
FramesizeOut0=0
RCFlagOut0=0
DTFlagOut0=0
SampFreqOut0=0.0

[Single Channel Display 11]
Version=4.00
Precision=-1
Framesize=44
FramesizeIn0=0
RCFlagIn0=0
DTFlagIn0=0
SampFreqIn0=0.0
Columns=4
ShowIndices=0
HTicks=10
VTicks=10
DigitPrecision=4
DecimalPrecision=2
Shadow=0
fUseSec=0
wfDense=20
Theta=45.0
Title0=
HLabel0=Samples
VLabel0=Amplitude
BackGroundColor0=0
GridColor0=6
WaveColor0=2
ScaleColor0=6
XAmp0.Min=0.0
XAmp0.Max=257.0
XAmp0.UserScale=1.0
XAmp0.StrLabelMin=
XAmp0.StrLabelMax=
XAmp0.PercMin=50.0
XAmp0.PercMax=50.0
XAmp0.PercDev=5.0
XAmp0.fAutoMin=0
XAmp0.fAutoMax=0
XAmp0.RoundOff=10.0
XAmp0.Precision=0
XAmp0.Scaling=0
XAmp0.LogBase=10.0
XAmp0.LogFactor=1.0
YAmp0.Min=0.0
YAmp0.Max=100.0
YAmp0.UserScale=1.0
YAmp0.StrLabelMin=
YAmp0.StrLabelMax=
YAmp0.PercMin=90.0
YAmp0.PercMax=90.0
YAmp0.PercDev=5.0
YAmp0.fAutoMin=0
YAmp0.fAutoMax=0
YAmp0.RoundOff=0.1
YAmp0.Precision=0
YAmp0.Scaling=0
YAmp0.LogBase=10.0
YAmp0.LogFactor=1.0
XAmpSec0.Min=-1000.0
XAmpSec0.Max=1000.0
XAmpSec0.PercMin=50.0
XAmpSec0.PercMax=50.0
XAmpSec0.PercDev=5.0
XAmpSec0.fAutoMin=1
XAmpSec0.fAutoMax=1
XAmpSec0.Precision=0
XAmpSec0.Scaling=0
XAmpSec0.LogBase=10.0
XAmpSec0.LogFactor=1.0
YAmpSec0.Min=-1000.0
YAmpSec0.Max=1000.0
YAmpSec0.PercMin=50.0
YAmpSec0.PercMax=50.0
YAmpSec0.PercDev=5.0
YAmpSec0.fAutoMin=1
YAmpSec0.fAutoMax=1
YAmpSec0.Precision=0
YAmpSec0.Scaling=0
YAmpSec0.LogBase=10.0
YAmpSec0.LogFactor=1.0
TracePause0=1
fOverWrite0=0
Mode0=0
DrawMode0=0
DisplayMode0=0
Shape0=0
ShapeColor0=10
ShowLabels0=0
fLineRemoval0=1
fMesh0=0
sfOverWrite=0
ShowLabels=0
AutoSize=1
FrameOffset=0

[Biquad 14]
Version=4.00
Precision=-1
Framesize=0
FramesizeIn0=0
RCFlagIn0=0
DTFlagIn0=0
SampFreqIn0=0.0
FramesizeOut0=0
RCFlagOut0=0
DTFlagOut0=0
SampFreqOut0=0.0
_b0=1.0
_b1=2.0
_b2=1.0
_a0=1.0
_a1=-1.268599987
_a2=0.7050999999
NumLocalElements0=10

[Biquad 15]
Version=4.00
Precision=-1
Framesize=0
FramesizeIn0=0
RCFlagIn0=0
DTFlagIn0=0
SampFreqIn0=0.0
FramesizeOut0=0
RCFlagOut0=0
DTFlagOut0=0
SampFreqOut0=0.0
_b0=1.0
_b1=2.0
_b2=1.0
_a0=1.0
_a1=-1.0105999708
_a2=0.3583000004
NumLocalElements0=10

[Biquad 16]
Version=4.00
Precision=-1
Framesize=0
FramesizeIn0=0
RCFlagIn0=0
DTFlagIn0=0
SampFreqIn0=0.0
FramesizeOut0=0
RCFlagOut0=0
DTFlagOut0=0
SampFreqOut0=0.0
_b0=1.0
_b1=2.0
_b2=1.0
_a0=1.0
_a1=-0.904399991
_a2=0.2154999971
NumLocalElements0=10

[Gain 4]
Version=4.00
Precision=-1
Framesize=0
FramesizeIn0=0
RCFlagIn0=0
DTFlagIn0=0
SampFreqIn0=0.0
FramesizeOut0=0
RCFlagOut0=0
DTFlagOut0=0
SampFreqOut0=0.0
_Gain=7.378E-04

[FFT 11]
Version=4.00
Precision=-1
Framesize=0
FramesizeIn0=0
RCFlagIn0=0
DTFlagIn0=0
SampFreqIn0=0.0
FramesizeOut0=0
RCFlagOut0=0
DTFlagOut0=0
SampFreqOut0=0.0
_FFTOrder=9
NumLocalElements0=0
NumLocalElements1=0

[Magnitude 11]
Version=4.00
Precision=-1
Framesize=0
FramesizeIn0=0
RCFlagIn0=0
DTFlagIn0=0
SampFreqIn0=0.0
FramesizeOut0=0
RCFlagOut0=0
DTFlagOut0=0
SampFreqOut0=0.0

[Single Channel Display 12]
Version=4.00
Precision=-1
Framesize=44
FramesizeIn0=0
RCFlagIn0=0
DTFlagIn0=0
SampFreqIn0=0.0
Columns=4
ShowIndices=0
HTicks=10
VTicks=10
DigitPrecision=4
DecimalPrecision=2
Shadow=0
fUseSec=0
wfDense=20
Theta=45.0
Title0=
HLabel0=Samples
VLabel0=Amplitude
BackGroundColor0=0
GridColor0=6
WaveColor0=12
ScaleColor0=6
XAmp0.Min=0.0
XAmp0.Max=257.0
XAmp0.UserScale=1.0
XAmp0.StrLabelMin=
XAmp0.StrLabelMax=
XAmp0.PercMin=50.0
XAmp0.PercMax=50.0
XAmp0.PercDev=5.0
XAmp0.fAutoMin=0
XAmp0.fAutoMax=0
XAmp0.RoundOff=10.0
XAmp0.Precision=0
XAmp0.Scaling=0
XAmp0.LogBase=10.0
XAmp0.LogFactor=1.0
YAmp0.Min=0.0
YAmp0.Max=100.0
YAmp0.UserScale=1.0
YAmp0.StrLabelMin=
YAmp0.StrLabelMax=
YAmp0.PercMin=90.0
YAmp0.PercMax=90.0
YAmp0.PercDev=5.0
YAmp0.fAutoMin=0
YAmp0.fAutoMax=0
YAmp0.RoundOff=0.1
YAmp0.Precision=0
YAmp0.Scaling=0
YAmp0.LogBase=10.0
YAmp0.LogFactor=1.0
XAmpSec0.Min=-1000.0
XAmpSec0.Max=1000.0
XAmpSec0.PercMin=50.0
XAmpSec0.PercMax=50.0
XAmpSec0.PercDev=5.0
XAmpSec0.fAutoMin=1
XAmpSec0.fAutoMax=1
XAmpSec0.Precision=0
XAmpSec0.Scaling=0
XAmpSec0.LogBase=10.0
XAmpSec0.LogFactor=1.0
YAmpSec0.Min=-1000.0
YAmpSec0.Max=1000.0
YAmpSec0.PercMin=50.0
YAmpSec0.PercMax=50.0
YAmpSec0.PercDev=5.0
YAmpSec0.fAutoMin=1
YAmpSec0.fAutoMax=1
YAmpSec0.Precision=0
YAmpSec0.Scaling=0
YAmpSec0.LogBase=10.0
YAmpSec0.LogFactor=1.0
TracePause0=1
fOverWrite0=0
Mode0=0
DrawMode0=0
DisplayMode0=5
Shape0=0
ShapeColor0=10
ShowLabels0=0
fLineRemoval0=1
fMesh0=0
sfOverWrite=0
ShowLabels=0
AutoSize=1
FrameOffset=0

