[Block Diagram Listing]
Header=Hypersignal for Windows Block Diagram Application, Block Listing
Version=4.00
Block Count=6
Horizontal Scroll Position=0
Vertical Scroll Position=0
Manual Compile=0
Block Library1=Simulation Library
Block Name1=Constant Generator 1
DLL Name1=CONST.DLL
Block Label1=Unit Step Generator
Block Label Font1=-13,0,0,0,700,0,0,0,0,1,2,1,34,MS Sans Serif
Block Type1=2
Block Class1=0
Layer1=-1
Position1=64,160,96,192
Input Count1=0
Output Count1=1
Parameter Count1=0
Block Library2=Simulation Library
Block Name2=Subtract 1
DLL Name2=SUB.DLL
Block Label2=Subtract
Block Type2=2
Block Class2=0
Layer2=-1
Position2=160,224,192,256
Input Count2=2
Output Count2=1
Parameter Count2=0
Block2,Input Channel 0=Constant Generator 1,Output Channel 0
Block2,Input Channel 1=Hierarchy Biquad1 1,Output Channel 0
Block Library3=Simulation Library
Block Name3=Hierarchy Biquad1 1
DLL Name3=biquad1.lss
Block Label3=Hierarchy Biquad
Block Type3=320
Block Class3=3
Layer3=-1
Position3=256,128,288,160
Input Count3=1
Output Count3=1
Parameter Count3=0
Loop Count3=1
Block3,Input Channel 0=Subtract 1,Output Channel 0
Block Library4=Simulation Library
Block Name4=Buffer 1
DLL Name4=BUFFER.DLL
Block Label4=Buffer
Block Type4=2
Block Class4=0
Layer4=-1
Position4=352,128,384,160
Input Count4=1
Output Count4=1
Parameter Count4=0
Block4,Input Channel 0=Hierarchy Biquad1 1,Output Channel 0
Block Library5=Simulation Library
Block Name5=Text Display 1
DLL Name5=TEXTDISP.DLL
Block Label5=Text Display for Unit Step Response
Block Label Color5=255,255,0
Block Label Font5=-17,0,0,0,700,0,0,0,0,1,2,1,34,MS Sans Serif
Block Type5=8
Block Class5=0
Layer5=-1
Position5=448,256,736,416
Input Count5=1
Output Count5=0
Parameter Count5=0
Block5,Input Channel 0=Buffer 1,Output Channel 0
Block Library6=Simulation Library
Block Name6=Single Channel Display 1
DLL Name6=SCD.DLL
Block Label6=Unit Step Response
Block Label Color6=255,255,0
Block Label Font6=-17,0,0,0,700,0,0,0,0,1,2,1,34,MS Sans Serif
Block Type6=8
Block Class6=0
Layer6=-1
Position6=448,64,736,224
Input Count6=1
Output Count6=0
Parameter Count6=0
Block6,Input Channel 0=Buffer 1,Output Channel 0

[Variables]
Num=2
Var1=Framesize
Value1=256
Var2=Sample Rate
Value2=8000.0

[Environment]
Undo Buffer Size=30

[Text Boxes]
Count=3
Text1=Closed  Loop Unit Step Response Using Hierarchy
Position1=114,12
ColorR1=255
ColorG1=255
ColorB1=0
Font1=-20,0,0,0,700,1,0,0,0,1,2,1,34,MS Sans Serif
Text2=Press reset while running to restart unit step function
Position2=190,39
ColorR2=255
ColorG2=0
ColorB2=0
Font2=-13,0,0,0,700,0,0,0,0,1,2,1,34,MS Sans Serif
Text3=Please note that this demo contains a limited block|function library -- contact Hyperception for information|on the complete production library function list.
Position3=7,381
ColorR3=255
ColorG3=255
ColorB3=0
Font3=-11,0,0,0,400,0,0,0,0,1,2,1,34,MS Sans Serif

[Layers]
Current Layer=-1
Mode=1
Num=1

[Constant Generator 1]
Version=4.00
Precision=1
Framesize=1
FramesizeOut0=0
RCFlagOut0=0
DTFlagOut0=0
SampFreqOut0=0.0
_Amplitude=1.0
_ofFrames=0
_SampleRate=8000.0

[Subtract 1]
Version=4.00
Precision=-1
Framesize=0
FramesizeIn0=0
RCFlagIn0=0
DTFlagIn0=0
SampFreqIn0=0.0
FramesizeIn1=0
RCFlagIn1=0
DTFlagIn1=0
SampFreqIn1=0.0
FramesizeOut0=0
RCFlagOut0=0
DTFlagOut0=0
SampFreqOut0=0.0
_OverflowHandling=301
_SmallFramesize=304
_FramesizeWarning=307

[Hierarchy Biquad1 1]
Hierarchy=1
Block Library=Simulation Library
Block Name=Hierarchy Biquad1 1
FramesizeIn0=1
RCFlagIn0=0
DTFlagIn0=1
SampFreqIn0=8000.0
FramesizeOut0=1
RCFlagOut0=0
DTFlagOut0=1
SampFreqOut0=8000.0

[Hierarchy Biquad1 1\Gain 1]
Version=4.00
Precision=-1
Framesize=0
FramesizeIn0=0
RCFlagIn0=0
DTFlagIn0=0
SampFreqIn0=0.0
FramesizeOut0=0
RCFlagOut0=0
DTFlagOut0=0
SampFreqOut0=0.0
_Gain=0.368

[Hierarchy Biquad1 1\Five Input Add 1]
Version=
Precision=-1
Framesize=0
FramesizeIn0=0
RCFlagIn0=0
DTFlagIn0=0
SampFreqIn0=0.0
FramesizeIn1=0
RCFlagIn1=0
DTFlagIn1=0
SampFreqIn1=0.0
FramesizeIn2=0
RCFlagIn2=0
DTFlagIn2=0
SampFreqIn2=0.0
FramesizeIn3=0
RCFlagIn3=0
DTFlagIn3=0
SampFreqIn3=0.0
FramesizeIn4=0
RCFlagIn4=0
DTFlagIn4=0
SampFreqIn4=0.0
FramesizeOut0=0
RCFlagOut0=0
DTFlagOut0=0
SampFreqOut0=0.0

[Hierarchy Biquad1 1\Delay 1]
Version=2.01
Precision=-1
Framesize=0
FramesizeIn0=0
RCFlagIn0=0
DTFlagIn0=0
SampFreqIn0=0.0
FramesizeOut0=0
RCFlagOut0=0
DTFlagOut0=0
SampFreqOut0=0.0
_DelaySamples=1
NumLocalElements0=1000

[Hierarchy Biquad1 1\Gain 2]
Version=4.00
Precision=-1
Framesize=0
FramesizeIn0=0
RCFlagIn0=0
DTFlagIn0=0
SampFreqIn0=0.0
FramesizeOut0=0
RCFlagOut0=0
DTFlagOut0=0
SampFreqOut0=0.0
_Gain=0.264

[Hierarchy Biquad1 1\Gain 3]
Version=4.00
Precision=-1
Framesize=0
FramesizeIn0=0
RCFlagIn0=0
DTFlagIn0=0
SampFreqIn0=0.0
FramesizeOut0=0
RCFlagOut0=0
DTFlagOut0=0
SampFreqOut0=0.0
_Gain=0.0

[Hierarchy Biquad1 1\Gain 4]
Version=4.00
Precision=-1
Framesize=0
FramesizeIn0=0
RCFlagIn0=0
DTFlagIn0=0
SampFreqIn0=0.0
FramesizeOut0=0
RCFlagOut0=0
DTFlagOut0=0
SampFreqOut0=0.0
_Gain=1.368

[Hierarchy Biquad1 1\Gain 5]
Version=4.00
Precision=-1
Framesize=0
FramesizeIn0=0
RCFlagIn0=0
DTFlagIn0=0
SampFreqIn0=0.0
FramesizeOut0=0
RCFlagOut0=0
DTFlagOut0=0
SampFreqOut0=0.0
_Gain=-0.368

[Hierarchy Biquad1 1\Delay 2]
Version=2.01
Precision=-1
Framesize=0
FramesizeIn0=0
RCFlagIn0=0
DTFlagIn0=0
SampFreqIn0=0.0
FramesizeOut0=0
RCFlagOut0=0
DTFlagOut0=0
SampFreqOut0=0.0
_DelaySamples=1
NumLocalElements0=1000

[Hierarchy Biquad1 1\Delay 3]
Version=2.01
Precision=-1
Framesize=0
FramesizeIn0=0
RCFlagIn0=0
DTFlagIn0=0
SampFreqIn0=0.0
FramesizeOut0=0
RCFlagOut0=0
DTFlagOut0=0
SampFreqOut0=0.0
_DelaySamples=1
NumLocalElements0=1000

[Buffer 1]
Version=2.01
Precision=-1
Framesize=0
FramesizeIn0=0
RCFlagIn0=0
DTFlagIn0=0
SampFreqIn0=0.0
FramesizeOut0=0
RCFlagOut0=0
DTFlagOut0=0
SampFreqOut0=0.0
_BufferSize=20
NumLocalElements0=1000

[Text Display 1]
Version=4.00
Precision=0
Framesize=100
FramesizeIn0=0
RCFlagIn0=0
DTFlagIn0=0
SampFreqIn0=0.0
BackGroundColor=0
WaveColor=7
ScaleColor=6
DisplayMode=0
HexPrefix=1
Columns=2
DigitPrecision=4
DecimalPrecision=2
ShowIndices=0
AutoSize=1
FrameOffset=0

[Single Channel Display 1]
Version=4.00
Precision=-1
Framesize=100
FramesizeIn0=0
RCFlagIn0=0
DTFlagIn0=0
SampFreqIn0=0.0
Columns=4
ShowIndices=0
HTicks=10
VTicks=10
DigitPrecision=4
DecimalPrecision=2
Shadow=0
fUseSec=0
wfDense=256
Theta=30.0
Title0=Default Graph Title 0
HLabel0=Samples
VLabel0=Amplitude
BackGroundColor0=0
GridColor0=6
WaveColor0=2
ScaleColor0=6
XAmp0.Min=0.0
XAmp0.Max=20.0
XAmp0.UserScale=1.0
XAmp0.StrLabelMin=
XAmp0.StrLabelMax=
XAmp0.PercMin=50.0
XAmp0.PercMax=50.0
XAmp0.PercDev=5.0
XAmp0.fAutoMin=0
XAmp0.fAutoMax=0
XAmp0.RoundOff=10.0
XAmp0.Precision=0
XAmp0.Scaling=0
XAmp0.LogBase=10.0
XAmp0.LogFactor=1.0
YAmp0.Min=0.0
YAmp0.Max=1.5
YAmp0.UserScale=1.0
YAmp0.StrLabelMin=
YAmp0.StrLabelMax=
YAmp0.PercMin=50.0
YAmp0.PercMax=50.0
YAmp0.PercDev=5.0
YAmp0.fAutoMin=0
YAmp0.fAutoMax=0
YAmp0.RoundOff=10.0
YAmp0.Precision=0
YAmp0.Scaling=0
YAmp0.LogBase=10.0
YAmp0.LogFactor=1.0
XAmpSec0.Min=-1000.0
XAmpSec0.Max=1000.0
XAmpSec0.PercMin=50.0
XAmpSec0.PercMax=50.0
XAmpSec0.PercDev=5.0
XAmpSec0.fAutoMin=1
XAmpSec0.fAutoMax=1
XAmpSec0.Precision=0
XAmpSec0.Scaling=0
XAmpSec0.LogBase=10.0
XAmpSec0.LogFactor=1.0
YAmpSec0.Min=-1000.0
YAmpSec0.Max=1000.0
YAmpSec0.PercMin=50.0
YAmpSec0.PercMax=50.0
YAmpSec0.PercDev=5.0
YAmpSec0.fAutoMin=1
YAmpSec0.fAutoMax=1
YAmpSec0.Precision=0
YAmpSec0.Scaling=0
YAmpSec0.LogBase=10.0
YAmpSec0.LogFactor=1.0
TracePause0=1
fOverWrite0=0
Mode0=0
DrawMode0=0
DisplayMode0=5
Shape0=0
ShapeColor0=7
ShowLabels0=0
fLineRemoval0=1
fMesh0=0
sfOverWrite=0
ShowLabels=0
AutoSize=1
FrameOffset=0

