[Block Diagram Listing]
Header=Hypersignal for Windows Block Diagram Application, Block Listing
Version=4.00
Block Count=11
Horizontal Scroll Position=0
Vertical Scroll Position=0
Manual Compile=0
Block Library1=Simulation Library
Block Name1=Cosine Generator 1
DLL Name1=COSINE.DLL
Block Label1=42 KHz Cosine
Block Label Color1=255,255,0
Block Label Font1=-11,0,0,0,700,0,0,0,0,1,2,1,34,MS Sans Serif
Block Type1=2
Block Class1=0
Position1=160,224,192,256
Input Count1=0
Output Count1=1
Parameter Count1=0
Block Library2=Simulation Library
Block Name2=Sine Generator 1
DLL Name2=SINE.DLL
Block Label2=10 KHz Sine
Block Label Color2=255,255,0
Block Label Font2=-11,0,0,0,700,0,0,0,0,1,2,1,34,MS Sans Serif
Block Type2=1
Block Class2=0
Position2=64,192,96,224
Input Count2=0
Output Count2=1
Parameter Count2=0
Block Library3=Simulation Library
Block Name3=Multiply 1
DLL Name3=MULT.DLL
Block Type3=2
Block Class3=0
Position3=224,96,256,128
Input Count3=2
Output Count3=1
Parameter Count3=0
Block3,Input Channel 0=Sine Generator 1,Output Channel 0
Block3,Input Channel 1=Cosine Generator 1,Output Channel 0
Block Library4=Simulation Library
Block Name4=FFT 1
DLL Name4=FFT.DLL
Block Type4=2
Block Class4=0
Position4=288,96,320,128
Input Count4=1
Output Count4=1
Parameter Count4=0
Block4,Input Channel 0=Multiply 1,Output Channel 0
Block Library5=Simulation Library
Block Name5=FFT 2
DLL Name5=FFT.DLL
Block Type5=2
Block Class5=0
Position5=288,224,320,256
Input Count5=1
Output Count5=1
Parameter Count5=0
Block5,Input Channel 0=Cosine Generator 1,Output Channel 0
Block Library6=Simulation Library
Block Name6=FFT 3
DLL Name6=FFT.DLL
Block Type6=2
Block Class6=0
Position6=288,320,320,352
Input Count6=1
Output Count6=1
Parameter Count6=0
Block6,Input Channel 0=Sine Generator 1,Output Channel 0
Block Library7=Simulation Library
Block Name7=Magnitude 1
DLL Name7=MAG.DLL
Block Type7=2
Block Class7=0
Position7=384,96,416,128
Input Count7=1
Output Count7=1
Parameter Count7=0
Block7,Input Channel 0=FFT 1,Output Channel 0
Block Library8=Simulation Library
Block Name8=Magnitude 2
DLL Name8=MAG.DLL
Block Type8=2
Block Class8=0
Position8=384,256,416,288
Input Count8=1
Output Count8=1
Parameter Count8=0
Block8,Input Channel 0=FFT 2,Output Channel 0
Block Library9=Simulation Library
Block Name9=Magnitude 3
DLL Name9=MAG.DLL
Block Type9=2
Block Class9=0
Position9=384,352,416,384
Input Count9=1
Output Count9=1
Parameter Count9=0
Block9,Input Channel 0=FFT 3,Output Channel 0
Block Library10=Simulation Library
Block Name10=Single Channel Display 1
DLL Name10=SCD.DLL
Block Label10=Freq. Domain for Modulated Signal
Block Label Color10=255,255,0
Block Label Font10=-13,0,0,0,700,0,0,0,0,1,2,1,34,MS Sans Serif
Block Type10=8
Block Class10=0
Position10=480,0,736,192
Input Count10=1
Output Count10=0
Parameter Count10=0
Block10,Input Channel 0=Magnitude 1,Output Channel 0
Block Library11=Simulation Library
Block Name11=2-Channel Display 1
DLL Name11=DCD.DLL
Block Label11=Individual Frequencies for waveforms
Block Label Color11=255,255,0
Block Label Font11=-13,0,0,0,700,0,0,0,0,1,2,1,34,MS Sans Serif
Block Type11=8
Block Class11=0
Position11=480,224,736,416
Input Count11=2
Output Count11=0
Parameter Count11=0
Block11,Input Channel 0=Magnitude 2,Output Channel 0
Block11,Input Channel 1=Magnitude 3,Output Channel 0

[Variables]
Num=0

[Environment]
Undo Buffer Size=30

[Text Boxes]
Count=1
Text1=Heterodyning a 10 KHz sine with a 42 KHz Cosine
Position1=51,39
ColorR1=0
ColorG1=255
ColorB1=255
Font1=-16,0,0,0,700,1,0,0,0,1,2,1,34,MS Sans Serif

[Cosine Generator 1]
Version=4.00
Precision=1
Framesize=512
FramesizeOut0=512
RCFlagOut0=0
DTFlagOut0=1
SampFreqOut0=200000.0
_Amplitude=100.0
_Frequency=42000.0
_PhaseOffset=0.0
_DCOffset=0.0
_ofFrames=0
_SampleRate=200000.0

[Sine Generator 1]
Version=4.00
Precision=1
Framesize=512
FramesizeOut0=512
RCFlagOut0=0
DTFlagOut0=1
SampFreqOut0=200000.0
_Amplitude=100.0
_Frequency=10000.0
_PhaseOffset=0.0
_DCOffset=0.0
_ofFrames=0
_SampleRate=200000.0

[Multiply 1]
Version=4.00
Precision=-1
Framesize=512
FramesizeIn0=512
RCFlagIn0=0
DTFlagIn0=1
SampFreqIn0=200000.0
FramesizeIn1=512
RCFlagIn1=0
DTFlagIn1=1
SampFreqIn1=200000.0
FramesizeOut0=512
RCFlagOut0=0
DTFlagOut0=1
SampFreqOut0=200000.0
_SmallFramesize=302
_FramesizeWarning=305

[FFT 1]
Version=4.00
Precision=-1
Framesize=512
FramesizeIn0=512
RCFlagIn0=0
DTFlagIn0=1
SampFreqIn0=200000.0
FramesizeOut0=512
RCFlagOut0=1
DTFlagOut0=1
SampFreqOut0=200000.0
_FFTOrder=9
NumLocalElements0=1000
NumLocalElements1=1000

[FFT 2]
Version=4.00
Precision=-1
Framesize=512
FramesizeIn0=512
RCFlagIn0=0
DTFlagIn0=1
SampFreqIn0=200000.0
FramesizeOut0=512
RCFlagOut0=1
DTFlagOut0=1
SampFreqOut0=200000.0
_FFTOrder=9
NumLocalElements0=1000
NumLocalElements1=1000

[FFT 3]
Version=4.00
Precision=-1
Framesize=512
FramesizeIn0=512
RCFlagIn0=0
DTFlagIn0=1
SampFreqIn0=200000.0
FramesizeOut0=512
RCFlagOut0=1
DTFlagOut0=1
SampFreqOut0=200000.0
_FFTOrder=9
NumLocalElements0=1000
NumLocalElements1=1000

[Magnitude 1]
Version=4.00
Precision=-1
Framesize=257
FramesizeIn0=512
RCFlagIn0=1
DTFlagIn0=1
SampFreqIn0=200000.0
FramesizeOut0=257
RCFlagOut0=0
DTFlagOut0=1
SampFreqOut0=200000.0

[Magnitude 2]
Version=4.00
Precision=-1
Framesize=257
FramesizeIn0=512
RCFlagIn0=1
DTFlagIn0=1
SampFreqIn0=200000.0
FramesizeOut0=257
RCFlagOut0=0
DTFlagOut0=1
SampFreqOut0=200000.0

[Magnitude 3]
Version=4.00
Precision=-1
Framesize=257
FramesizeIn0=512
RCFlagIn0=1
DTFlagIn0=1
SampFreqIn0=200000.0
FramesizeOut0=257
RCFlagOut0=0
DTFlagOut0=1
SampFreqOut0=200000.0

[Single Channel Display 1]
Version=4.00
Precision=-1
Framesize=100
FramesizeIn0=257
RCFlagIn0=0
DTFlagIn0=1
SampFreqIn0=200000.0
Columns=4
ShowIndices=0
HTicks=10
VTicks=10
DigitPrecision=4
DecimalPrecision=2
Shadow=0
fUseSec=0
wfDense=256
Theta=30.0
Title0=Frequency Domain
HLabel0=Hz
VLabel0=Mag
BackGroundColor0=0
GridColor0=6
WaveColor0=12
ScaleColor0=6
XAmp0.Min=0.0
XAmp0.Max=100001.27
XAmp0.UserScale=389.11
XAmp0.StrLabelMin=
XAmp0.StrLabelMax=
XAmp0.PercMin=50.0
XAmp0.PercMax=50.0
XAmp0.PercDev=5.0
XAmp0.fAutoMin=0
XAmp0.fAutoMax=0
XAmp0.RoundOff=10.0
XAmp0.Precision=0
XAmp0.Scaling=0
XAmp0.LogBase=10.0
XAmp0.LogFactor=1.0
YAmp0.Min=0.0
YAmp0.Max=255300.0
YAmp0.UserScale=1.0
YAmp0.StrLabelMin=
YAmp0.StrLabelMax=
YAmp0.PercMin=50.0
YAmp0.PercMax=50.0
YAmp0.PercDev=5.0
YAmp0.fAutoMin=0
YAmp0.fAutoMax=1
YAmp0.RoundOff=10.0
YAmp0.Precision=0
YAmp0.Scaling=0
YAmp0.LogBase=10.0
YAmp0.LogFactor=1.0
XAmpSec0.Min=-1000.0
XAmpSec0.Max=1000.0
XAmpSec0.PercMin=50.0
XAmpSec0.PercMax=50.0
XAmpSec0.PercDev=5.0
XAmpSec0.fAutoMin=1
XAmpSec0.fAutoMax=1
XAmpSec0.Precision=0
XAmpSec0.Scaling=0
XAmpSec0.LogBase=10.0
XAmpSec0.LogFactor=1.0
YAmpSec0.Min=-1000.0
YAmpSec0.Max=1000.0
YAmpSec0.PercMin=50.0
YAmpSec0.PercMax=50.0
YAmpSec0.PercDev=5.0
YAmpSec0.fAutoMin=1
YAmpSec0.fAutoMax=1
YAmpSec0.Precision=0
YAmpSec0.Scaling=0
YAmpSec0.LogBase=10.0
YAmpSec0.LogFactor=1.0
TracePause0=1
fOverWrite0=0
Mode0=0
DrawMode0=0
DisplayMode0=5
Shape0=0
ShapeColor0=7
ShowLabels0=1
fLineRemoval0=1
fMesh0=0
sfOverWrite=0
ShowLabels=1
AutoSize=1
FrameOffset=0

[2-Channel Display 1]
Version=4.00
Precision=-1
Framesize=257
FramesizeIn0=257
RCFlagIn0=0
DTFlagIn0=1
SampFreqIn0=200000.0
FramesizeIn1=257
RCFlagIn1=0
DTFlagIn1=1
SampFreqIn1=200000.0
Channel=0
SeperateGrid=0
ShowLabels0=1
AutoSize0=1
Framesize0=100
FrameOffset0=0
sfOverWrite0=0
Columns=4
ShowIndices=0
HTicks=10
VTicks=10
DigitPrecision=4
DecimalPrecision=2
Shadow=0
fUseSec=0
wfDense=20
Theta=45.0
Title0=Frequency Domain
HLabel0=Hz
VLabel0=Mag
BackGroundColor0=0
GridColor0=6
WaveColor0=9
ScaleColor0=6
XAmp0.Min=0.0
XAmp0.Max=100001.27
XAmp0.UserScale=389.11
XAmp0.StrLabelMin=
XAmp0.StrLabelMax=
XAmp0.PercMin=50.0
XAmp0.PercMax=50.0
XAmp0.PercDev=5.0
XAmp0.fAutoMin=0
XAmp0.fAutoMax=0
XAmp0.RoundOff=10.0
XAmp0.Precision=0
XAmp0.Scaling=0
XAmp0.LogBase=10.0
XAmp0.LogFactor=1.0
YAmp0.Min=0.0
YAmp0.Max=1000.0
YAmp0.UserScale=1.0
YAmp0.StrLabelMin=
YAmp0.StrLabelMax=
YAmp0.PercMin=50.0
YAmp0.PercMax=50.0
YAmp0.PercDev=5.0
YAmp0.fAutoMin=0
YAmp0.fAutoMax=1
YAmp0.RoundOff=10.0
YAmp0.Precision=0
YAmp0.Scaling=0
YAmp0.LogBase=10.0
YAmp0.LogFactor=1.0
XAmpSec0.Min=-1000.0
XAmpSec0.Max=1000.0
XAmpSec0.PercMin=50.0
XAmpSec0.PercMax=50.0
XAmpSec0.PercDev=5.0
XAmpSec0.fAutoMin=1
XAmpSec0.fAutoMax=1
XAmpSec0.Precision=0
XAmpSec0.Scaling=0
XAmpSec0.LogBase=10.0
XAmpSec0.LogFactor=1.0
YAmpSec0.Min=-1000.0
YAmpSec0.Max=1000.0
YAmpSec0.PercMin=50.0
YAmpSec0.PercMax=50.0
YAmpSec0.PercDev=5.0
YAmpSec0.fAutoMin=1
YAmpSec0.fAutoMax=1
YAmpSec0.Precision=0
YAmpSec0.Scaling=0
YAmpSec0.LogBase=10.0
YAmpSec0.LogFactor=1.0
TracePause0=1
fOverWrite0=0
Mode0=0
DrawMode0=0
DisplayMode0=5
Shape0=0
ShapeColor0=7
fLineRemoval0=1
fMesh0=0
ShowLabels1=1
AutoSize1=1
Framesize1=100
FrameOffset1=0
sfOverWrite1=0
Title1=Frequency
HLabel1=Hz
VLabel1=Mag
BackGroundColor1=0
GridColor1=6
WaveColor1=7
ScaleColor1=6
XAmp1.Min=-1000.0
XAmp1.Max=1000.0
XAmp1.UserScale=778.215
XAmp1.StrLabelMin=
XAmp1.StrLabelMax=
XAmp1.PercMin=50.0
XAmp1.PercMax=50.0
XAmp1.PercDev=5.0
XAmp1.fAutoMin=0
XAmp1.fAutoMax=0
XAmp1.RoundOff=10.0
XAmp1.Precision=0
XAmp1.Scaling=0
XAmp1.LogBase=10.0
XAmp1.LogFactor=1.0
YAmp1.Min=-1000.0
YAmp1.Max=1000.0
YAmp1.UserScale=1.0
YAmp1.StrLabelMin=
YAmp1.StrLabelMax=
YAmp1.PercMin=50.0
YAmp1.PercMax=50.0
YAmp1.PercDev=5.0
YAmp1.fAutoMin=1
YAmp1.fAutoMax=1
YAmp1.RoundOff=10.0
YAmp1.Precision=0
YAmp1.Scaling=0
YAmp1.LogBase=10.0
YAmp1.LogFactor=1.0
XAmpSec1.Min=-1000.0
XAmpSec1.Max=1000.0
XAmpSec1.PercMin=50.0
XAmpSec1.PercMax=50.0
XAmpSec1.PercDev=5.0
XAmpSec1.fAutoMin=1
XAmpSec1.fAutoMax=1
XAmpSec1.Precision=0
XAmpSec1.Scaling=0
XAmpSec1.LogBase=10.0
XAmpSec1.LogFactor=1.0
YAmpSec1.Min=-1000.0
YAmpSec1.Max=1000.0
YAmpSec1.PercMin=50.0
YAmpSec1.PercMax=50.0
YAmpSec1.PercDev=5.0
YAmpSec1.fAutoMin=1
YAmpSec1.fAutoMax=1
YAmpSec1.Precision=0
YAmpSec1.Scaling=0
YAmpSec1.LogBase=10.0
YAmpSec1.LogFactor=1.0
TracePause1=1
fOverWrite1=0
Mode1=0
DrawMode1=0
DisplayMode1=5
Shape1=0
ShapeColor1=7
fLineRemoval1=1
fMesh1=0
