[Block Diagram Listing]
Header=Hypersignal for Windows Block Diagram Application, Block Listing
Version=4.00
Block Count=15
Horizontal Scroll Position=0
Vertical Scroll Position=0
Manual Compile=0
Block Library1=Simulation Library
Block Name1=Constant Generator 3
DLL Name1=CONST.DLL
Block Label1=Constant Generator 1
Block Type1=2
Block Class1=0
Layer1=-1
Position1=64,192,96,224
Input Count1=0
Output Count1=1
Parameter Count1=0
Block Library2=Simulation Library
Block Name2=Subtract 7
DLL Name2=SUB.DLL
Block Label2=Subtract 1
Block Type2=2
Block Class2=0
Layer2=-1
Position2=224,192,256,224
Input Count2=2
Output Count2=1
Parameter Count2=0
Block2,Input Channel 0=Constant Generator 3,Output Channel 0
Block2,Input Channel 1=Delay 34,Output Channel 0
Block Library3=Simulation Library
Block Name3=Delay 34
DLL Name3=DELAY.DLL
Block Label3=Delay 1
Block Type3=2
Block Class3=0
Layer3=-1
Position3=160,256,192,288
Input Count3=1
Output Count3=1
Parameter Count3=0
Block3,Input Channel 0=Constant Generator 3,Output Channel 0
Block Library4=Simulation Library
Block Name4=Delay 22
DLL Name4=DELAY.DLL
Block Label4=Delay 2
Block Type4=2
Block Class4=0
Layer4=-1
Position4=320,192,352,224
Input Count4=1
Output Count4=1
Parameter Count4=0
Block4,Input Channel 0=Subtract 7,Output Channel 0
Block Library5=Simulation Library
Block Name5=Add 3
DLL Name5=ADD.DLL
Block Label5=Add 1
Block Type5=2
Block Class5=0
Layer5=-1
Position5=384,256,416,288
Input Count5=2
Output Count5=1
Parameter Count5=0
Block5,Input Channel 0=Delay 22,Output Channel 0
Block5,Input Channel 1=Subtract 7,Output Channel 0
Block Library6=Simulation Library
Block Name6=Subtract 3
DLL Name6=SUB.DLL
Block Label6=Subtract 2
Block Type6=2
Block Class6=0
Layer6=-1
Position6=416,160,448,192
Input Count6=2
Output Count6=1
Parameter Count6=0
Block6,Input Channel 0=Subtract 7,Output Channel 0
Block6,Input Channel 1=Delay 22,Output Channel 0
Block Library7=Simulation Library
Block Name7=FFT 2
DLL Name7=FFT.DLL
Block Label7=FFT 1
Block Type7=2
Block Class7=0
Layer7=-1
Position7=480,32,512,64
Input Count7=1
Output Count7=1
Parameter Count7=0
Block7,Input Channel 0=Subtract 3,Output Channel 0
Block Library8=Simulation Library
Block Name8=FFT 3
DLL Name8=FFT.DLL
Block Label8=FFT 2
Block Type8=2
Block Class8=0
Layer8=-1
Position8=480,384,512,416
Input Count8=1
Output Count8=1
Parameter Count8=0
Block8,Input Channel 0=Add 3,Output Channel 0
Block Library9=Simulation Library
Block Name9=Magnitude 2
DLL Name9=MAG.DLL
Block Label9=Magnitude 1
Block Type9=2
Block Class9=0
Layer9=-1
Position9=544,32,576,64
Input Count9=1
Output Count9=1
Parameter Count9=0
Block9,Input Channel 0=FFT 2,Output Channel 0
Block Library10=Simulation Library
Block Name10=Magnitude 3
DLL Name10=MAG.DLL
Block Label10=Magnitude 2
Block Type10=2
Block Class10=0
Layer10=-1
Position10=544,384,576,416
Input Count10=1
Output Count10=1
Parameter Count10=0
Block10,Input Channel 0=FFT 3,Output Channel 0
Block Library11=Simulation Library
Block Name11=Single Channel Display 8
DLL Name11=SCD.DLL
Block Label11=Single Channel Display 1
Block Type11=8
Block Class11=0
Layer11=-1
Position11=704,0,928,96
Input Count11=1
Output Count11=0
Parameter Count11=0
Block11,Input Channel 0=Magnitude 2,Output Channel 0
Block Library12=Simulation Library
Block Name12=Subtract 4
DLL Name12=SUB.DLL
Block Label12=Subtract 3
Block Type12=2
Block Class12=0
Layer12=-1
Position12=640,192,672,224
Input Count12=2
Output Count12=1
Parameter Count12=0
Block12,Input Channel 0=Magnitude 2,Output Channel 0
Block12,Input Channel 1=Magnitude 3,Output Channel 0
Block Library13=Simulation Library
Block Name13=Single Channel Display 9
DLL Name13=SCD.DLL
Block Label13=Single Channel Display 2
Block Type13=8
Block Class13=0
Layer13=-1
Position13=704,128,928,320
Input Count13=1
Output Count13=0
Parameter Count13=0
Block13,Input Channel 0=Subtract 4,Output Channel 0
Block Library14=Simulation Library
Block Name14=Gain 1
DLL Name14=GAIN.DLL
Block Label14=Gain=-1.0
Block Type14=2
Block Class14=0
Layer14=-1
Position14=640,384,672,416
Input Count14=1
Output Count14=1
Parameter Count14=0
Block14,Input Channel 0=Magnitude 3,Output Channel 0
Block Library15=Simulation Library
Block Name15=Single Channel Display 10
DLL Name15=SCD.DLL
Block Label15=Single Channel Display 3
Block Type15=8
Block Class15=0
Layer15=-1
Position15=704,352,928,448
Input Count15=1
Output Count15=0
Parameter Count15=0
Block15,Input Channel 0=Gain 1,Output Channel 0

[Variables]
Num=2
Var1=Framesize
Value1=512
Var2=Sample Rate
Value2=8000.0

[Environment]
Undo Buffer Size=30

[Text Boxes]
Count=3
Text1=Note - All delay values set to 1
Position1=145,323
ColorR1=255
ColorG1=255
ColorB1=0
Font1=-17,0,0,0,700,0,0,0,0,1,2,1,34,MS Sans Serif
Text2=Frequency Response of |FM Discriminator
Position2=38,73
ColorR2=0
ColorG2=255
ColorB2=0
Font2=-31,0,0,0,700,0,0,0,0,3,2,1,34,Arial
Text3=Please note that this demo contains a limited block|function library -- contact Hyperception for information|on the complete production library function list.
Position3=5,5
ColorR3=255
ColorG3=255
ColorB3=0
Font3=-11,0,0,0,400,0,0,0,0,1,2,1,34,MS Sans Serif

[Layers]
Current Layer=-1
Mode=1
Num=1

[Constant Generator 3]
Version=4.00
Precision=1
Framesize=Framesize
FramesizeOut0=0
RCFlagOut0=0
DTFlagOut0=0
SampFreqOut0=0.0
_Amplitude=1.0
_ofFrames=1
_SampleRate=Sample Rate

[Subtract 7]
Version=4.00
Precision=1
Framesize=0
FramesizeIn0=0
RCFlagIn0=0
DTFlagIn0=0
SampFreqIn0=0.0
FramesizeIn1=0
RCFlagIn1=0
DTFlagIn1=0
SampFreqIn1=0.0
FramesizeOut0=0
RCFlagOut0=0
DTFlagOut0=0
SampFreqOut0=0.0
_OverflowHandling=301
_SmallFramesize=304
_FramesizeWarning=307

[Delay 34]
Version=2.01
Precision=-1
Framesize=0
FramesizeIn0=0
RCFlagIn0=0
DTFlagIn0=0
SampFreqIn0=0.0
FramesizeOut0=0
RCFlagOut0=0
DTFlagOut0=0
SampFreqOut0=0.0
_DelaySamples=1
NumLocalElements0=1000

[Delay 22]
Version=2.01
Precision=-1
Framesize=0
FramesizeIn0=0
RCFlagIn0=0
DTFlagIn0=0
SampFreqIn0=0.0
FramesizeOut0=0
RCFlagOut0=0
DTFlagOut0=0
SampFreqOut0=0.0
_DelaySamples=1
NumLocalElements0=1000

[Add 3]
Version=4.00
Precision=1
Framesize=0
FramesizeIn0=0
RCFlagIn0=0
DTFlagIn0=0
SampFreqIn0=0.0
FramesizeIn1=0
RCFlagIn1=0
DTFlagIn1=0
SampFreqIn1=0.0
FramesizeOut0=0
RCFlagOut0=0
DTFlagOut0=0
SampFreqOut0=0.0
_OverflowHandling=303
_SmallFramesize=306
_FramesizeWarning=309

[Subtract 3]
Version=4.00
Precision=1
Framesize=0
FramesizeIn0=0
RCFlagIn0=0
DTFlagIn0=0
SampFreqIn0=0.0
FramesizeIn1=0
RCFlagIn1=0
DTFlagIn1=0
SampFreqIn1=0.0
FramesizeOut0=0
RCFlagOut0=0
DTFlagOut0=0
SampFreqOut0=0.0
_OverflowHandling=301
_SmallFramesize=304
_FramesizeWarning=307

[FFT 2]
Version=4.00
Precision=-1
Framesize=0
FramesizeIn0=0
RCFlagIn0=0
DTFlagIn0=0
SampFreqIn0=0.0
FramesizeOut0=0
RCFlagOut0=0
DTFlagOut0=0
SampFreqOut0=0.0
_FFTOrder=9
NumLocalElements0=0
NumLocalElements1=0

[FFT 3]
Version=4.00
Precision=-1
Framesize=0
FramesizeIn0=0
RCFlagIn0=0
DTFlagIn0=0
SampFreqIn0=0.0
FramesizeOut0=0
RCFlagOut0=0
DTFlagOut0=0
SampFreqOut0=0.0
_FFTOrder=9
NumLocalElements0=0
NumLocalElements1=0

[Magnitude 2]
Version=4.00
Precision=-1
Framesize=0
FramesizeIn0=0
RCFlagIn0=0
DTFlagIn0=0
SampFreqIn0=0.0
FramesizeOut0=0
RCFlagOut0=0
DTFlagOut0=0
SampFreqOut0=0.0

[Magnitude 3]
Version=4.00
Precision=-1
Framesize=0
FramesizeIn0=0
RCFlagIn0=0
DTFlagIn0=0
SampFreqIn0=0.0
FramesizeOut0=0
RCFlagOut0=0
DTFlagOut0=0
SampFreqOut0=0.0

[Single Channel Display 8]
Version=4.00
Precision=-1
Framesize=512
FramesizeIn0=0
RCFlagIn0=0
DTFlagIn0=0
SampFreqIn0=0.0
Columns=4
ShowIndices=0
HTicks=1
VTicks=1
DigitPrecision=4
DecimalPrecision=2
Shadow=0
fUseSec=0
wfDense=40
Theta=60.0
Title0=Default Graph Title 0
HLabel0=Samples
VLabel0=Amplitude
BackGroundColor0=3
GridColor0=8
WaveColor0=12
ScaleColor0=6
XAmp0.Min=0.0
XAmp0.Max=257.0
XAmp0.UserScale=1.0
XAmp0.StrLabelMin=
XAmp0.StrLabelMax=
XAmp0.PercMin=50.0
XAmp0.PercMax=50.0
XAmp0.PercDev=5.0
XAmp0.fAutoMin=0
XAmp0.fAutoMax=0
XAmp0.RoundOff=10.0
XAmp0.Precision=0
XAmp0.Scaling=0
XAmp0.LogBase=10.0
XAmp0.LogFactor=1.0
YAmp0.Min=0.0
YAmp0.Max=2.0
YAmp0.UserScale=1.0
YAmp0.StrLabelMin=
YAmp0.StrLabelMax=
YAmp0.PercMin=50.0
YAmp0.PercMax=50.0
YAmp0.PercDev=5.0
YAmp0.fAutoMin=0
YAmp0.fAutoMax=0
YAmp0.RoundOff=1.0E-05
YAmp0.Precision=0
YAmp0.Scaling=0
YAmp0.LogBase=10.0
YAmp0.LogFactor=1.0
XAmpSec0.Min=-1000.0
XAmpSec0.Max=1000.0
XAmpSec0.PercMin=50.0
XAmpSec0.PercMax=50.0
XAmpSec0.PercDev=5.0
XAmpSec0.fAutoMin=1
XAmpSec0.fAutoMax=1
XAmpSec0.Precision=0
XAmpSec0.Scaling=0
XAmpSec0.LogBase=10.0
XAmpSec0.LogFactor=1.0
YAmpSec0.Min=-1000.0
YAmpSec0.Max=1000.0
YAmpSec0.PercMin=50.0
YAmpSec0.PercMax=50.0
YAmpSec0.PercDev=5.0
YAmpSec0.fAutoMin=1
YAmpSec0.fAutoMax=1
YAmpSec0.Precision=0
YAmpSec0.Scaling=0
YAmpSec0.LogBase=10.0
YAmpSec0.LogFactor=1.0
TracePause0=1
fOverWrite0=1
Mode0=0
DrawMode0=0
DisplayMode0=5
Shape0=0
ShapeColor0=0
ShowLabels0=0
fLineRemoval0=1
fMesh0=0
sfOverWrite=1
ShowLabels=0
AutoSize=1
FrameOffset=0

[Subtract 4]
Version=4.00
Precision=1
Framesize=0
FramesizeIn0=0
RCFlagIn0=0
DTFlagIn0=0
SampFreqIn0=0.0
FramesizeIn1=0
RCFlagIn1=0
DTFlagIn1=0
SampFreqIn1=0.0
FramesizeOut0=0
RCFlagOut0=0
DTFlagOut0=0
SampFreqOut0=0.0
_OverflowHandling=301
_SmallFramesize=304
_FramesizeWarning=307

[Single Channel Display 9]
Version=4.00
Precision=-1
Framesize=512
FramesizeIn0=0
RCFlagIn0=0
DTFlagIn0=0
SampFreqIn0=0.0
Columns=4
ShowIndices=0
HTicks=2
VTicks=1
DigitPrecision=4
DecimalPrecision=2
Shadow=0
fUseSec=0
wfDense=40
Theta=60.0
Title0=Default Graph Title 0
HLabel0=Samples
VLabel0=Amplitude
BackGroundColor0=4
GridColor0=8
WaveColor0=12
ScaleColor0=6
XAmp0.Min=0.0
XAmp0.Max=257.0
XAmp0.UserScale=1.0
XAmp0.StrLabelMin=
XAmp0.StrLabelMax=
XAmp0.PercMin=50.0
XAmp0.PercMax=50.0
XAmp0.PercDev=5.0
XAmp0.fAutoMin=0
XAmp0.fAutoMax=0
XAmp0.RoundOff=10.0
XAmp0.Precision=0
XAmp0.Scaling=0
XAmp0.LogBase=10.0
XAmp0.LogFactor=1.0
YAmp0.Min=-2.0
YAmp0.Max=2.0
YAmp0.UserScale=1.0
YAmp0.StrLabelMin=
YAmp0.StrLabelMax=
YAmp0.PercMin=50.0
YAmp0.PercMax=50.0
YAmp0.PercDev=5.0
YAmp0.fAutoMin=0
YAmp0.fAutoMax=0
YAmp0.RoundOff=1.0
YAmp0.Precision=0
YAmp0.Scaling=0
YAmp0.LogBase=10.0
YAmp0.LogFactor=1.0
XAmpSec0.Min=-1000.0
XAmpSec0.Max=1000.0
XAmpSec0.PercMin=50.0
XAmpSec0.PercMax=50.0
XAmpSec0.PercDev=5.0
XAmpSec0.fAutoMin=1
XAmpSec0.fAutoMax=1
XAmpSec0.Precision=0
XAmpSec0.Scaling=0
XAmpSec0.LogBase=10.0
XAmpSec0.LogFactor=1.0
YAmpSec0.Min=-1000.0
YAmpSec0.Max=1000.0
YAmpSec0.PercMin=50.0
YAmpSec0.PercMax=50.0
YAmpSec0.PercDev=5.0
YAmpSec0.fAutoMin=1
YAmpSec0.fAutoMax=1
YAmpSec0.Precision=0
YAmpSec0.Scaling=0
YAmpSec0.LogBase=10.0
YAmpSec0.LogFactor=1.0
TracePause0=1
fOverWrite0=1
Mode0=0
DrawMode0=0
DisplayMode0=5
Shape0=0
ShapeColor0=0
ShowLabels0=0
fLineRemoval0=1
fMesh0=0
sfOverWrite=1
ShowLabels=0
AutoSize=1
FrameOffset=0

[Gain 1]
Version=4.00
Precision=1
Framesize=0
FramesizeIn0=0
RCFlagIn0=0
DTFlagIn0=0
SampFreqIn0=0.0
FramesizeOut0=0
RCFlagOut0=0
DTFlagOut0=0
SampFreqOut0=0.0
_Gain=-1.0

[Single Channel Display 10]
Version=4.00
Precision=-1
Framesize=512
FramesizeIn0=0
RCFlagIn0=0
DTFlagIn0=0
SampFreqIn0=0.0
Columns=4
ShowIndices=0
HTicks=1
VTicks=1
DigitPrecision=4
DecimalPrecision=2
Shadow=0
fUseSec=0
wfDense=40
Theta=60.0
Title0=Default Graph Title 0
HLabel0=Samples
VLabel0=Amplitude
BackGroundColor0=5
GridColor0=8
WaveColor0=12
ScaleColor0=6
XAmp0.Min=0.0
XAmp0.Max=257.0
XAmp0.UserScale=1.0
XAmp0.StrLabelMin=
XAmp0.StrLabelMax=
XAmp0.PercMin=50.0
XAmp0.PercMax=50.0
XAmp0.PercDev=5.0
XAmp0.fAutoMin=0
XAmp0.fAutoMax=0
XAmp0.RoundOff=10.0
XAmp0.Precision=0
XAmp0.Scaling=0
XAmp0.LogBase=10.0
XAmp0.LogFactor=1.0
YAmp0.Min=-2.0
YAmp0.Max=0.0
YAmp0.UserScale=1.0
YAmp0.StrLabelMin=
YAmp0.StrLabelMax=
YAmp0.PercMin=50.0
YAmp0.PercMax=50.0
YAmp0.PercDev=5.0
YAmp0.fAutoMin=0
YAmp0.fAutoMax=0
YAmp0.RoundOff=1.0
YAmp0.Precision=0
YAmp0.Scaling=0
YAmp0.LogBase=10.0
YAmp0.LogFactor=1.0
XAmpSec0.Min=-1000.0
XAmpSec0.Max=1000.0
XAmpSec0.PercMin=50.0
XAmpSec0.PercMax=50.0
XAmpSec0.PercDev=5.0
XAmpSec0.fAutoMin=1
XAmpSec0.fAutoMax=1
XAmpSec0.Precision=0
XAmpSec0.Scaling=0
XAmpSec0.LogBase=10.0
XAmpSec0.LogFactor=1.0
YAmpSec0.Min=-1000.0
YAmpSec0.Max=1000.0
YAmpSec0.PercMin=50.0
YAmpSec0.PercMax=50.0
YAmpSec0.PercDev=5.0
YAmpSec0.fAutoMin=1
YAmpSec0.fAutoMax=1
YAmpSec0.Precision=0
YAmpSec0.Scaling=0
YAmpSec0.LogBase=10.0
YAmpSec0.LogFactor=1.0
TracePause0=1
fOverWrite0=1
Mode0=0
DrawMode0=0
DisplayMode0=5
Shape0=0
ShapeColor0=0
ShowLabels0=0
fLineRemoval0=1
fMesh0=0
sfOverWrite=1
ShowLabels=0
AutoSize=1
FrameOffset=0

