[Block Diagram Listing]
Header=Hypersignal for Windows Block Diagram Application, Block Listing
Version=4.00
Block Count=10
Horizontal Scroll Position=0
Vertical Scroll Position=0
Manual Compile=0
Block Library1=Simulation Library
Block Name1=Sine Generator 1
DLL Name1=SINE.DLL
Block Type1=1
Block Class1=0
Layer1=-1
Position1=32,384,64,416
Input Count1=0
Output Count1=1
Parameter Count1=0
Block Library2=Simulation Library
Block Name2=Sweep (Chirp) Generator 1
DLL Name2=SWEEP.DLL
Block Type2=2
Block Class2=0
Layer2=-1
Position2=32,224,64,256
Input Count2=0
Output Count2=1
Parameter Count2=0
Block Library3=Simulation Library
Block Name3=Digital Display 1
DLL Name3=Digital.dll
Block Label3=Digital Display of Sine Generator
Block Type3=8
Block Class3=0
Layer3=-1
Position3=224,608,416,672
Input Count3=1
Output Count3=0
Parameter Count3=0
Block3,Input Channel 0=Sine Generator 1,Output Channel 0
Block Library4=Simulation Library
Block Name4=Add 1
DLL Name4=ADD.DLL
Block Type4=2
Block Class4=0
Layer4=-1
Position4=128,288,160,320
Input Count4=2
Output Count4=1
Parameter Count4=0
Block4,Input Channel 0=Sweep (Chirp) Generator 1,Output Channel 0
Block4,Input Channel 1=Sine Generator 1,Output Channel 0
Block Library5=Simulation Library
Block Name5=FFT 1
DLL Name5=FFT.DLL
Block Type5=2
Block Class5=0
Layer5=-1
Position5=96,160,128,192
Input Count5=1
Output Count5=1
Parameter Count5=0
Block5,Input Channel 0=Sweep (Chirp) Generator 1,Output Channel 0
Block Library6=Simulation Library
Block Name6=Magnitude 1
DLL Name6=MAG.DLL
Block Type6=2
Block Class6=0
Layer6=-1
Position6=160,224,192,256
Input Count6=1
Output Count6=1
Parameter Count6=0
Block6,Input Channel 0=FFT 1,Output Channel 0
Block Library7=Simulation Library
Block Name7=Single Channel Display 1
DLL Name7=SCD.DLL
Block Label7=Time-domain view of sine + sweep
Block Type7=8
Block Class7=0
Layer7=-1
Position7=224,480,416,576
Input Count7=1
Output Count7=0
Parameter Count7=0
Block7,Input Channel 0=Add 1,Output Channel 0
Block Library8=Simulation Library
Block Name8=2-Channel Display 1
DLL Name8=DCD.DLL
Block Label8=TOP: Waterfall Plot     BOTTOM: Spectragram
Block Type8=8
Block Class8=0
Layer8=-1
Position8=224,64,736,288
Input Count8=2
Output Count8=0
Parameter Count8=0
Block8,Input Channel 0=Magnitude 1,Output Channel 0
Block8,Input Channel 1=Magnitude 1,Output Channel 0
Block Library9=Simulation Library
Block Name9=Text Display 1
DLL Name9=TEXTDISP.DLL
Block Label9=Text Display
Block Type9=8
Block Class9=0
Layer9=-1
Position9=448,480,736,672
Input Count9=1
Output Count9=0
Parameter Count9=0
Block9,Input Channel 0=Add 1,Output Channel 0
Block Library10=Simulation Library
Block Name10=Single Channel Display 2
DLL Name10=SCD.DLL
Block Type10=8
Block Class10=0
Layer10=-1
Position10=224,320,736,448
Input Count10=1
Output Count10=0
Parameter Count10=0
Block10,Input Channel 0=Magnitude 1,Output Channel 0

[Variables]
Num=3
Var1=Framesize
Value1=256
Var2=Nyquist Rate
Value2=Sample Rate / 2.0
Var3=Sample Rate
Value3=8000.0

[Environment]
Undo Buffer Size=30

[Text Boxes]
Count=1
Text1=The actual production version contains more sophisticated displays than found in this demo.
Position1=11,31
ColorR1=255
ColorG1=255
ColorB1=0
Font1=-13,0,0,0,700,0,0,0,0,3,2,1,34,Arial

[Layers]
Current Layer=-1
Mode=1
Num=1

[Sine Generator 1]
Version=4.00
Precision=1
Framesize=257
FramesizeOut0=257
RCFlagOut0=0
DTFlagOut0=1
SampFreqOut0=8000.0
_Amplitude=100.0
_Frequency=500.0
_PhaseOffset=0.0
_DCOffset=0.0
_ofFrames=0
_SampleRate=8000.0

[Sweep (Chirp) Generator 1]
Version=4.00
Precision=1
Framesize=257
FramesizeOut0=257
RCFlagOut0=0
DTFlagOut0=1
SampFreqOut0=8000.0
_Amplitude=100.0
_MinFrequency=0.0
_MaxFrequency=Nyquist Rate
_StepSize=35000
_PhaseOffset=0.0
_DCOffset=0.0
_ofFrames=0
_SampleRate=Sample Rate

[Digital Display 1]
Version=4.00
Precision=-1
Framesize=257
FramesizeIn0=257
RCFlagIn0=0
DTFlagIn0=1
SampFreqIn0=8000.0
_SignificantDigits=6
_MinimumDigits=3
TextColor=255,0,0
BackgroundColor=0,0,0

[Add 1]
Version=4.00
Precision=-1
Framesize=257
FramesizeIn0=257
RCFlagIn0=0
DTFlagIn0=1
SampFreqIn0=8000.0
FramesizeIn1=257
RCFlagIn1=0
DTFlagIn1=1
SampFreqIn1=8000.0
FramesizeOut0=257
RCFlagOut0=0
DTFlagOut0=1
SampFreqOut0=8000.0
_OverflowHandling=303
_SmallFramesize=306
_FramesizeWarning=309

[FFT 1]
Version=4.00
Precision=-1
Framesize=512
FramesizeIn0=257
RCFlagIn0=0
DTFlagIn0=1
SampFreqIn0=8000.0
FramesizeOut0=512
RCFlagOut0=1
DTFlagOut0=1
SampFreqOut0=8000.0
_FFTOrder=9
NumLocalElements0=0
NumLocalElements1=0

[Magnitude 1]
Version=4.00
Precision=-1
Framesize=257
FramesizeIn0=512
RCFlagIn0=1
DTFlagIn0=1
SampFreqIn0=8000.0
FramesizeOut0=257
RCFlagOut0=0
DTFlagOut0=1
SampFreqOut0=8000.0

[Single Channel Display 1]
Version=4.00
Precision=-1
Framesize=32
FramesizeIn0=257
RCFlagIn0=0
DTFlagIn0=1
SampFreqIn0=8000.0
Columns=4
ShowIndices=0
HTicks=10
VTicks=10
DigitPrecision=4
DecimalPrecision=2
Shadow=0
fUseSec=0
wfDense=20
Theta=45.0
Title0=Default Graph Title 0
HLabel0=Samples
VLabel0=Amplitude
BackGroundColor0=0
GridColor0=6
WaveColor0=12
ScaleColor0=6
XAmp0.Min=0.0
XAmp0.Max=257.0
XAmp0.UserScale=1.0
XAmp0.StrLabelMin=
XAmp0.StrLabelMax=
XAmp0.PercMin=50.0
XAmp0.PercMax=50.0
XAmp0.PercDev=5.0
XAmp0.fAutoMin=0
XAmp0.fAutoMax=0
XAmp0.RoundOff=10.0
XAmp0.Precision=0
XAmp0.Scaling=0
XAmp0.LogBase=10.0
XAmp0.LogFactor=1.0
YAmp0.Min=-1000.0
YAmp0.Max=1000.0
YAmp0.UserScale=1.0
YAmp0.StrLabelMin=
YAmp0.StrLabelMax=
YAmp0.PercMin=90.0
YAmp0.PercMax=90.0
YAmp0.PercDev=5.0
YAmp0.fAutoMin=1
YAmp0.fAutoMax=1
YAmp0.RoundOff=10.0
YAmp0.Precision=0
YAmp0.Scaling=0
YAmp0.LogBase=10.0
YAmp0.LogFactor=1.0
XAmpSec0.Min=-1000.0
XAmpSec0.Max=1000.0
XAmpSec0.PercMin=50.0
XAmpSec0.PercMax=50.0
XAmpSec0.PercDev=5.0
XAmpSec0.fAutoMin=1
XAmpSec0.fAutoMax=1
XAmpSec0.Precision=0
XAmpSec0.Scaling=0
XAmpSec0.LogBase=10.0
XAmpSec0.LogFactor=1.0
YAmpSec0.Min=-1000.0
YAmpSec0.Max=1000.0
YAmpSec0.PercMin=50.0
YAmpSec0.PercMax=50.0
YAmpSec0.PercDev=5.0
YAmpSec0.fAutoMin=1
YAmpSec0.fAutoMax=1
YAmpSec0.Precision=0
YAmpSec0.Scaling=0
YAmpSec0.LogBase=10.0
YAmpSec0.LogFactor=1.0
TracePause0=1
fOverWrite0=0
Mode0=0
DrawMode0=0
DisplayMode0=5
Shape0=1
ShapeColor0=10
ShowLabels0=0
fLineRemoval0=1
fMesh0=0
sfOverWrite=0
ShowLabels=0
AutoSize=1
FrameOffset=0

[2-Channel Display 1]
Version=4.00
Precision=-1
Framesize=257
FramesizeIn0=257
RCFlagIn0=0
DTFlagIn0=1
SampFreqIn0=8000.0
FramesizeIn1=257
RCFlagIn1=0
DTFlagIn1=1
SampFreqIn1=8000.0
Channel=0
SeperateGrid=1
ShowLabels0=0
AutoSize0=1
Framesize0=256
FrameOffset0=0
sfOverWrite0=0
Columns=4
ShowIndices=0
HTicks=10
VTicks=10
DigitPrecision=4
DecimalPrecision=2
Shadow=0
fUseSec=0
wfDense=20
Theta=45.0
Title0=Default Graph Title 0
HLabel0=Samples
VLabel0=Amplitude
BackGroundColor0=0
GridColor0=6
WaveColor0=7
ScaleColor0=6
XAmp0.Min=0.0
XAmp0.Max=257.0
XAmp0.UserScale=1.0
XAmp0.StrLabelMin=
XAmp0.StrLabelMax=
XAmp0.PercMin=50.0
XAmp0.PercMax=50.0
XAmp0.PercDev=5.0
XAmp0.fAutoMin=0
XAmp0.fAutoMax=0
XAmp0.RoundOff=10.0
XAmp0.Precision=0
XAmp0.Scaling=0
XAmp0.LogBase=10.0
XAmp0.LogFactor=1.0
YAmp0.Min=-1000.0
YAmp0.Max=1000.0
YAmp0.UserScale=1.0
YAmp0.StrLabelMin=
YAmp0.StrLabelMax=
YAmp0.PercMin=50.0
YAmp0.PercMax=50.0
YAmp0.PercDev=5.0
YAmp0.fAutoMin=1
YAmp0.fAutoMax=1
YAmp0.RoundOff=10.0
YAmp0.Precision=0
YAmp0.Scaling=0
YAmp0.LogBase=10.0
YAmp0.LogFactor=1.0
XAmpSec0.Min=-1000.0
XAmpSec0.Max=1000.0
XAmpSec0.PercMin=50.0
XAmpSec0.PercMax=50.0
XAmpSec0.PercDev=5.0
XAmpSec0.fAutoMin=1
XAmpSec0.fAutoMax=1
XAmpSec0.Precision=0
XAmpSec0.Scaling=0
XAmpSec0.LogBase=10.0
XAmpSec0.LogFactor=1.0
YAmpSec0.Min=-1000.0
YAmpSec0.Max=1000.0
YAmpSec0.PercMin=50.0
YAmpSec0.PercMax=50.0
YAmpSec0.PercDev=5.0
YAmpSec0.fAutoMin=1
YAmpSec0.fAutoMax=1
YAmpSec0.Precision=0
YAmpSec0.Scaling=0
YAmpSec0.LogBase=10.0
YAmpSec0.LogFactor=1.0
TracePause0=1
fOverWrite0=1
Mode0=5
DrawMode0=0
DisplayMode0=5
Shape0=0
ShapeColor0=10
fLineRemoval0=1
fMesh0=0
ShowLabels1=0
AutoSize1=1
Framesize1=257
FrameOffset1=0
sfOverWrite1=0
Title1=Default Graph Title 1
HLabel1=Samples
VLabel1=Amplitude
BackGroundColor1=0
GridColor1=6
WaveColor1=12
ScaleColor1=6
XAmp1.Min=0.0
XAmp1.Max=257.0
XAmp1.UserScale=1.0
XAmp1.StrLabelMin=
XAmp1.StrLabelMax=
XAmp1.PercMin=50.0
XAmp1.PercMax=50.0
XAmp1.PercDev=5.0
XAmp1.fAutoMin=0
XAmp1.fAutoMax=0
XAmp1.RoundOff=10.0
XAmp1.Precision=0
XAmp1.Scaling=0
XAmp1.LogBase=10.0
XAmp1.LogFactor=1.0
YAmp1.Min=-1000.0
YAmp1.Max=1000.0
YAmp1.UserScale=1.0
YAmp1.StrLabelMin=
YAmp1.StrLabelMax=
YAmp1.PercMin=50.0
YAmp1.PercMax=50.0
YAmp1.PercDev=5.0
YAmp1.fAutoMin=1
YAmp1.fAutoMax=1
YAmp1.RoundOff=10.0
YAmp1.Precision=0
YAmp1.Scaling=0
YAmp1.LogBase=10.0
YAmp1.LogFactor=1.0
XAmpSec1.Min=-1000.0
XAmpSec1.Max=1000.0
XAmpSec1.PercMin=50.0
XAmpSec1.PercMax=50.0
XAmpSec1.PercDev=5.0
XAmpSec1.fAutoMin=1
XAmpSec1.fAutoMax=1
XAmpSec1.Precision=0
XAmpSec1.Scaling=0
XAmpSec1.LogBase=10.0
XAmpSec1.LogFactor=1.0
YAmpSec1.Min=-1000.0
YAmpSec1.Max=1000.0
YAmpSec1.PercMin=50.0
YAmpSec1.PercMax=50.0
YAmpSec1.PercDev=5.0
YAmpSec1.fAutoMin=1
YAmpSec1.fAutoMax=1
YAmpSec1.Precision=0
YAmpSec1.Scaling=0
YAmpSec1.LogBase=10.0
YAmpSec1.LogFactor=1.0
TracePause1=1
fOverWrite1=1
Mode1=3
DrawMode1=0
DisplayMode1=5
Shape1=0
ShapeColor1=10
fLineRemoval1=1
fMesh1=0

[Text Display 1]
Version=4.00
Precision=-1
Framesize=100
FramesizeIn0=257
RCFlagIn0=0
DTFlagIn0=1
SampFreqIn0=8000.0
BackGroundColor=0
WaveColor=7
ScaleColor=6
DisplayMode=3
HexPrefix=1
Columns=2
DigitPrecision=4
DecimalPrecision=2
ShowIndices=1
AutoSize=1
FrameOffset=0

[Single Channel Display 2]
Version=4.00
Precision=-1
Framesize=32
FramesizeIn0=257
RCFlagIn0=0
DTFlagIn0=1
SampFreqIn0=8000.0
Columns=4
ShowIndices=0
HTicks=10
VTicks=10
DigitPrecision=4
DecimalPrecision=2
Shadow=0
fUseSec=0
wfDense=20
Theta=45.0
Title0=Frequency
HLabel0=Samples
VLabel0=Magnitude
BackGroundColor0=0
GridColor0=6
WaveColor0=12
ScaleColor0=6
XAmp0.Min=0.0
XAmp0.Max=257.0
XAmp0.UserScale=1.0
XAmp0.StrLabelMin=
XAmp0.StrLabelMax=
XAmp0.PercMin=50.0
XAmp0.PercMax=50.0
XAmp0.PercDev=5.0
XAmp0.fAutoMin=0
XAmp0.fAutoMax=0
XAmp0.RoundOff=10.0
XAmp0.Precision=0
XAmp0.Scaling=0
XAmp0.LogBase=10.0
XAmp0.LogFactor=1.0
YAmp0.Min=0.0
YAmp0.Max=1000.0
YAmp0.UserScale=1.0
YAmp0.StrLabelMin=
YAmp0.StrLabelMax=
YAmp0.PercMin=90.0
YAmp0.PercMax=90.0
YAmp0.PercDev=5.0
YAmp0.fAutoMin=0
YAmp0.fAutoMax=1
YAmp0.RoundOff=10.0
YAmp0.Precision=0
YAmp0.Scaling=0
YAmp0.LogBase=10.0
YAmp0.LogFactor=1.0
XAmpSec0.Min=-1000.0
XAmpSec0.Max=1000.0
XAmpSec0.PercMin=50.0
XAmpSec0.PercMax=50.0
XAmpSec0.PercDev=5.0
XAmpSec0.fAutoMin=1
XAmpSec0.fAutoMax=1
XAmpSec0.Precision=0
XAmpSec0.Scaling=0
XAmpSec0.LogBase=10.0
XAmpSec0.LogFactor=1.0
YAmpSec0.Min=-1000.0
YAmpSec0.Max=1000.0
YAmpSec0.PercMin=50.0
YAmpSec0.PercMax=50.0
YAmpSec0.PercDev=5.0
YAmpSec0.fAutoMin=1
YAmpSec0.fAutoMax=1
YAmpSec0.Precision=0
YAmpSec0.Scaling=0
YAmpSec0.LogBase=10.0
YAmpSec0.LogFactor=1.0
TracePause0=1
fOverWrite0=0
Mode0=0
DrawMode0=0
DisplayMode0=5
Shape0=0
ShapeColor0=10
ShowLabels0=1
fLineRemoval0=1
fMesh0=0
sfOverWrite=0
ShowLabels=1
AutoSize=1
FrameOffset=0

