[Block Diagram Listing]
Header=Hypersignal for Windows Block Diagram Application, Block Listing
Version=4.00
Block Count=20
Horizontal Scroll Position=0
Vertical Scroll Position=0
Manual Compile=0
Block Library1=Simulation Library
Block Name1=Impulsive Noise Generator 1
DLL Name1=IMPNSE.DLL
Block Type1=2
Block Class1=0
Layer1=-1
Position1=96,384,128,416
Input Count1=0
Output Count1=1
Parameter Count1=0
Block Library2=Simulation Library
Block Name2=Cosine Generator 3
DLL Name2=COSINE.DLL
Block Label2=Cosine Generator 1
Block Type2=2
Block Class2=0
Layer2=-1
Position2=288,96,320,128
Input Count2=0
Output Count2=1
Parameter Count2=0
Block Library3=Simulation Library
Block Name3=Constant Generator 3
DLL Name3=CONST.DLL
Block Label3=Constant Generator 2
Block Type3=2
Block Class3=0
Layer3=-1
Position3=416,416,448,448
Input Count3=0
Output Count3=1
Parameter Count3=1
Block3,Parameter Line 0=Sets Amplitude,,,0,0,0,0,700,1,0,0,0,1,2,1,34,MS Sans Serif
Block3,Parameter Input 0=Impulsive Noise Generator 1,Output Channel 0,HDT_DOUBLE,201
Block Library4=Simulation Library
Block Name4=Buffer 6
DLL Name4=BUFFER.DLL
Block Label4=Buffer 2
Block Type4=2
Block Class4=0
Layer4=-1
Position4=544,416,576,448
Input Count4=1
Output Count4=1
Parameter Count4=0
Block4,Input Channel 0=Constant Generator 3,Output Channel 0
Block Library5=Simulation Library
Block Name5=Single Channel Display 10
DLL Name5=SCD.DLL
Block Label5=Transmitted Data
Block Label Color5=255,255,0
Block Label Font5=-13,0,0,0,700,0,0,0,0,1,2,1,34,MS Sans Serif
Block Type5=8
Block Class5=0
Layer5=-1
Position5=608,384,1088,512
Input Count5=1
Output Count5=0
Parameter Count5=0
Block5,Input Channel 0=Buffer 6,Output Channel 0
Block Library6=Simulation Library
Block Name6=Gain 8
DLL Name6=GAIN.DLL
Block Label6=Gain 1
Block Type6=2
Block Class6=0
Layer6=-1
Position6=416,96,448,128
Input Count6=1
Output Count6=1
Parameter Count6=1
Block6,Input Channel 0=Cosine Generator 3,Output Channel 0
Block6,Parameter Line 0=Sets Gain,,,0,0,0,0,700,1,0,0,0,1,2,1,34,MS Sans Serif
Block6,Parameter Input 0=Gain 6,Output Channel 0,HDT_DOUBLE,201
Block Library7=Simulation Library
Block Name7=Buffer 3
DLL Name7=BUFFER.DLL
Block Label7=Buffer 1
Block Type7=2
Block Class7=0
Layer7=-1
Position7=512,96,544,128
Input Count7=1
Output Count7=1
Parameter Count7=0
Block7,Input Channel 0=Gain 8,Output Channel 0
Block Library8=Simulation Library
Block Name8=Single Channel Display 6
DLL Name8=SCD.DLL
Block Label8=DPSK Transmitted Signal Waveform
Block Label Color8=255,255,0
Block Label Font8=-13,0,0,0,700,0,0,0,0,1,2,1,34,MS Sans Serif
Block Type8=8
Block Class8=0
Layer8=-1
Position8=608,224,1088,352
Input Count8=1
Output Count8=0
Parameter Count8=0
Block8,Input Channel 0=Buffer 3,Output Channel 0
Block Library9=Simulation Library
Block Name9=Delay 15
DLL Name9=DELAY.DLL
Block Label9=Delay 1
Block Type9=2
Block Class9=0
Layer9=-1
Position9=608,96,640,128
Input Count9=1
Output Count9=1
Parameter Count9=0
Block9,Input Channel 0=Buffer 3,Output Channel 0
Block Library10=Simulation Library
Block Name10=Multiply 6
DLL Name10=MULT.DLL
Block Label10=Multiply 2
Block Type10=2
Block Class10=0
Layer10=-1
Position10=704,32,736,64
Input Count10=2
Output Count10=1
Parameter Count10=0
Block10,Input Channel 0=Buffer 3,Output Channel 0
Block10,Input Channel 1=Delay 15,Output Channel 0
Block Library11=Simulation Library
Block Name11=Delay 16
DLL Name11=DELAY.DLL
Block Label11=Delay 1
Block Type11=2
Block Class11=0
Layer11=-1
Position11=800,32,832,64
Input Count11=1
Output Count11=1
Parameter Count11=0
Block11,Input Channel 0=Multiply 6,Output Channel 0
Block Library12=Simulation Library
Block Name12=Delay 17
DLL Name12=DELAY.DLL
Block Label12=Delay 2
Block Type12=2
Block Class12=0
Layer12=-1
Position12=864,32,896,64
Input Count12=1
Output Count12=1
Parameter Count12=0
Block12,Input Channel 0=Delay 16,Output Channel 0
Block Library13=Simulation Library
Block Name13=Delay 18
DLL Name13=DELAY.DLL
Block Label13=Delay 3
Block Type13=2
Block Class13=0
Layer13=-1
Position13=928,32,960,64
Input Count13=1
Output Count13=1
Parameter Count13=0
Block13,Input Channel 0=Delay 17,Output Channel 0
Block Library14=Simulation Library
Block Name14=Delay 19
DLL Name14=DELAY.DLL
Block Label14=Delay 4
Block Type14=2
Block Class14=0
Layer14=-1
Position14=992,32,1024,64
Input Count14=1
Output Count14=1
Parameter Count14=0
Block14,Input Channel 0=Delay 18,Output Channel 0
Block Library15=Simulation Library
Block Name15=Five Input Add 4
DLL Name15=FIVEADD.DLL
Block Label15=Five Input Add 1
Block Type15=2
Block Class15=0
Layer15=-1
Position15=1056,32,1088,192
Input Count15=5
Output Count15=1
Parameter Count15=0
Block15,Input Channel 0=Delay 19,Output Channel 0
Block15,Input Channel 1=Delay 18,Output Channel 0
Block15,Input Channel 2=Delay 17,Output Channel 0
Block15,Input Channel 3=Delay 16,Output Channel 0
Block15,Input Channel 4=Multiply 6,Output Channel 0
Block Library16=Simulation Library
Block Name16=Single Channel Display 9
DLL Name16=SCD.DLL
Block Label16=Demodulated Data
Block Label Color16=255,255,0
Block Label Font16=-13,0,0,0,700,0,0,0,0,1,2,1,34,MS Sans Serif
Block Type16=8
Block Class16=0
Layer16=-1
Position16=608,544,1088,672
Input Count16=1
Output Count16=0
Parameter Count16=0
Block16,Input Channel 0=Five Input Add 4,Output Channel 0
Block Library17=Simulation Library
Block Name17=Constant Generator 7
DLL Name17=CONST.DLL
Block Label17= 
Block Type17=2
Block Class17=0
Layer17=-1
Position17=64,288,96,320
Input Count17=0
Output Count17=1
Parameter Count17=0
Block Library18=Simulation Library
Block Name18=Multiply 7
DLL Name18=MULT.DLL
Block Label18=Multiply 1
Block Type18=2
Block Class18=0
Layer18=-1
Position18=192,288,224,320
Input Count18=2
Output Count18=1
Parameter Count18=0
Block18,Input Channel 0=Add 1,Output Channel 0
Block18,Input Channel 1=Impulsive Noise Generator 1,Output Channel 0
Block Library19=Simulation Library
Block Name19=Gain 6
DLL Name19=GAIN.DLL
Block Label19=Gain=-1
Block Type19=2
Block Class19=0
Layer19=-1
Position19=256,288,288,320
Input Count19=1
Output Count19=1
Parameter Count19=0
Block19,Input Channel 0=Multiply 7,Output Channel 0
Block Library20=Simulation Library
Block Name20=Add 1
DLL Name20=ADD.DLL
Block Type20=2
Block Class20=0
Layer20=-1
Position20=128,256,160,288
Input Count20=2
Output Count20=1
Parameter Count20=0
Block20,Input Channel 0=Gain 6,Output Channel 0
Block20,Input Channel 1=Constant Generator 7,Output Channel 0

[Variables]
Num=2
Var1=Framesize
Value1=256
Var2=Sample Rate
Value2=8000.0

[Environment]
Undo Buffer Size=30

[Text Boxes]
Count=7
Text1=Modulation
Position1=151,190
ColorR1=255
ColorG1=255
ColorB1=0
Font1=-23,0,0,0,700,0,0,0,0,1,2,1,34,MS Sans Serif
Text2=Demodulation
Position2=632,185
ColorR2=255
ColorG2=255
ColorB2=0
Font2=-23,0,0,0,700,0,0,0,0,1,2,1,34,MS Sans Serif
Text3=DPSK Modulation/Demodulation
Position3=59,54
ColorR3=255
ColorG3=255
ColorB3=0
Font3=-31,0,0,0,700,0,0,0,0,3,2,1,34,Arial
Text4=Bit Generator
Position4=37,485
ColorR4=255
ColorG4=255
ColorB4=0
Font4=-23,0,0,0,700,0,0,0,0,1,2,1,34,MS Sans Serif
Text5=1/-1
Position5=361,309
ColorR5=255
ColorG5=255
ColorB5=0
Font5=-17,0,0,0,400,0,0,0,0,1,2,1,34,MS Sans Serif
Text6=Constant=1|(# of Frames=1)
Position6=35,332
ColorR6=255
ColorG6=255
ColorB6=0
Font6=-11,0,0,0,400,0,0,0,0,1,2,1,34,MS Sans Serif
Text7=Please note that this demo contains a limited block|function library -- contact Hyperception for information|on the complete production library function list.
Position7=5,5
ColorR7=255
ColorG7=255
ColorB7=0
Font7=-11,0,0,0,400,0,0,0,0,1,2,1,34,MS Sans Serif

[Layers]
Current Layer=-1
Mode=1
Num=1

[Impulsive Noise Generator 1]
Version=4.00
Precision=0
Framesize=1
FramesizeOut0=0
RCFlagOut0=0
DTFlagOut0=0
SampFreqOut0=0.0
_Amplitude=2.0
_SampleRate=Sample Rate
_Probability=50
_DCOffset=-1.0
_ofFrames=0

[Cosine Generator 3]
Version=4.00
Precision=1
Framesize=64
FramesizeOut0=0
RCFlagOut0=0
DTFlagOut0=0
SampFreqOut0=0.0
_Amplitude=1.0
_Frequency=700.0
_PhaseOffset=0.0
_DCOffset=0.0
_ofFrames=0
_SampleRate=Sample Rate

[Constant Generator 3]
Version=4.00
Precision=1
Framesize=64
FramesizeOut0=0
RCFlagOut0=0
DTFlagOut0=0
SampFreqOut0=0.0
_Amplitude=-1.0
_ofFrames=0
_SampleRate=Sample Rate

[Buffer 6]
Version=2.01
Precision=-1
Framesize=0
FramesizeIn0=0
RCFlagIn0=0
DTFlagIn0=0
SampFreqIn0=0.0
FramesizeOut0=0
RCFlagOut0=0
DTFlagOut0=0
SampFreqOut0=0.0
_BufferSize=512
NumLocalElements0=1000

[Single Channel Display 10]
Version=4.00
Precision=-1
Framesize=512
FramesizeIn0=0
RCFlagIn0=0
DTFlagIn0=0
SampFreqIn0=0.0
Columns=4
ShowIndices=0
HTicks=2
VTicks=8
DigitPrecision=4
DecimalPrecision=2
Shadow=0
fUseSec=0
wfDense=20
Theta=45.0
Title0=Default Graph Title 0
HLabel0=Samples
VLabel0=Amplitude
BackGroundColor0=0
GridColor0=6
WaveColor0=11
ScaleColor0=6
XAmp0.Min=0.0
XAmp0.Max=512.0
XAmp0.UserScale=1.0
XAmp0.StrLabelMin=
XAmp0.StrLabelMax=
XAmp0.PercMin=50.0
XAmp0.PercMax=50.0
XAmp0.PercDev=5.0
XAmp0.fAutoMin=0
XAmp0.fAutoMax=0
XAmp0.RoundOff=10.0
XAmp0.Precision=0
XAmp0.Scaling=0
XAmp0.LogBase=10.0
XAmp0.LogFactor=1.0
YAmp0.Min=-2.0
YAmp0.Max=2.0
YAmp0.UserScale=1.0
YAmp0.StrLabelMin=
YAmp0.StrLabelMax=
YAmp0.PercMin=50.0
YAmp0.PercMax=50.0
YAmp0.PercDev=5.0
YAmp0.fAutoMin=0
YAmp0.fAutoMax=0
YAmp0.RoundOff=1.0
YAmp0.Precision=0
YAmp0.Scaling=0
YAmp0.LogBase=10.0
YAmp0.LogFactor=1.0
XAmpSec0.Min=-1000.0
XAmpSec0.Max=1000.0
XAmpSec0.PercMin=50.0
XAmpSec0.PercMax=50.0
XAmpSec0.PercDev=5.0
XAmpSec0.fAutoMin=1
XAmpSec0.fAutoMax=1
XAmpSec0.Precision=0
XAmpSec0.Scaling=0
XAmpSec0.LogBase=10.0
XAmpSec0.LogFactor=1.0
YAmpSec0.Min=-1000.0
YAmpSec0.Max=1000.0
YAmpSec0.PercMin=50.0
YAmpSec0.PercMax=50.0
YAmpSec0.PercDev=5.0
YAmpSec0.fAutoMin=1
YAmpSec0.fAutoMax=1
YAmpSec0.Precision=0
YAmpSec0.Scaling=0
YAmpSec0.LogBase=10.0
YAmpSec0.LogFactor=1.0
TracePause0=1
fOverWrite0=0
Mode0=0
DrawMode0=0
DisplayMode0=5
Shape0=0
ShapeColor0=7
ShowLabels0=0
fLineRemoval0=1
fMesh0=0
sfOverWrite=0
ShowLabels=0
AutoSize=1
FrameOffset=0

[Gain 8]
Version=4.00
Precision=1
Framesize=0
FramesizeIn0=0
RCFlagIn0=0
DTFlagIn0=0
SampFreqIn0=0.0
FramesizeOut0=0
RCFlagOut0=0
DTFlagOut0=0
SampFreqOut0=0.0
_Gain=-1.0

[Buffer 3]
Version=2.01
Precision=-1
Framesize=0
FramesizeIn0=0
RCFlagIn0=0
DTFlagIn0=0
SampFreqIn0=0.0
FramesizeOut0=0
RCFlagOut0=0
DTFlagOut0=0
SampFreqOut0=0.0
_BufferSize=512
NumLocalElements0=1000

[Single Channel Display 6]
Version=4.00
Precision=-1
Framesize=512
FramesizeIn0=0
RCFlagIn0=0
DTFlagIn0=0
SampFreqIn0=0.0
Columns=4
ShowIndices=0
HTicks=2
VTicks=8
DigitPrecision=4
DecimalPrecision=2
Shadow=0
fUseSec=0
wfDense=20
Theta=45.0
Title0=Default Graph Title 0
HLabel0=Samples
VLabel0=Amplitude
BackGroundColor0=0
GridColor0=6
WaveColor0=12
ScaleColor0=6
XAmp0.Min=0.0
XAmp0.Max=512.0
XAmp0.UserScale=1.0
XAmp0.StrLabelMin=
XAmp0.StrLabelMax=
XAmp0.PercMin=50.0
XAmp0.PercMax=50.0
XAmp0.PercDev=5.0
XAmp0.fAutoMin=0
XAmp0.fAutoMax=0
XAmp0.RoundOff=10.0
XAmp0.Precision=0
XAmp0.Scaling=0
XAmp0.LogBase=10.0
XAmp0.LogFactor=1.0
YAmp0.Min=0.0
YAmp0.Max=60.0
YAmp0.UserScale=1.0
YAmp0.StrLabelMin=
YAmp0.StrLabelMax=
YAmp0.PercMin=50.0
YAmp0.PercMax=50.0
YAmp0.PercDev=5.0
YAmp0.fAutoMin=1
YAmp0.fAutoMax=1
YAmp0.RoundOff=1.0
YAmp0.Precision=0
YAmp0.Scaling=0
YAmp0.LogBase=10.0
YAmp0.LogFactor=1.0
XAmpSec0.Min=-1000.0
XAmpSec0.Max=1000.0
XAmpSec0.PercMin=50.0
XAmpSec0.PercMax=50.0
XAmpSec0.PercDev=5.0
XAmpSec0.fAutoMin=1
XAmpSec0.fAutoMax=1
XAmpSec0.Precision=0
XAmpSec0.Scaling=0
XAmpSec0.LogBase=10.0
XAmpSec0.LogFactor=1.0
YAmpSec0.Min=-1000.0
YAmpSec0.Max=1000.0
YAmpSec0.PercMin=50.0
YAmpSec0.PercMax=50.0
YAmpSec0.PercDev=5.0
YAmpSec0.fAutoMin=1
YAmpSec0.fAutoMax=1
YAmpSec0.Precision=0
YAmpSec0.Scaling=0
YAmpSec0.LogBase=10.0
YAmpSec0.LogFactor=1.0
TracePause0=1
fOverWrite0=0
Mode0=0
DrawMode0=0
DisplayMode0=5
Shape0=0
ShapeColor0=7
ShowLabels0=0
fLineRemoval0=1
fMesh0=0
sfOverWrite=0
ShowLabels=0
AutoSize=1
FrameOffset=0

[Delay 15]
Version=2.01
Precision=-1
Framesize=0
FramesizeIn0=0
RCFlagIn0=0
DTFlagIn0=0
SampFreqIn0=0.0
FramesizeOut0=0
RCFlagOut0=0
DTFlagOut0=0
SampFreqOut0=0.0
_DelaySamples=64
NumLocalElements0=1000

[Multiply 6]
Version=4.00
Precision=-1
Framesize=0
FramesizeIn0=0
RCFlagIn0=0
DTFlagIn0=0
SampFreqIn0=0.0
FramesizeIn1=0
RCFlagIn1=0
DTFlagIn1=0
SampFreqIn1=0.0
FramesizeOut0=0
RCFlagOut0=0
DTFlagOut0=0
SampFreqOut0=0.0
_SmallFramesize=302
_FramesizeWarning=305

[Delay 16]
Version=2.01
Precision=-1
Framesize=0
FramesizeIn0=0
RCFlagIn0=0
DTFlagIn0=0
SampFreqIn0=0.0
FramesizeOut0=0
RCFlagOut0=0
DTFlagOut0=0
SampFreqOut0=0.0
_DelaySamples=1
NumLocalElements0=1000

[Delay 17]
Version=2.01
Precision=-1
Framesize=0
FramesizeIn0=0
RCFlagIn0=0
DTFlagIn0=0
SampFreqIn0=0.0
FramesizeOut0=0
RCFlagOut0=0
DTFlagOut0=0
SampFreqOut0=0.0
_DelaySamples=1
NumLocalElements0=1000

[Delay 18]
Version=2.01
Precision=-1
Framesize=0
FramesizeIn0=0
RCFlagIn0=0
DTFlagIn0=0
SampFreqIn0=0.0
FramesizeOut0=0
RCFlagOut0=0
DTFlagOut0=0
SampFreqOut0=0.0
_DelaySamples=1
NumLocalElements0=1000

[Delay 19]
Version=2.01
Precision=-1
Framesize=0
FramesizeIn0=0
RCFlagIn0=0
DTFlagIn0=0
SampFreqIn0=0.0
FramesizeOut0=0
RCFlagOut0=0
DTFlagOut0=0
SampFreqOut0=0.0
_DelaySamples=1
NumLocalElements0=1000

[Five Input Add 4]
Version=
Precision=-1
Framesize=0
FramesizeIn0=0
RCFlagIn0=0
DTFlagIn0=0
SampFreqIn0=0.0
FramesizeIn1=0
RCFlagIn1=0
DTFlagIn1=0
SampFreqIn1=0.0
FramesizeIn2=0
RCFlagIn2=0
DTFlagIn2=0
SampFreqIn2=0.0
FramesizeIn3=0
RCFlagIn3=0
DTFlagIn3=0
SampFreqIn3=0.0
FramesizeIn4=0
RCFlagIn4=0
DTFlagIn4=0
SampFreqIn4=0.0
FramesizeOut0=0
RCFlagOut0=0
DTFlagOut0=0
SampFreqOut0=0.0

[Single Channel Display 9]
Version=4.00
Precision=-1
Framesize=512
FramesizeIn0=0
RCFlagIn0=0
DTFlagIn0=0
SampFreqIn0=0.0
Columns=4
ShowIndices=0
HTicks=2
VTicks=8
DigitPrecision=4
DecimalPrecision=2
Shadow=0
fUseSec=0
wfDense=20
Theta=45.0
Title0=Default Graph Title 0
HLabel0=Samples
VLabel0=Amplitude
BackGroundColor0=0
GridColor0=6
WaveColor0=9
ScaleColor0=6
XAmp0.Min=0.0
XAmp0.Max=512.0
XAmp0.UserScale=1.0
XAmp0.StrLabelMin=
XAmp0.StrLabelMax=
XAmp0.PercMin=50.0
XAmp0.PercMax=50.0
XAmp0.PercDev=5.0
XAmp0.fAutoMin=0
XAmp0.fAutoMax=0
XAmp0.RoundOff=10.0
XAmp0.Precision=0
XAmp0.Scaling=0
XAmp0.LogBase=10.0
XAmp0.LogFactor=1.0
YAmp0.Min=0.0
YAmp0.Max=60.0
YAmp0.UserScale=1.0
YAmp0.StrLabelMin=
YAmp0.StrLabelMax=
YAmp0.PercMin=50.0
YAmp0.PercMax=50.0
YAmp0.PercDev=5.0
YAmp0.fAutoMin=1
YAmp0.fAutoMax=1
YAmp0.RoundOff=1.0
YAmp0.Precision=0
YAmp0.Scaling=0
YAmp0.LogBase=10.0
YAmp0.LogFactor=1.0
XAmpSec0.Min=-1000.0
XAmpSec0.Max=1000.0
XAmpSec0.PercMin=50.0
XAmpSec0.PercMax=50.0
XAmpSec0.PercDev=5.0
XAmpSec0.fAutoMin=1
XAmpSec0.fAutoMax=1
XAmpSec0.Precision=0
XAmpSec0.Scaling=0
XAmpSec0.LogBase=10.0
XAmpSec0.LogFactor=1.0
YAmpSec0.Min=-1000.0
YAmpSec0.Max=1000.0
YAmpSec0.PercMin=50.0
YAmpSec0.PercMax=50.0
YAmpSec0.PercDev=5.0
YAmpSec0.fAutoMin=1
YAmpSec0.fAutoMax=1
YAmpSec0.Precision=0
YAmpSec0.Scaling=0
YAmpSec0.LogBase=10.0
YAmpSec0.LogFactor=1.0
TracePause0=1
fOverWrite0=0
Mode0=0
DrawMode0=0
DisplayMode0=5
Shape0=0
ShapeColor0=7
ShowLabels0=0
fLineRemoval0=1
fMesh0=0
sfOverWrite=0
ShowLabels=0
AutoSize=1
FrameOffset=0

[Constant Generator 7]
Version=4.00
Precision=0
Framesize=1
FramesizeOut0=0
RCFlagOut0=0
DTFlagOut0=0
SampFreqOut0=0.0
_Amplitude=1.0
_ofFrames=1
_SampleRate=Sample Rate

[Multiply 7]
Version=4.00
Precision=1
Framesize=0
FramesizeIn0=0
RCFlagIn0=0
DTFlagIn0=0
SampFreqIn0=0.0
FramesizeIn1=0
RCFlagIn1=0
DTFlagIn1=0
SampFreqIn1=0.0
FramesizeOut0=0
RCFlagOut0=0
DTFlagOut0=0
SampFreqOut0=0.0
_SmallFramesize=303
_FramesizeWarning=306

[Gain 6]
Version=4.00
Precision=0
Framesize=0
FramesizeIn0=0
RCFlagIn0=0
DTFlagIn0=0
SampFreqIn0=0.0
FramesizeOut0=0
RCFlagOut0=0
DTFlagOut0=0
SampFreqOut0=0.0
_Gain=-1.0

[Add 1]
Version=4.00
Precision=-1
Framesize=0
FramesizeIn0=0
RCFlagIn0=0
DTFlagIn0=0
SampFreqIn0=0.0
FramesizeIn1=0
RCFlagIn1=0
DTFlagIn1=0
SampFreqIn1=0.0
FramesizeOut0=0
RCFlagOut0=0
DTFlagOut0=0
SampFreqOut0=0.0
_OverflowHandling=302
_SmallFramesize=305
_FramesizeWarning=309

