[Block Diagram Listing]
Header=Hypersignal for Windows Block Diagram Application, Block Listing
Version=4.00
Block Count=26
Horizontal Scroll Position=0
Vertical Scroll Position=0
Manual Compile=0
Block Library1=Simulation Library
Block Name1=Noise Generator 1
DLL Name1=NOISE.DLL
Block Type1=2
Block Class1=0
Layer1=-1
Position1=32,128,64,160
Input Count1=0
Output Count1=1
Parameter Count1=0
Block Library2=Simulation Library
Block Name2=Delay 1
DLL Name2=DELAY.DLL
Block Label2=Delay 2
Block Type2=2
Block Class2=0
Layer2=-1
Position2=128,96,160,128
Input Count2=1
Output Count2=1
Parameter Count2=0
Block2,Input Channel 0=Noise Generator 1,Output Channel 0
Block Library3=Simulation Library
Block Name3=Delay 2
DLL Name3=DELAY.DLL
Block Label3=Delay 3
Block Type3=2
Block Class3=0
Layer3=-1
Position3=192,96,224,128
Input Count3=1
Output Count3=1
Parameter Count3=0
Block3,Input Channel 0=Delay 1,Output Channel 0
Block Library4=Simulation Library
Block Name4=Delay 3
DLL Name4=DELAY.DLL
Block Label4=Delay 4
Block Type4=2
Block Class4=0
Layer4=-1
Position4=256,96,288,128
Input Count4=1
Output Count4=1
Parameter Count4=0
Block4,Input Channel 0=Delay 2,Output Channel 0
Block Library5=Simulation Library
Block Name5=Delay 7
DLL Name5=DELAY.DLL
Block Label5=Delay 5
Block Type5=2
Block Class5=0
Layer5=-1
Position5=320,96,352,128
Input Count5=1
Output Count5=1
Parameter Count5=0
Block5,Input Channel 0=Delay 3,Output Channel 0
Block Library6=Simulation Library
Block Name6=Five Input Add 3
DLL Name6=FIVEADD.DLL
Block Label6=Five Input Add 1
Block Type6=2
Block Class6=0
Layer6=-1
Position6=416,96,448,384
Input Count6=5
Output Count6=1
Parameter Count6=0
Block6,Input Channel 0=Delay 7,Output Channel 0
Block6,Input Channel 1=Delay 3,Output Channel 0
Block6,Input Channel 2=Delay 2,Output Channel 0
Block6,Input Channel 3=Delay 1,Output Channel 0
Block6,Input Channel 4=Noise Generator 1,Output Channel 0
Block Library7=Simulation Library
Block Name7=Delay 9
DLL Name7=DELAY.DLL
Block Label7=Delay 6
Block Type7=2
Block Class7=0
Layer7=-1
Position7=96,384,128,416
Input Count7=1
Output Count7=1
Parameter Count7=0
Block7,Input Channel 0=Noise Generator 1,Output Channel 0
Block Library8=Simulation Library
Block Name8=Delay 10
DLL Name8=DELAY.DLL
Block Label8=Delay 7
Block Type8=2
Block Class8=0
Layer8=-1
Position8=160,384,192,416
Input Count8=1
Output Count8=1
Parameter Count8=0
Block8,Input Channel 0=Delay 9,Output Channel 0
Block Library9=Simulation Library
Block Name9=Delay 11
DLL Name9=DELAY.DLL
Block Label9=Delay 8
Block Type9=2
Block Class9=0
Layer9=-1
Position9=224,384,256,416
Input Count9=1
Output Count9=1
Parameter Count9=0
Block9,Input Channel 0=Delay 10,Output Channel 0
Block Library10=Simulation Library
Block Name10=Delay 12
DLL Name10=DELAY.DLL
Block Label10=Delay 9
Block Type10=2
Block Class10=0
Layer10=-1
Position10=288,384,320,416
Input Count10=1
Output Count10=1
Parameter Count10=0
Block10,Input Channel 0=Delay 11,Output Channel 0
Block Library11=Simulation Library
Block Name11=Five Input Add 4
DLL Name11=FIVEADD.DLL
Block Label11=Five Input Add 3
Block Type11=2
Block Class11=0
Layer11=-1
Position11=448,416,480,576
Input Count11=5
Output Count11=1
Parameter Count11=0
Block11,Input Channel 0=Delay 12,Output Channel 0
Block11,Input Channel 1=Delay 11,Output Channel 0
Block11,Input Channel 2=Delay 10,Output Channel 0
Block11,Input Channel 3=Delay 9,Output Channel 0
Block11,Input Channel 4=Noise Generator 1,Output Channel 0
Block Library12=Simulation Library
Block Name12=Delay 13
DLL Name12=DELAY.DLL
Block Label12=Delay 10
Block Type12=2
Block Class12=0
Layer12=-1
Position12=96,672,128,704
Input Count12=1
Output Count12=1
Parameter Count12=0
Block12,Input Channel 0=Delay 12,Output Channel 0
Block Library13=Simulation Library
Block Name13=Delay 14
DLL Name13=DELAY.DLL
Block Label13=Delay 11
Block Type13=2
Block Class13=0
Layer13=-1
Position13=160,672,192,704
Input Count13=1
Output Count13=1
Parameter Count13=0
Block13,Input Channel 0=Delay 13,Output Channel 0
Block Library14=Simulation Library
Block Name14=Delay 15
DLL Name14=DELAY.DLL
Block Label14=Delay 12
Block Type14=2
Block Class14=0
Layer14=-1
Position14=224,672,256,704
Input Count14=1
Output Count14=1
Parameter Count14=0
Block14,Input Channel 0=Delay 14,Output Channel 0
Block Library15=Simulation Library
Block Name15=Delay 16
DLL Name15=DELAY.DLL
Block Label15=Delay 13
Block Type15=2
Block Class15=0
Layer15=-1
Position15=288,672,320,704
Input Count15=1
Output Count15=1
Parameter Count15=0
Block15,Input Channel 0=Delay 15,Output Channel 0
Block Library16=Simulation Library
Block Name16=Five Input Add 5
DLL Name16=FIVEADD.DLL
Block Label16=Five Input Add 2
Block Type16=2
Block Class16=0
Layer16=-1
Position16=448,608,480,768
Input Count16=5
Output Count16=1
Parameter Count16=0
Block16,Input Channel 0=Delay 17,Output Channel 0
Block16,Input Channel 1=Delay 16,Output Channel 0
Block16,Input Channel 2=Delay 15,Output Channel 0
Block16,Input Channel 3=Delay 14,Output Channel 0
Block16,Input Channel 4=Delay 13,Output Channel 0
Block Library17=Simulation Library
Block Name17=Delay 17
DLL Name17=DELAY.DLL
Block Label17=Delay 14
Block Type17=2
Block Class17=0
Layer17=-1
Position17=352,672,384,704
Input Count17=1
Output Count17=1
Parameter Count17=0
Block17,Input Channel 0=Delay 16,Output Channel 0
Block Library18=Simulation Library
Block Name18=Add 1
DLL Name18=ADD.DLL
Block Type18=2
Block Class18=0
Layer18=-1
Position18=544,512,576,544
Input Count18=2
Output Count18=1
Parameter Count18=0
Block18,Input Channel 0=Five Input Add 4,Output Channel 0
Block18,Input Channel 1=Five Input Add 5,Output Channel 0
Block Library19=Simulation Library
Block Name19=Gain 1
DLL Name19=GAIN.DLL
Block Label19=Gain = 1.0/5.0 = 0.2
Block Type19=2
Block Class19=0
Layer19=-1
Position19=544,64,576,96
Input Count19=1
Output Count19=1
Parameter Count19=0
Block19,Input Channel 0=Five Input Add 3,Output Channel 0
Block Library20=Simulation Library
Block Name20=Gain 2
DLL Name20=GAIN.DLL
Block Label20=Gain = 1.0/10.0 = 0.1
Block Type20=2
Block Class20=0
Layer20=-1
Position20=672,512,704,544
Input Count20=1
Output Count20=1
Parameter Count20=0
Block20,Input Channel 0=Add 1,Output Channel 0
Block Library21=Simulation Library
Block Name21=FFT 2
DLL Name21=FFT.DLL
Block Label21=FFT 1
Block Type21=2
Block Class21=0
Layer21=-1
Position21=640,32,672,64
Input Count21=1
Output Count21=1
Parameter Count21=0
Block21,Input Channel 0=Gain 1,Output Channel 0
Block Library22=Simulation Library
Block Name22=Magnitude 2
DLL Name22=MAG.DLL
Block Label22=Magnitude 1
Block Type22=2
Block Class22=0
Layer22=-1
Position22=704,32,736,64
Input Count22=1
Output Count22=1
Parameter Count22=0
Block22,Input Channel 0=FFT 2,Output Channel 0
Block Library23=Simulation Library
Block Name23=Single Channel Display 3
DLL Name23=SCD.DLL
Block Label23=Frequency Response
Block Label Color23=255,255,0
Block Label Font23=-17,0,0,0,700,0,0,0,0,1,2,1,34,MS Sans Serif
Block Type23=8
Block Class23=0
Layer23=-1
Position23=544,192,896,320
Input Count23=1
Output Count23=0
Parameter Count23=0
Block23,Input Channel 0=Magnitude 2,Output Channel 0
Block Library24=Simulation Library
Block Name24=FFT 4
DLL Name24=FFT.DLL
Block Label24=FFT 2
Block Type24=2
Block Class24=0
Layer24=-1
Position24=768,512,800,544
Input Count24=1
Output Count24=1
Parameter Count24=0
Block24,Input Channel 0=Gain 2,Output Channel 0
Block Library25=Simulation Library
Block Name25=Magnitude 4
DLL Name25=MAG.DLL
Block Label25=Magnitude 2
Block Type25=2
Block Class25=0
Layer25=-1
Position25=864,512,896,544
Input Count25=1
Output Count25=1
Parameter Count25=0
Block25,Input Channel 0=FFT 4,Output Channel 0
Block Library26=Simulation Library
Block Name26=Single Channel Display 1
DLL Name26=SCD.DLL
Block Label26=Frequency Response
Block Label Color26=255,255,0
Block Label Font26=-17,0,0,0,700,0,0,0,0,1,2,1,34,MS Sans Serif
Block Type26=8
Block Class26=0
Layer26=-1
Position26=544,576,896,704
Input Count26=1
Output Count26=0
Parameter Count26=0
Block26,Input Channel 0=Magnitude 4,Output Channel 0

[Variables]
Num=2
Var1=Framesize
Value1=256
Var2=Sample Rate
Value2=8000.0

[Environment]
Undo Buffer Size=30

[Text Boxes]
Count=5
Text1=5 point moving average|FIR low pass filter
Position1=277,32
ColorR1=0
ColorG1=255
ColorB1=0
Font1=-20,0,0,0,700,0,0,0,0,1,2,1,34,MS Sans Serif
Text2=10 point moving average|FIR low pass filter
Position2=556,437
ColorR2=0
ColorG2=255
ColorB2=0
Font2=-20,0,0,0,700,0,0,0,0,1,2,1,34,MS Sans Serif
Text3=All Delay Values = 1 sample
Position3=103,591
ColorR3=0
ColorG3=255
ColorB3=255
Font3=-17,0,0,0,700,0,0,0,0,1,2,1,34,MS Sans Serif
Text4=All Delay Values = 1 sample
Position4=121,278
ColorR4=0
ColorG4=255
ColorB4=255
Font4=-17,0,0,0,700,0,0,0,0,1,2,1,34,MS Sans Serif
Text5=Please note that this demo contains a limited block|function library -- contact Hyperception for information|on the complete production library function list.
Position5=5,5
ColorR5=255
ColorG5=255
ColorB5=0
Font5=-11,0,0,0,400,0,0,0,0,1,2,1,34,MS Sans Serif

[Layers]
Current Layer=-1
Mode=1
Num=1

[Noise Generator 1]
Version=4.00
Precision=1
Framesize=512
FramesizeOut0=512
RCFlagOut0=0
DTFlagOut0=1
SampFreqOut0=8000.0
_Amplitude=1.0
_DCOffset=0.0
_ofFrames=0
_SampleRate=Sample Rate
offset=11

[Delay 1]
Version=2.01
Precision=-1
Framesize=512
FramesizeIn0=512
RCFlagIn0=0
DTFlagIn0=1
SampFreqIn0=8000.0
FramesizeOut0=512
RCFlagOut0=0
DTFlagOut0=1
SampFreqOut0=8000.0
_DelaySamples=1
NumLocalElements0=1024

[Delay 2]
Version=2.01
Precision=-1
Framesize=512
FramesizeIn0=512
RCFlagIn0=0
DTFlagIn0=1
SampFreqIn0=8000.0
FramesizeOut0=512
RCFlagOut0=0
DTFlagOut0=1
SampFreqOut0=8000.0
_DelaySamples=1
NumLocalElements0=1024

[Delay 3]
Version=2.01
Precision=-1
Framesize=512
FramesizeIn0=512
RCFlagIn0=0
DTFlagIn0=1
SampFreqIn0=8000.0
FramesizeOut0=512
RCFlagOut0=0
DTFlagOut0=1
SampFreqOut0=8000.0
_DelaySamples=1
NumLocalElements0=1024

[Delay 7]
Version=2.01
Precision=-1
Framesize=512
FramesizeIn0=512
RCFlagIn0=0
DTFlagIn0=1
SampFreqIn0=8000.0
FramesizeOut0=512
RCFlagOut0=0
DTFlagOut0=1
SampFreqOut0=8000.0
_DelaySamples=1
NumLocalElements0=1024

[Five Input Add 3]
Version=
Precision=-1
Framesize=512
FramesizeIn0=512
RCFlagIn0=0
DTFlagIn0=1
SampFreqIn0=8000.0
FramesizeIn1=512
RCFlagIn1=0
DTFlagIn1=1
SampFreqIn1=8000.0
FramesizeIn2=512
RCFlagIn2=0
DTFlagIn2=1
SampFreqIn2=8000.0
FramesizeIn3=512
RCFlagIn3=0
DTFlagIn3=1
SampFreqIn3=8000.0
FramesizeIn4=512
RCFlagIn4=0
DTFlagIn4=1
SampFreqIn4=8000.0
FramesizeOut0=512
RCFlagOut0=0
DTFlagOut0=1
SampFreqOut0=8000.0

[Delay 9]
Version=2.01
Precision=-1
Framesize=512
FramesizeIn0=512
RCFlagIn0=0
DTFlagIn0=1
SampFreqIn0=8000.0
FramesizeOut0=512
RCFlagOut0=0
DTFlagOut0=1
SampFreqOut0=8000.0
_DelaySamples=1
NumLocalElements0=1024

[Delay 10]
Version=2.01
Precision=-1
Framesize=512
FramesizeIn0=512
RCFlagIn0=0
DTFlagIn0=1
SampFreqIn0=8000.0
FramesizeOut0=512
RCFlagOut0=0
DTFlagOut0=1
SampFreqOut0=8000.0
_DelaySamples=1
NumLocalElements0=1024

[Delay 11]
Version=2.01
Precision=-1
Framesize=512
FramesizeIn0=512
RCFlagIn0=0
DTFlagIn0=1
SampFreqIn0=8000.0
FramesizeOut0=512
RCFlagOut0=0
DTFlagOut0=1
SampFreqOut0=8000.0
_DelaySamples=1
NumLocalElements0=1024

[Delay 12]
Version=2.01
Precision=-1
Framesize=512
FramesizeIn0=512
RCFlagIn0=0
DTFlagIn0=1
SampFreqIn0=8000.0
FramesizeOut0=512
RCFlagOut0=0
DTFlagOut0=1
SampFreqOut0=8000.0
_DelaySamples=1
NumLocalElements0=1024

[Five Input Add 4]
Version=
Precision=-1
Framesize=512
FramesizeIn0=512
RCFlagIn0=0
DTFlagIn0=1
SampFreqIn0=8000.0
FramesizeIn1=512
RCFlagIn1=0
DTFlagIn1=1
SampFreqIn1=8000.0
FramesizeIn2=512
RCFlagIn2=0
DTFlagIn2=1
SampFreqIn2=8000.0
FramesizeIn3=512
RCFlagIn3=0
DTFlagIn3=1
SampFreqIn3=8000.0
FramesizeIn4=512
RCFlagIn4=0
DTFlagIn4=1
SampFreqIn4=8000.0
FramesizeOut0=512
RCFlagOut0=0
DTFlagOut0=1
SampFreqOut0=8000.0

[Delay 13]
Version=2.01
Precision=-1
Framesize=512
FramesizeIn0=512
RCFlagIn0=0
DTFlagIn0=1
SampFreqIn0=8000.0
FramesizeOut0=512
RCFlagOut0=0
DTFlagOut0=1
SampFreqOut0=8000.0
_DelaySamples=1
NumLocalElements0=1024

[Delay 14]
Version=2.01
Precision=-1
Framesize=512
FramesizeIn0=512
RCFlagIn0=0
DTFlagIn0=1
SampFreqIn0=8000.0
FramesizeOut0=512
RCFlagOut0=0
DTFlagOut0=1
SampFreqOut0=8000.0
_DelaySamples=1
NumLocalElements0=1024

[Delay 15]
Version=2.01
Precision=-1
Framesize=512
FramesizeIn0=512
RCFlagIn0=0
DTFlagIn0=1
SampFreqIn0=8000.0
FramesizeOut0=512
RCFlagOut0=0
DTFlagOut0=1
SampFreqOut0=8000.0
_DelaySamples=1
NumLocalElements0=1024

[Delay 16]
Version=2.01
Precision=-1
Framesize=512
FramesizeIn0=512
RCFlagIn0=0
DTFlagIn0=1
SampFreqIn0=8000.0
FramesizeOut0=512
RCFlagOut0=0
DTFlagOut0=1
SampFreqOut0=8000.0
_DelaySamples=1
NumLocalElements0=1024

[Five Input Add 5]
Version=
Precision=-1
Framesize=512
FramesizeIn0=512
RCFlagIn0=0
DTFlagIn0=1
SampFreqIn0=8000.0
FramesizeIn1=512
RCFlagIn1=0
DTFlagIn1=1
SampFreqIn1=8000.0
FramesizeIn2=512
RCFlagIn2=0
DTFlagIn2=1
SampFreqIn2=8000.0
FramesizeIn3=512
RCFlagIn3=0
DTFlagIn3=1
SampFreqIn3=8000.0
FramesizeIn4=512
RCFlagIn4=0
DTFlagIn4=1
SampFreqIn4=8000.0
FramesizeOut0=512
RCFlagOut0=0
DTFlagOut0=1
SampFreqOut0=8000.0

[Delay 17]
Version=2.01
Precision=-1
Framesize=512
FramesizeIn0=512
RCFlagIn0=0
DTFlagIn0=1
SampFreqIn0=8000.0
FramesizeOut0=512
RCFlagOut0=0
DTFlagOut0=1
SampFreqOut0=8000.0
_DelaySamples=1
NumLocalElements0=1024

[Add 1]
Version=4.00
Precision=-1
Framesize=512
FramesizeIn0=512
RCFlagIn0=0
DTFlagIn0=1
SampFreqIn0=8000.0
FramesizeIn1=512
RCFlagIn1=0
DTFlagIn1=1
SampFreqIn1=8000.0
FramesizeOut0=512
RCFlagOut0=0
DTFlagOut0=1
SampFreqOut0=8000.0
_OverflowHandling=303
_SmallFramesize=306
_FramesizeWarning=309

[Gain 1]
Version=4.00
Precision=1
Framesize=512
FramesizeIn0=512
RCFlagIn0=0
DTFlagIn0=1
SampFreqIn0=8000.0
FramesizeOut0=512
RCFlagOut0=0
DTFlagOut0=1
SampFreqOut0=8000.0
_Gain=0.2

[Gain 2]
Version=4.00
Precision=1
Framesize=512
FramesizeIn0=512
RCFlagIn0=0
DTFlagIn0=1
SampFreqIn0=8000.0
FramesizeOut0=512
RCFlagOut0=0
DTFlagOut0=1
SampFreqOut0=8000.0
_Gain=0.1

[FFT 2]
Version=4.00
Precision=-1
Framesize=512
FramesizeIn0=512
RCFlagIn0=0
DTFlagIn0=1
SampFreqIn0=8000.0
FramesizeOut0=512
RCFlagOut0=1
DTFlagOut0=1
SampFreqOut0=8000.0
_FFTOrder=9
NumLocalElements0=0
NumLocalElements1=0

[Magnitude 2]
Version=4.00
Precision=-1
Framesize=257
FramesizeIn0=512
RCFlagIn0=1
DTFlagIn0=1
SampFreqIn0=8000.0
FramesizeOut0=257
RCFlagOut0=0
DTFlagOut0=1
SampFreqOut0=8000.0

[Single Channel Display 3]
Version=4.00
Precision=-1
Framesize=257
FramesizeIn0=257
RCFlagIn0=0
DTFlagIn0=1
SampFreqIn0=8000.0
Columns=4
ShowIndices=0
HTicks=10
VTicks=10
DigitPrecision=4
DecimalPrecision=2
Shadow=0
fUseSec=0
wfDense=20
Theta=45.0
Title0=Default Graph Title 0
HLabel0=Samples
VLabel0=Amplitude
BackGroundColor0=3
GridColor0=6
WaveColor0=12
ScaleColor0=6
XAmp0.Min=0.0
XAmp0.Max=257.0
XAmp0.UserScale=1.0
XAmp0.StrLabelMin=
XAmp0.StrLabelMax=
XAmp0.PercMin=50.0
XAmp0.PercMax=50.0
XAmp0.PercDev=5.0
XAmp0.fAutoMin=0
XAmp0.fAutoMax=0
XAmp0.RoundOff=10.0
XAmp0.Precision=0
XAmp0.Scaling=0
XAmp0.LogBase=10.0
XAmp0.LogFactor=1.0
YAmp0.Min=0.0
YAmp0.Max=32.0
YAmp0.UserScale=1.0
YAmp0.StrLabelMin=
YAmp0.StrLabelMax=
YAmp0.PercMin=50.0
YAmp0.PercMax=50.0
YAmp0.PercDev=5.0
YAmp0.fAutoMin=0
YAmp0.fAutoMax=0
YAmp0.RoundOff=1.0
YAmp0.Precision=0
YAmp0.Scaling=0
YAmp0.LogBase=10.0
YAmp0.LogFactor=1.0
XAmpSec0.Min=-1000.0
XAmpSec0.Max=1000.0
XAmpSec0.PercMin=50.0
XAmpSec0.PercMax=50.0
XAmpSec0.PercDev=5.0
XAmpSec0.fAutoMin=1
XAmpSec0.fAutoMax=1
XAmpSec0.Precision=0
XAmpSec0.Scaling=0
XAmpSec0.LogBase=10.0
XAmpSec0.LogFactor=1.0
YAmpSec0.Min=-1000.0
YAmpSec0.Max=1000.0
YAmpSec0.PercMin=50.0
YAmpSec0.PercMax=50.0
YAmpSec0.PercDev=5.0
YAmpSec0.fAutoMin=1
YAmpSec0.fAutoMax=1
YAmpSec0.Precision=0
YAmpSec0.Scaling=0
YAmpSec0.LogBase=10.0
YAmpSec0.LogFactor=1.0
TracePause0=1
fOverWrite0=0
Mode0=2
DrawMode0=0
DisplayMode0=5
Shape0=0
ShapeColor0=7
ShowLabels0=0
fLineRemoval0=1
fMesh0=0
sfOverWrite=0
ShowLabels=0
AutoSize=1
FrameOffset=0

[FFT 4]
Version=4.00
Precision=-1
Framesize=512
FramesizeIn0=512
RCFlagIn0=0
DTFlagIn0=1
SampFreqIn0=8000.0
FramesizeOut0=512
RCFlagOut0=1
DTFlagOut0=1
SampFreqOut0=8000.0
_FFTOrder=9
NumLocalElements0=0
NumLocalElements1=0

[Magnitude 4]
Version=4.00
Precision=-1
Framesize=257
FramesizeIn0=512
RCFlagIn0=1
DTFlagIn0=1
SampFreqIn0=8000.0
FramesizeOut0=257
RCFlagOut0=0
DTFlagOut0=1
SampFreqOut0=8000.0

[Single Channel Display 1]
Version=4.00
Precision=-1
Framesize=257
FramesizeIn0=257
RCFlagIn0=0
DTFlagIn0=1
SampFreqIn0=8000.0
Columns=4
ShowIndices=0
HTicks=10
VTicks=10
DigitPrecision=4
DecimalPrecision=2
Shadow=0
fUseSec=0
wfDense=20
Theta=45.0
Title0=Default Graph Title 0
HLabel0=Samples
VLabel0=Amplitude
BackGroundColor0=5
GridColor0=6
WaveColor0=11
ScaleColor0=6
XAmp0.Min=0.0
XAmp0.Max=257.0
XAmp0.UserScale=1.0
XAmp0.StrLabelMin=
XAmp0.StrLabelMax=
XAmp0.PercMin=50.0
XAmp0.PercMax=50.0
XAmp0.PercDev=5.0
XAmp0.fAutoMin=0
XAmp0.fAutoMax=0
XAmp0.RoundOff=10.0
XAmp0.Precision=0
XAmp0.Scaling=0
XAmp0.LogBase=10.0
XAmp0.LogFactor=1.0
YAmp0.Min=0.0
YAmp0.Max=32.0
YAmp0.UserScale=1.0
YAmp0.StrLabelMin=
YAmp0.StrLabelMax=
YAmp0.PercMin=50.0
YAmp0.PercMax=50.0
YAmp0.PercDev=5.0
YAmp0.fAutoMin=0
YAmp0.fAutoMax=0
YAmp0.RoundOff=1.0
YAmp0.Precision=0
YAmp0.Scaling=0
YAmp0.LogBase=10.0
YAmp0.LogFactor=1.0
XAmpSec0.Min=-1000.0
XAmpSec0.Max=1000.0
XAmpSec0.PercMin=50.0
XAmpSec0.PercMax=50.0
XAmpSec0.PercDev=5.0
XAmpSec0.fAutoMin=1
XAmpSec0.fAutoMax=1
XAmpSec0.Precision=0
XAmpSec0.Scaling=0
XAmpSec0.LogBase=10.0
XAmpSec0.LogFactor=1.0
YAmpSec0.Min=-1000.0
YAmpSec0.Max=1000.0
YAmpSec0.PercMin=50.0
YAmpSec0.PercMax=50.0
YAmpSec0.PercDev=5.0
YAmpSec0.fAutoMin=1
YAmpSec0.fAutoMax=1
YAmpSec0.Precision=0
YAmpSec0.Scaling=0
YAmpSec0.LogBase=10.0
YAmpSec0.LogFactor=1.0
TracePause0=1
fOverWrite0=0
Mode0=2
DrawMode0=0
DisplayMode0=5
Shape0=0
ShapeColor0=11
ShowLabels0=0
fLineRemoval0=1
fMesh0=0
sfOverWrite=0
ShowLabels=0
AutoSize=1
FrameOffset=0

