[Block Diagram Listing]
Header=Hypersignal for Windows Block Diagram Application, Block Listing
Version=4.00
Block Count=39
Horizontal Scroll Position=0
Vertical Scroll Position=0
Manual Compile=0
Block Library1=Simulation Library
Block Name1=Cosine Generator 1
DLL Name1=COSINE.DLL
Block Type1=2
Block Class1=0
Layer1=-1
Position1=160,256,192,288
Input Count1=0
Output Count1=1
Parameter Count1=1
Block1,Parameter Line 0=Sets Frequency,,,0,0,0,0,700,1,0,0,0,1,2,1,34,MS Sans Serif
Block1,Parameter Input 0=Add 2,Output Channel 0,HDT_DOUBLE,202
Block Library2=Simulation Library
Block Name2=Constant Generator 2
DLL Name2=CONST.DLL
Block Label2=Constant Generator 1
Block Type2=2
Block Class2=0
Layer2=-1
Position2=64,416,96,448
Input Count2=0
Output Count2=1
Parameter Count2=0
Block Library3=Simulation Library
Block Name3=Buffer 5
DLL Name3=BUFFER.DLL
Block Label3=Buffer 1
Block Type3=2
Block Class3=0
Layer3=-1
Position3=224,160,256,192
Input Count3=1
Output Count3=1
Parameter Count3=0
Block3,Input Channel 0=Cosine Generator 1,Output Channel 0
Block Library4=Simulation Library
Block Name4=Single Channel Display 1
DLL Name4=SCD.DLL
Block Label4=FM signal waveform
Block Label Color4=255,255,0
Block Label Font4=-17,0,0,0,700,0,0,0,0,1,2,1,34,MS Sans Serif
Block Type4=8
Block Class4=0
Layer4=-1
Position4=320,480,736,576
Input Count4=1
Output Count4=0
Parameter Count4=0
Block4,Input Channel 0=Buffer 5,Output Channel 0
Block Library5=Simulation Library
Block Name5=Sweep (Chirp) Generator 1
DLL Name5=SWEEP.DLL
Block Label5=Sweep  Generator 1
Block Type5=2
Block Class5=0
Layer5=-1
Position5=64,544,96,576
Input Count5=0
Output Count5=1
Parameter Count5=0
Block Library6=Simulation Library
Block Name6=Add 2
DLL Name6=ADD.DLL
Block Label6=Add 1
Block Type6=2
Block Class6=0
Layer6=-1
Position6=128,480,160,512
Input Count6=2
Output Count6=1
Parameter Count6=0
Block6,Input Channel 0=Constant Generator 2,Output Channel 0
Block6,Input Channel 1=Sweep (Chirp) Generator 1,Output Channel 0
Block Library7=Simulation Library
Block Name7=Buffer 4
DLL Name7=BUFFER.DLL
Block Label7=Buffer 2
Block Type7=2
Block Class7=0
Layer7=-1
Position7=192,640,224,672
Input Count7=1
Output Count7=1
Parameter Count7=0
Block7,Input Channel 0=Sweep (Chirp) Generator 1,Output Channel 0
Block Library8=Simulation Library
Block Name8=Single Channel Display 2
DLL Name8=SCD.DLL
Block Label8=Source Signal
Block Label Color8=255,255,0
Block Label Font8=-17,0,0,0,700,0,0,0,0,1,2,1,34,MS Sans Serif
Block Type8=8
Block Class8=0
Layer8=-1
Position8=320,608,736,704
Input Count8=1
Output Count8=0
Parameter Count8=0
Block8,Input Channel 0=Buffer 4,Output Channel 0
Block Library9=Simulation Library
Block Name9=Delay 22
DLL Name9=DELAY.DLL
Block Label9=Delay 1
Block Type9=2
Block Class9=0
Layer9=-1
Position9=288,128,320,160
Input Count9=1
Output Count9=1
Parameter Count9=0
Block9,Input Channel 0=Buffer 5,Output Channel 0
Block Library10=Simulation Library
Block Name10=Add 3
DLL Name10=ADD.DLL
Block Label10=Add 2
Block Type10=2
Block Class10=0
Layer10=-1
Position10=352,192,384,224
Input Count10=2
Output Count10=1
Parameter Count10=0
Block10,Input Channel 0=Delay 22,Output Channel 0
Block10,Input Channel 1=Buffer 5,Output Channel 0
Block Library11=Simulation Library
Block Name11=Subtract 3
DLL Name11=SUB.DLL
Block Label11=Subtract 1
Block Type11=2
Block Class11=0
Layer11=-1
Position11=352,96,384,128
Input Count11=2
Output Count11=1
Parameter Count11=0
Block11,Input Channel 0=Buffer 5,Output Channel 0
Block11,Input Channel 1=Delay 22,Output Channel 0
Block Library12=Simulation Library
Block Name12=Multiply 4
DLL Name12=MULT.DLL
Block Label12=Multiply 1
Block Type12=2
Block Class12=0
Layer12=-1
Position12=416,96,448,128
Input Count12=2
Output Count12=1
Parameter Count12=0
Block12,Input Channel 0=Subtract 3,Output Channel 0
Block12,Input Channel 1=Subtract 3,Output Channel 0
Block Library13=Simulation Library
Block Name13=Multiply 5
DLL Name13=MULT.DLL
Block Label13=Multiply 2
Block Type13=2
Block Class13=0
Layer13=-1
Position13=416,192,448,224
Input Count13=2
Output Count13=1
Parameter Count13=0
Block13,Input Channel 0=Add 3,Output Channel 0
Block13,Input Channel 1=Add 3,Output Channel 0
Block Library14=Simulation Library
Block Name14=Subtract 4
DLL Name14=SUB.DLL
Block Label14=Subtract 2
Block Type14=2
Block Class14=0
Layer14=-1
Position14=480,144,512,176
Input Count14=2
Output Count14=1
Parameter Count14=0
Block14,Input Channel 0=Multiply 4,Output Channel 0
Block14,Input Channel 1=Multiply 5,Output Channel 0
Block Library15=Simulation Library
Block Name15=Five Input Add 6
DLL Name15=FIVEADD.DLL
Block Label15= 
Block Type15=2
Block Class15=0
Layer15=-1
Position15=864,0,896,32
Input Count15=5
Output Count15=1
Parameter Count15=0
Block15,Input Channel 0=Subtract 4,Output Channel 0
Block15,Input Channel 1=Gain 5,Output Channel 0
Block15,Input Channel 2=Gain 11,Output Channel 0
Block15,Input Channel 3=Gain 10,Output Channel 0
Block15,Input Channel 4=Gain 9,Output Channel 0
Block Library16=Simulation Library
Block Name16=Delay 23
DLL Name16=DELAY.DLL
Block Label16= 
Block Type16=2
Block Class16=0
Layer16=-1
Position16=544,160,576,192
Input Count16=1
Output Count16=1
Parameter Count16=0
Block16,Input Channel 0=Subtract 4,Output Channel 0
Block Library17=Simulation Library
Block Name17=Delay 24
DLL Name17=DELAY.DLL
Block Label17= 
Block Type17=2
Block Class17=0
Layer17=-1
Position17=608,160,640,192
Input Count17=1
Output Count17=1
Parameter Count17=0
Block17,Input Channel 0=Delay 23,Output Channel 0
Block Library18=Simulation Library
Block Name18=Delay 25
DLL Name18=DELAY.DLL
Block Label18=| 
Block Type18=2
Block Class18=0
Layer18=-1
Position18=672,160,704,192
Input Count18=1
Output Count18=1
Parameter Count18=0
Block18,Input Channel 0=Delay 24,Output Channel 0
Block Library19=Simulation Library
Block Name19=Delay 26
DLL Name19=DELAY.DLL
Block Label19= 
Block Type19=2
Block Class19=0
Layer19=-1
Position19=736,160,768,192
Input Count19=1
Output Count19=1
Parameter Count19=0
Block19,Input Channel 0=Delay 25,Output Channel 0
Block Library20=Simulation Library
Block Name20=Delay 27
DLL Name20=DELAY.DLL
Block Label20= 
Block Type20=2
Block Class20=0
Layer20=-1
Position20=800,160,832,192
Input Count20=1
Output Count20=1
Parameter Count20=0
Block20,Input Channel 0=Delay 26,Output Channel 0
Block Library21=Simulation Library
Block Name21=Delay 28
DLL Name21=DELAY.DLL
Block Label21= 
Block Type21=2
Block Class21=0
Layer21=-1
Position21=864,160,896,192
Input Count21=1
Output Count21=1
Parameter Count21=0
Block21,Input Channel 0=Delay 27,Output Channel 0
Block Library22=Simulation Library
Block Name22=Delay 29
DLL Name22=DELAY.DLL
Block Label22= 
Block Type22=2
Block Class22=0
Layer22=-1
Position22=928,160,960,192
Input Count22=1
Output Count22=1
Parameter Count22=0
Block22,Input Channel 0=Delay 28,Output Channel 0
Block Library23=Simulation Library
Block Name23=Delay 30
DLL Name23=DELAY.DLL
Block Label23= 
Block Type23=2
Block Class23=0
Layer23=-1
Position23=992,160,1024,192
Input Count23=1
Output Count23=1
Parameter Count23=0
Block23,Input Channel 0=Delay 29,Output Channel 0
Block Library24=Simulation Library
Block Name24=Gain 5
DLL Name24=GAIN.DLL
Block Label24= 
Block Type24=2
Block Class24=0
Layer24=-1
Position24=800,32,832,64
Input Count24=1
Output Count24=1
Parameter Count24=0
Block24,Input Channel 0=Delay 23,Output Channel 0
Block Library25=Simulation Library
Block Name25=Gain 6
DLL Name25=GAIN.DLL
Block Label25= 
Block Type25=2
Block Class25=0
Layer25=-1
Position25=1056,288,1088,320
Input Count25=1
Output Count25=1
Parameter Count25=0
Block25,Input Channel 0=Delay 27,Output Channel 0
Block Library26=Simulation Library
Block Name26=Gain 7
DLL Name26=GAIN.DLL
Block Label26= 
Block Type26=2
Block Class26=0
Layer26=-1
Position26=1056,224,1088,256
Input Count26=1
Output Count26=1
Parameter Count26=0
Block26,Input Channel 0=Delay 29,Output Channel 0
Block Library27=Simulation Library
Block Name27=Gain 8
DLL Name27=GAIN.DLL
Block Label27= 
Block Type27=2
Block Class27=0
Layer27=-1
Position27=1056,256,1088,288
Input Count27=1
Output Count27=1
Parameter Count27=0
Block27,Input Channel 0=Delay 28,Output Channel 0
Block Library28=Simulation Library
Block Name28=Gain 9
DLL Name28=GAIN.DLL
Block Label28= 
Block Type28=2
Block Class28=0
Layer28=-1
Position28=800,128,832,160
Input Count28=1
Output Count28=1
Parameter Count28=0
Block28,Input Channel 0=Delay 26,Output Channel 0
Block Library29=Simulation Library
Block Name29=Gain 10
DLL Name29=GAIN.DLL
Block Label29= 
Block Type29=2
Block Class29=0
Layer29=-1
Position29=800,96,832,128
Input Count29=1
Output Count29=1
Parameter Count29=0
Block29,Input Channel 0=Delay 25,Output Channel 0
Block Library30=Simulation Library
Block Name30=Gain 11
DLL Name30=GAIN.DLL
Block Label30= 
Block Type30=2
Block Class30=0
Layer30=-1
Position30=800,64,832,96
Input Count30=1
Output Count30=1
Parameter Count30=0
Block30,Input Channel 0=Delay 24,Output Channel 0
Block Library31=Simulation Library
Block Name31=Delay 31
DLL Name31=DELAY.DLL
Block Label31= 
Block Type31=2
Block Class31=0
Layer31=-1
Position31=1056,160,1088,192
Input Count31=1
Output Count31=1
Parameter Count31=0
Block31,Input Channel 0=Delay 30,Output Channel 0
Block Library32=Simulation Library
Block Name32=Gain 12
DLL Name32=GAIN.DLL
Block Label32= 
Block Type32=2
Block Class32=0
Layer32=-1
Position32=1056,192,1088,224
Input Count32=1
Output Count32=1
Parameter Count32=0
Block32,Input Channel 0=Delay 30,Output Channel 0
Block Library33=Simulation Library
Block Name33=Add 4
DLL Name33=ADD.DLL
Block Label33= 
Block Type33=2
Block Class33=0
Layer33=-1
Position33=1184,96,1216,128
Input Count33=2
Output Count33=1
Parameter Count33=0
Block33,Input Channel 0=Five Input Add 6,Output Channel 0
Block33,Input Channel 1=Five Input Add 7,Output Channel 0
Block Library34=Simulation Library
Block Name34=Five Input Add 7
DLL Name34=FIVEADD.DLL
Block Label34= 
Block Type34=2
Block Class34=0
Layer34=-1
Position34=1120,160,1152,192
Input Count34=5
Output Count34=1
Parameter Count34=0
Block34,Input Channel 0=Delay 31,Output Channel 0
Block34,Input Channel 1=Gain 12,Output Channel 0
Block34,Input Channel 2=Gain 7,Output Channel 0
Block34,Input Channel 3=Gain 8,Output Channel 0
Block34,Input Channel 4=Gain 6,Output Channel 0
Block Library35=Simulation Library
Block Name35=Single Channel Display 6
DLL Name35=SCD.DLL
Block Label35=Demodulated Signal
Block Label Color35=255,255,0
Block Label Font35=-17,0,0,0,700,0,0,0,0,1,2,1,34,MS Sans Serif
Block Type35=8
Block Class35=0
Layer35=-1
Position35=320,736,736,832
Input Count35=1
Output Count35=0
Parameter Count35=0
Block35,Input Channel 0=Add 4,Output Channel 0
Block Library36=Simulation Library
Block Name36=Hanning Window 1
DLL Name36=HANNING.DLL
Block Type36=2
Block Class36=0
Layer36=-1
Position36=416,384,448,416
Input Count36=1
Output Count36=1
Parameter Count36=0
Block36,Input Channel 0=Buffer 5,Output Channel 0
Block Library37=Simulation Library
Block Name37=FFT 1
DLL Name37=FFT.DLL
Block Type37=2
Block Class37=0
Layer37=-1
Position37=512,384,544,416
Input Count37=1
Output Count37=1
Parameter Count37=0
Block37,Input Channel 0=Hanning Window 1,Output Channel 0
Block Library38=Simulation Library
Block Name38=Magnitude 1
DLL Name38=MAG.DLL
Block Type38=2
Block Class38=0
Layer38=-1
Position38=608,384,640,416
Input Count38=1
Output Count38=1
Parameter Count38=0
Block38,Input Channel 0=FFT 1,Output Channel 0
Block Library39=Simulation Library
Block Name39=Single Channel Display 7
DLL Name39=SCD.DLL
Block Label39=FM Signal Spectrum
Block Label Color39=255,255,0
Block Label Font39=-17,0,0,0,700,0,0,0,0,1,2,1,34,MS Sans Serif
Block Type39=8
Block Class39=0
Layer39=-1
Position39=736,320,1024,480
Input Count39=1
Output Count39=0
Parameter Count39=0
Block39,Input Channel 0=Magnitude 1,Output Channel 0

[Variables]
Num=2
Var1=Framesize
Value1=256
Var2=Sample Rate
Value2=8000.0

[Environment]
Undo Buffer Size=30

[Text Boxes]
Count=4
Text1=Modulation
Position1=32,219
ColorR1=0
ColorG1=255
ColorB1=255
Font1=-23,0,0,0,700,0,0,0,0,1,2,1,34,MS Sans Serif
Text2=Demodulation |(Discriminater)
Position2=442,278
ColorR2=0
ColorG2=255
ColorB2=255
Font2=-23,0,0,0,700,0,0,0,0,1,2,1,34,MS Sans Serif
Text3=FM Modulation/Demodulation
Position3=53,57
ColorR3=0
ColorG3=255
ColorB3=0
Font3=-31,0,0,0,700,0,0,0,0,3,2,1,34,Arial
Text4=Please note that this demo contains a limited block|function library -- contact Hyperception for information|on the complete production library function list.
Position4=5,5
ColorR4=255
ColorG4=255
ColorB4=0
Font4=-11,0,0,0,400,0,0,0,0,1,2,1,34,MS Sans Serif

[Layers]
Current Layer=-1
Mode=1
Num=1

[Cosine Generator 1]
Version=4.00
Precision=1
Framesize=1
FramesizeOut0=1
RCFlagOut0=0
DTFlagOut0=1
SampFreqOut0=8000.0
_Amplitude=1.0
_Frequency=2427.5952148438
_PhaseOffset=0.0
_DCOffset=0.0
_ofFrames=0
_SampleRate=Sample Rate

[Constant Generator 2]
Version=4.00
Precision=1
Framesize=1
FramesizeOut0=1
RCFlagOut0=0
DTFlagOut0=1
SampFreqOut0=8000.0
_Amplitude=2000.0
_ofFrames=0
_SampleRate=Sample Rate

[Buffer 5]
Version=2.01
Precision=1
Framesize=1
FramesizeIn0=1
RCFlagIn0=0
DTFlagIn0=1
SampFreqIn0=8000.0
FramesizeOut0=256
RCFlagOut0=0
DTFlagOut0=1
SampFreqOut0=8000.0
_BufferSize=256
NumLocalElements0=1000

[Single Channel Display 1]
Version=4.00
Precision=-1
Framesize=512
FramesizeIn0=256
RCFlagIn0=0
DTFlagIn0=1
SampFreqIn0=8000.0
Columns=4
ShowIndices=0
HTicks=10
VTicks=10
DigitPrecision=4
DecimalPrecision=2
Shadow=0
fUseSec=0
wfDense=20
Theta=45.0
Title0=Default Graph Title 0
HLabel0=Samples
VLabel0=Amplitude
BackGroundColor0=0
GridColor0=6
WaveColor0=2
ScaleColor0=6
XAmp0.Min=0.0
XAmp0.Max=256.0
XAmp0.UserScale=1.0
XAmp0.StrLabelMin=
XAmp0.StrLabelMax=
XAmp0.PercMin=50.0
XAmp0.PercMax=50.0
XAmp0.PercDev=5.0
XAmp0.fAutoMin=0
XAmp0.fAutoMax=0
XAmp0.RoundOff=10.0
XAmp0.Precision=0
XAmp0.Scaling=0
XAmp0.LogBase=10.0
XAmp0.LogFactor=1.0
YAmp0.Min=0.0
YAmp0.Max=60.0
YAmp0.UserScale=1.0
YAmp0.StrLabelMin=
YAmp0.StrLabelMax=
YAmp0.PercMin=50.0
YAmp0.PercMax=50.0
YAmp0.PercDev=5.0
YAmp0.fAutoMin=1
YAmp0.fAutoMax=1
YAmp0.RoundOff=1.0
YAmp0.Precision=0
YAmp0.Scaling=0
YAmp0.LogBase=10.0
YAmp0.LogFactor=1.0
XAmpSec0.Min=-1000.0
XAmpSec0.Max=1000.0
XAmpSec0.PercMin=50.0
XAmpSec0.PercMax=50.0
XAmpSec0.PercDev=5.0
XAmpSec0.fAutoMin=1
XAmpSec0.fAutoMax=1
XAmpSec0.Precision=0
XAmpSec0.Scaling=0
XAmpSec0.LogBase=10.0
XAmpSec0.LogFactor=1.0
YAmpSec0.Min=-1000.0
YAmpSec0.Max=1000.0
YAmpSec0.PercMin=50.0
YAmpSec0.PercMax=50.0
YAmpSec0.PercDev=5.0
YAmpSec0.fAutoMin=1
YAmpSec0.fAutoMax=1
YAmpSec0.Precision=0
YAmpSec0.Scaling=0
YAmpSec0.LogBase=10.0
YAmpSec0.LogFactor=1.0
TracePause0=1
fOverWrite0=0
Mode0=0
DrawMode0=0
DisplayMode0=5
Shape0=0
ShapeColor0=7
ShowLabels0=0
fLineRemoval0=1
fMesh0=0
sfOverWrite=0
ShowLabels=0
AutoSize=1
FrameOffset=0

[Sweep (Chirp) Generator 1]
Version=4.00
Precision=1
Framesize=1
FramesizeOut0=1
RCFlagOut0=0
DTFlagOut0=1
SampFreqOut0=8000.0
_Amplitude=500.0
_MinFrequency=120.0
_MaxFrequency=240.0
_StepSize=2000
_PhaseOffset=0.0
_DCOffset=0.0
_ofFrames=0
_SampleRate=Sample Rate

[Add 2]
Version=4.00
Precision=1
Framesize=1
FramesizeIn0=1
RCFlagIn0=0
DTFlagIn0=1
SampFreqIn0=8000.0
FramesizeIn1=1
RCFlagIn1=0
DTFlagIn1=1
SampFreqIn1=8000.0
FramesizeOut0=1
RCFlagOut0=0
DTFlagOut0=1
SampFreqOut0=8000.0
_OverflowHandling=303
_SmallFramesize=306
_FramesizeWarning=309

[Buffer 4]
Version=2.01
Precision=-1
Framesize=1
FramesizeIn0=1
RCFlagIn0=0
DTFlagIn0=1
SampFreqIn0=8000.0
FramesizeOut0=256
RCFlagOut0=0
DTFlagOut0=1
SampFreqOut0=8000.0
_BufferSize=256
NumLocalElements0=1000

[Single Channel Display 2]
Version=4.00
Precision=-1
Framesize=512
FramesizeIn0=256
RCFlagIn0=0
DTFlagIn0=1
SampFreqIn0=8000.0
Columns=4
ShowIndices=0
HTicks=10
VTicks=10
DigitPrecision=4
DecimalPrecision=2
Shadow=0
fUseSec=0
wfDense=20
Theta=45.0
Title0=Default Graph Title 0
HLabel0=Samples
VLabel0=Amplitude
BackGroundColor0=3
GridColor0=6
WaveColor0=12
ScaleColor0=6
XAmp0.Min=0.0
XAmp0.Max=256.0
XAmp0.UserScale=1.0
XAmp0.StrLabelMin=
XAmp0.StrLabelMax=
XAmp0.PercMin=50.0
XAmp0.PercMax=50.0
XAmp0.PercDev=5.0
XAmp0.fAutoMin=0
XAmp0.fAutoMax=0
XAmp0.RoundOff=10.0
XAmp0.Precision=0
XAmp0.Scaling=0
XAmp0.LogBase=10.0
XAmp0.LogFactor=1.0
YAmp0.Min=0.0
YAmp0.Max=60.0
YAmp0.UserScale=1.0
YAmp0.StrLabelMin=
YAmp0.StrLabelMax=
YAmp0.PercMin=50.0
YAmp0.PercMax=50.0
YAmp0.PercDev=5.0
YAmp0.fAutoMin=1
YAmp0.fAutoMax=1
YAmp0.RoundOff=1.0
YAmp0.Precision=0
YAmp0.Scaling=0
YAmp0.LogBase=10.0
YAmp0.LogFactor=1.0
XAmpSec0.Min=-1000.0
XAmpSec0.Max=1000.0
XAmpSec0.PercMin=50.0
XAmpSec0.PercMax=50.0
XAmpSec0.PercDev=5.0
XAmpSec0.fAutoMin=1
XAmpSec0.fAutoMax=1
XAmpSec0.Precision=0
XAmpSec0.Scaling=0
XAmpSec0.LogBase=10.0
XAmpSec0.LogFactor=1.0
YAmpSec0.Min=-1000.0
YAmpSec0.Max=1000.0
YAmpSec0.PercMin=50.0
YAmpSec0.PercMax=50.0
YAmpSec0.PercDev=5.0
YAmpSec0.fAutoMin=1
YAmpSec0.fAutoMax=1
YAmpSec0.Precision=0
YAmpSec0.Scaling=0
YAmpSec0.LogBase=10.0
YAmpSec0.LogFactor=1.0
TracePause0=1
fOverWrite0=0
Mode0=0
DrawMode0=0
DisplayMode0=5
Shape0=0
ShapeColor0=7
ShowLabels0=0
fLineRemoval0=1
fMesh0=0
sfOverWrite=0
ShowLabels=0
AutoSize=1
FrameOffset=0

[Delay 22]
Version=2.01
Precision=-1
Framesize=256
FramesizeIn0=256
RCFlagIn0=0
DTFlagIn0=1
SampFreqIn0=8000.0
FramesizeOut0=256
RCFlagOut0=0
DTFlagOut0=1
SampFreqOut0=8000.0
_DelaySamples=1
NumLocalElements0=512

[Add 3]
Version=4.00
Precision=1
Framesize=256
FramesizeIn0=256
RCFlagIn0=0
DTFlagIn0=1
SampFreqIn0=8000.0
FramesizeIn1=256
RCFlagIn1=0
DTFlagIn1=1
SampFreqIn1=8000.0
FramesizeOut0=256
RCFlagOut0=0
DTFlagOut0=1
SampFreqOut0=8000.0
_OverflowHandling=303
_SmallFramesize=306
_FramesizeWarning=309

[Subtract 3]
Version=4.00
Precision=1
Framesize=256
FramesizeIn0=256
RCFlagIn0=0
DTFlagIn0=1
SampFreqIn0=8000.0
FramesizeIn1=256
RCFlagIn1=0
DTFlagIn1=1
SampFreqIn1=8000.0
FramesizeOut0=256
RCFlagOut0=0
DTFlagOut0=1
SampFreqOut0=8000.0
_OverflowHandling=301
_SmallFramesize=304
_FramesizeWarning=307

[Multiply 4]
Version=4.00
Precision=1
Framesize=256
FramesizeIn0=256
RCFlagIn0=0
DTFlagIn0=1
SampFreqIn0=8000.0
FramesizeIn1=256
RCFlagIn1=0
DTFlagIn1=1
SampFreqIn1=8000.0
FramesizeOut0=256
RCFlagOut0=0
DTFlagOut0=1
SampFreqOut0=8000.0
_SmallFramesize=302
_FramesizeWarning=305

[Multiply 5]
Version=4.00
Precision=1
Framesize=256
FramesizeIn0=256
RCFlagIn0=0
DTFlagIn0=1
SampFreqIn0=8000.0
FramesizeIn1=256
RCFlagIn1=0
DTFlagIn1=1
SampFreqIn1=8000.0
FramesizeOut0=256
RCFlagOut0=0
DTFlagOut0=1
SampFreqOut0=8000.0
_SmallFramesize=302
_FramesizeWarning=305

[Subtract 4]
Version=4.00
Precision=1
Framesize=256
FramesizeIn0=256
RCFlagIn0=0
DTFlagIn0=1
SampFreqIn0=8000.0
FramesizeIn1=256
RCFlagIn1=0
DTFlagIn1=1
SampFreqIn1=8000.0
FramesizeOut0=256
RCFlagOut0=0
DTFlagOut0=1
SampFreqOut0=8000.0
_OverflowHandling=301
_SmallFramesize=304
_FramesizeWarning=307

[Five Input Add 6]
Version=
Precision=-1
Framesize=256
FramesizeIn0=256
RCFlagIn0=0
DTFlagIn0=1
SampFreqIn0=8000.0
FramesizeIn1=256
RCFlagIn1=0
DTFlagIn1=1
SampFreqIn1=8000.0
FramesizeIn2=256
RCFlagIn2=0
DTFlagIn2=1
SampFreqIn2=8000.0
FramesizeIn3=256
RCFlagIn3=0
DTFlagIn3=1
SampFreqIn3=8000.0
FramesizeIn4=256
RCFlagIn4=0
DTFlagIn4=1
SampFreqIn4=8000.0
FramesizeOut0=256
RCFlagOut0=0
DTFlagOut0=1
SampFreqOut0=8000.0

[Delay 23]
Version=2.01
Precision=-1
Framesize=256
FramesizeIn0=256
RCFlagIn0=0
DTFlagIn0=1
SampFreqIn0=8000.0
FramesizeOut0=256
RCFlagOut0=0
DTFlagOut0=1
SampFreqOut0=8000.0
_DelaySamples=1
NumLocalElements0=512

[Delay 24]
Version=2.01
Precision=-1
Framesize=256
FramesizeIn0=256
RCFlagIn0=0
DTFlagIn0=1
SampFreqIn0=8000.0
FramesizeOut0=256
RCFlagOut0=0
DTFlagOut0=1
SampFreqOut0=8000.0
_DelaySamples=1
NumLocalElements0=512

[Delay 25]
Version=2.01
Precision=-1
Framesize=256
FramesizeIn0=256
RCFlagIn0=0
DTFlagIn0=1
SampFreqIn0=8000.0
FramesizeOut0=256
RCFlagOut0=0
DTFlagOut0=1
SampFreqOut0=8000.0
_DelaySamples=1
NumLocalElements0=512

[Delay 26]
Version=2.01
Precision=-1
Framesize=256
FramesizeIn0=256
RCFlagIn0=0
DTFlagIn0=1
SampFreqIn0=8000.0
FramesizeOut0=256
RCFlagOut0=0
DTFlagOut0=1
SampFreqOut0=8000.0
_DelaySamples=1
NumLocalElements0=512

[Delay 27]
Version=2.01
Precision=-1
Framesize=256
FramesizeIn0=256
RCFlagIn0=0
DTFlagIn0=1
SampFreqIn0=8000.0
FramesizeOut0=256
RCFlagOut0=0
DTFlagOut0=1
SampFreqOut0=8000.0
_DelaySamples=1
NumLocalElements0=512

[Delay 28]
Version=2.01
Precision=-1
Framesize=256
FramesizeIn0=256
RCFlagIn0=0
DTFlagIn0=1
SampFreqIn0=8000.0
FramesizeOut0=256
RCFlagOut0=0
DTFlagOut0=1
SampFreqOut0=8000.0
_DelaySamples=1
NumLocalElements0=512

[Delay 29]
Version=2.01
Precision=-1
Framesize=256
FramesizeIn0=256
RCFlagIn0=0
DTFlagIn0=1
SampFreqIn0=8000.0
FramesizeOut0=256
RCFlagOut0=0
DTFlagOut0=1
SampFreqOut0=8000.0
_DelaySamples=1
NumLocalElements0=512

[Delay 30]
Version=2.01
Precision=-1
Framesize=256
FramesizeIn0=256
RCFlagIn0=0
DTFlagIn0=1
SampFreqIn0=8000.0
FramesizeOut0=256
RCFlagOut0=0
DTFlagOut0=1
SampFreqOut0=8000.0
_DelaySamples=1
NumLocalElements0=512

[Gain 5]
Version=4.00
Precision=1
Framesize=256
FramesizeIn0=256
RCFlagIn0=0
DTFlagIn0=1
SampFreqIn0=8000.0
FramesizeOut0=256
RCFlagOut0=0
DTFlagOut0=1
SampFreqOut0=8000.0
_Gain=2.0

[Gain 6]
Version=4.00
Precision=1
Framesize=256
FramesizeIn0=256
RCFlagIn0=0
DTFlagIn0=1
SampFreqIn0=8000.0
FramesizeOut0=256
RCFlagOut0=0
DTFlagOut0=1
SampFreqOut0=8000.0
_Gain=5.0

[Gain 7]
Version=4.00
Precision=1
Framesize=256
FramesizeIn0=256
RCFlagIn0=0
DTFlagIn0=1
SampFreqIn0=8000.0
FramesizeOut0=256
RCFlagOut0=0
DTFlagOut0=1
SampFreqOut0=8000.0
_Gain=3.0

[Gain 8]
Version=4.00
Precision=1
Framesize=256
FramesizeIn0=256
RCFlagIn0=0
DTFlagIn0=1
SampFreqIn0=8000.0
FramesizeOut0=256
RCFlagOut0=0
DTFlagOut0=1
SampFreqOut0=8000.0
_Gain=4.0

[Gain 9]
Version=4.00
Precision=1
Framesize=256
FramesizeIn0=256
RCFlagIn0=0
DTFlagIn0=1
SampFreqIn0=8000.0
FramesizeOut0=256
RCFlagOut0=0
DTFlagOut0=1
SampFreqOut0=8000.0
_Gain=5.0

[Gain 10]
Version=4.00
Precision=1
Framesize=256
FramesizeIn0=256
RCFlagIn0=0
DTFlagIn0=1
SampFreqIn0=8000.0
FramesizeOut0=256
RCFlagOut0=0
DTFlagOut0=1
SampFreqOut0=8000.0
_Gain=4.0

[Gain 11]
Version=4.00
Precision=1
Framesize=256
FramesizeIn0=256
RCFlagIn0=0
DTFlagIn0=1
SampFreqIn0=8000.0
FramesizeOut0=256
RCFlagOut0=0
DTFlagOut0=1
SampFreqOut0=8000.0
_Gain=3.0

[Delay 31]
Version=2.01
Precision=-1
Framesize=256
FramesizeIn0=256
RCFlagIn0=0
DTFlagIn0=1
SampFreqIn0=8000.0
FramesizeOut0=256
RCFlagOut0=0
DTFlagOut0=1
SampFreqOut0=8000.0
_DelaySamples=1
NumLocalElements0=512

[Gain 12]
Version=4.00
Precision=1
Framesize=256
FramesizeIn0=256
RCFlagIn0=0
DTFlagIn0=1
SampFreqIn0=8000.0
FramesizeOut0=256
RCFlagOut0=0
DTFlagOut0=1
SampFreqOut0=8000.0
_Gain=2.0

[Add 4]
Version=4.00
Precision=1
Framesize=256
FramesizeIn0=256
RCFlagIn0=0
DTFlagIn0=1
SampFreqIn0=8000.0
FramesizeIn1=256
RCFlagIn1=0
DTFlagIn1=1
SampFreqIn1=8000.0
FramesizeOut0=256
RCFlagOut0=0
DTFlagOut0=1
SampFreqOut0=8000.0
_OverflowHandling=303
_SmallFramesize=306
_FramesizeWarning=309

[Five Input Add 7]
Version=
Precision=-1
Framesize=256
FramesizeIn0=256
RCFlagIn0=0
DTFlagIn0=1
SampFreqIn0=8000.0
FramesizeIn1=256
RCFlagIn1=0
DTFlagIn1=1
SampFreqIn1=8000.0
FramesizeIn2=256
RCFlagIn2=0
DTFlagIn2=1
SampFreqIn2=8000.0
FramesizeIn3=256
RCFlagIn3=0
DTFlagIn3=1
SampFreqIn3=8000.0
FramesizeIn4=256
RCFlagIn4=0
DTFlagIn4=1
SampFreqIn4=8000.0
FramesizeOut0=256
RCFlagOut0=0
DTFlagOut0=1
SampFreqOut0=8000.0

[Single Channel Display 6]
Version=4.00
Precision=-1
Framesize=512
FramesizeIn0=256
RCFlagIn0=0
DTFlagIn0=1
SampFreqIn0=8000.0
Columns=4
ShowIndices=0
HTicks=10
VTicks=10
DigitPrecision=4
DecimalPrecision=2
Shadow=0
fUseSec=0
wfDense=20
Theta=45.0
Title0=Default Graph Title 0
HLabel0=Samples
VLabel0=Amplitude
BackGroundColor0=5
GridColor0=6
WaveColor0=11
ScaleColor0=6
XAmp0.Min=0.0
XAmp0.Max=256.0
XAmp0.UserScale=1.0
XAmp0.StrLabelMin=
XAmp0.StrLabelMax=
XAmp0.PercMin=50.0
XAmp0.PercMax=50.0
XAmp0.PercDev=5.0
XAmp0.fAutoMin=0
XAmp0.fAutoMax=0
XAmp0.RoundOff=10.0
XAmp0.Precision=0
XAmp0.Scaling=0
XAmp0.LogBase=10.0
XAmp0.LogFactor=1.0
YAmp0.Min=-30.0
YAmp0.Max=30.0
YAmp0.UserScale=1.0
YAmp0.StrLabelMin=
YAmp0.StrLabelMax=
YAmp0.PercMin=50.0
YAmp0.PercMax=50.0
YAmp0.PercDev=5.0
YAmp0.fAutoMin=1
YAmp0.fAutoMax=1
YAmp0.RoundOff=1.0
YAmp0.Precision=0
YAmp0.Scaling=0
YAmp0.LogBase=10.0
YAmp0.LogFactor=1.0
XAmpSec0.Min=-1000.0
XAmpSec0.Max=1000.0
XAmpSec0.PercMin=50.0
XAmpSec0.PercMax=50.0
XAmpSec0.PercDev=5.0
XAmpSec0.fAutoMin=1
XAmpSec0.fAutoMax=1
XAmpSec0.Precision=0
XAmpSec0.Scaling=0
XAmpSec0.LogBase=10.0
XAmpSec0.LogFactor=1.0
YAmpSec0.Min=-1000.0
YAmpSec0.Max=1000.0
YAmpSec0.PercMin=50.0
YAmpSec0.PercMax=50.0
YAmpSec0.PercDev=5.0
YAmpSec0.fAutoMin=1
YAmpSec0.fAutoMax=1
YAmpSec0.Precision=0
YAmpSec0.Scaling=0
YAmpSec0.LogBase=10.0
YAmpSec0.LogFactor=1.0
TracePause0=1
fOverWrite0=0
Mode0=0
DrawMode0=0
DisplayMode0=5
Shape0=0
ShapeColor0=7
ShowLabels0=0
fLineRemoval0=1
fMesh0=0
sfOverWrite=0
ShowLabels=0
AutoSize=1
FrameOffset=0

[Hanning Window 1]
Version=4.00
Precision=-1
Framesize=256
FramesizeIn0=256
RCFlagIn0=0
DTFlagIn0=1
SampFreqIn0=8000.0
FramesizeOut0=256
RCFlagOut0=0
DTFlagOut0=1
SampFreqOut0=8000.0

[FFT 1]
Version=4.00
Precision=-1
Framesize=512
FramesizeIn0=256
RCFlagIn0=0
DTFlagIn0=1
SampFreqIn0=8000.0
FramesizeOut0=512
RCFlagOut0=1
DTFlagOut0=1
SampFreqOut0=8000.0
_FFTOrder=9
NumLocalElements0=0
NumLocalElements1=0

[Magnitude 1]
Version=4.00
Precision=-1
Framesize=257
FramesizeIn0=512
RCFlagIn0=1
DTFlagIn0=1
SampFreqIn0=8000.0
FramesizeOut0=257
RCFlagOut0=0
DTFlagOut0=1
SampFreqOut0=8000.0

[Single Channel Display 7]
Version=4.00
Precision=-1
Framesize=512
FramesizeIn0=257
RCFlagIn0=0
DTFlagIn0=1
SampFreqIn0=8000.0
Columns=4
ShowIndices=0
HTicks=10
VTicks=10
DigitPrecision=4
DecimalPrecision=2
Shadow=0
fUseSec=0
wfDense=20
Theta=45.0
Title0=Default Graph Title 0
HLabel0=Samples
VLabel0=Amplitude
BackGroundColor0=0
GridColor0=6
WaveColor0=12
ScaleColor0=6
XAmp0.Min=0.0
XAmp0.Max=257.0
XAmp0.UserScale=1.0
XAmp0.StrLabelMin=
XAmp0.StrLabelMax=
XAmp0.PercMin=50.0
XAmp0.PercMax=50.0
XAmp0.PercDev=5.0
XAmp0.fAutoMin=0
XAmp0.fAutoMax=0
XAmp0.RoundOff=10.0
XAmp0.Precision=0
XAmp0.Scaling=0
XAmp0.LogBase=10.0
XAmp0.LogFactor=1.0
YAmp0.Min=0.0
YAmp0.Max=50.0
YAmp0.UserScale=1.0
YAmp0.StrLabelMin=
YAmp0.StrLabelMax=
YAmp0.PercMin=50.0
YAmp0.PercMax=50.0
YAmp0.PercDev=5.0
YAmp0.fAutoMin=0
YAmp0.fAutoMax=0
YAmp0.RoundOff=1.0
YAmp0.Precision=0
YAmp0.Scaling=0
YAmp0.LogBase=10.0
YAmp0.LogFactor=1.0
XAmpSec0.Min=-1000.0
XAmpSec0.Max=1000.0
XAmpSec0.PercMin=50.0
XAmpSec0.PercMax=50.0
XAmpSec0.PercDev=5.0
XAmpSec0.fAutoMin=1
XAmpSec0.fAutoMax=1
XAmpSec0.Precision=0
XAmpSec0.Scaling=0
XAmpSec0.LogBase=10.0
XAmpSec0.LogFactor=1.0
YAmpSec0.Min=-1000.0
YAmpSec0.Max=1000.0
YAmpSec0.PercMin=50.0
YAmpSec0.PercMax=50.0
YAmpSec0.PercDev=5.0
YAmpSec0.fAutoMin=1
YAmpSec0.fAutoMax=1
YAmpSec0.Precision=0
YAmpSec0.Scaling=0
YAmpSec0.LogBase=10.0
YAmpSec0.LogFactor=1.0
TracePause0=1
fOverWrite0=0
Mode0=2
DrawMode0=0
DisplayMode0=5
Shape0=0
ShapeColor0=9
ShowLabels0=0
fLineRemoval0=1
fMesh0=0
sfOverWrite=0
ShowLabels=0
AutoSize=1
FrameOffset=0

