[Block Diagram Listing]
Header=Hypersignal for Windows Block Diagram Application, Block Listing
Version=4.00
Block Count=26
Horizontal Scroll Position=0
Vertical Scroll Position=0
Manual Compile=0
Block Library1=Simulation Library
Block Name1=Impulsive Noise Generator 1
DLL Name1=IMPNSE.DLL
Block Type1=2
Block Class1=0
Layer1=-1
Position1=96,320,128,352
Input Count1=0
Output Count1=1
Parameter Count1=0
Block Library2=Simulation Library
Block Name2=2 to 1 Multiplexer 1
DLL Name2=MUXTWO.DLL
Block Label2=2 to 1 Mux 1
Block Type2=66
Block Class2=64
Layer2=-1
Position2=160,192,192,224
Input Count2=3
Output Count2=1
Parameter Count2=0
Block2,Input Channel 0=Cosine Generator 1,Output Channel 0
Block2,Input Channel 1=Cosine Generator 2,Output Channel 0
Block2,Input Channel 2=Impulsive Noise Generator 1,Output Channel 0
Block Library3=Simulation Library
Block Name3=Cosine Generator 1
DLL Name3=COSINE.DLL
Block Type3=2
Block Class3=0
Layer3=-1
Position3=32,128,64,160
Input Count3=0
Output Count3=1
Parameter Count3=0
Block Library4=Simulation Library
Block Name4=Cosine Generator 2
DLL Name4=COSINE.DLL
Block Type4=2
Block Class4=0
Layer4=-1
Position4=32,256,64,288
Input Count4=0
Output Count4=1
Parameter Count4=0
Block Library5=Simulation Library
Block Name5=Constant Generator 1
DLL Name5=CONST.DLL
Block Type5=2
Block Class5=0
Layer5=-1
Position5=320,544,352,576
Input Count5=0
Output Count5=1
Parameter Count5=1
Block5,Parameter Line 0=Sets Amplitude,,,0,0,0,0,700,1,0,0,0,1,2,1,34,MS Sans Serif
Block5,Parameter Input 0=Impulsive Noise Generator 1,Output Channel 0,HDT_DOUBLE,201
Block Library6=Simulation Library
Block Name6=Buffer 1
DLL Name6=BUFFER.DLL
Block Type6=2
Block Class6=0
Layer6=-1
Position6=256,160,288,192
Input Count6=1
Output Count6=1
Parameter Count6=0
Block6,Input Channel 0=2 to 1 Multiplexer 1,Output Channel 0
Block Library7=Simulation Library
Block Name7=Buffer 2
DLL Name7=BUFFER.DLL
Block Type7=2
Block Class7=0
Layer7=-1
Position7=448,544,480,576
Input Count7=1
Output Count7=1
Parameter Count7=0
Block7,Input Channel 0=Constant Generator 1,Output Channel 0
Block Library8=Simulation Library
Block Name8=Single Channel Display 2
DLL Name8=SCD.DLL
Block Label8=Source Data Stream
Block Label Color8=255,255,0
Block Label Font8=-17,0,0,0,700,0,0,0,0,1,2,1,34,MS Sans Serif
Block Type8=8
Block Class8=0
Layer8=-1
Position8=608,544,1216,672
Input Count8=1
Output Count8=0
Parameter Count8=0
Block8,Input Channel 0=Buffer 2,Output Channel 0
Block Library9=Simulation Library
Block Name9=Delay 1
DLL Name9=DELAY.DLL
Block Type9=2
Block Class9=0
Layer9=-1
Position9=352,160,384,192
Input Count9=1
Output Count9=1
Parameter Count9=0
Block9,Input Channel 0=Buffer 1,Output Channel 0
Block Library10=Simulation Library
Block Name10=Delay 2
DLL Name10=DELAY.DLL
Block Type10=2
Block Class10=0
Layer10=-1
Position10=416,160,448,192
Input Count10=1
Output Count10=1
Parameter Count10=0
Block10,Input Channel 0=Delay 1,Output Channel 0
Block Library11=Simulation Library
Block Name11=Delay 3
DLL Name11=DELAY.DLL
Block Type11=2
Block Class11=0
Layer11=-1
Position11=480,160,512,192
Input Count11=1
Output Count11=1
Parameter Count11=0
Block11,Input Channel 0=Delay 2,Output Channel 0
Block Library12=Simulation Library
Block Name12=Delay 5
DLL Name12=DELAY.DLL
Block Label12=Delay 4
Block Type12=2
Block Class12=0
Layer12=-1
Position12=544,160,576,192
Input Count12=1
Output Count12=1
Parameter Count12=0
Block12,Input Channel 0=Delay 3,Output Channel 0
Block Library13=Simulation Library
Block Name13=Five Input Add 1
DLL Name13=FIVEADD.DLL
Block Type13=2
Block Class13=0
Layer13=-1
Position13=608,160,640,320
Input Count13=5
Output Count13=1
Parameter Count13=0
Block13,Input Channel 0=Delay 5,Output Channel 0
Block13,Input Channel 1=Delay 3,Output Channel 0
Block13,Input Channel 2=Delay 2,Output Channel 0
Block13,Input Channel 3=Delay 1,Output Channel 0
Block13,Input Channel 4=Buffer 1,Output Channel 0
Block Library14=Simulation Library
Block Name14=Gain 4
DLL Name14=GAIN.DLL
Block Label14=Gain=5.0
Block Type14=2
Block Class14=0
Layer14=-1
Position14=352,32,384,64
Input Count14=1
Output Count14=1
Parameter Count14=0
Block14,Input Channel 0=Buffer 1,Output Channel 0
Block Library15=Simulation Library
Block Name15=Multiply 3
DLL Name15=MULT.DLL
Block Label15=Multiply 2
Block Type15=2
Block Class15=0
Layer15=-1
Position15=800,288,832,320
Input Count15=2
Output Count15=1
Parameter Count15=0
Block15,Input Channel 0=Five Input Add 1,Output Channel 0
Block15,Input Channel 1=Five Input Add 1,Output Channel 0
Block Library16=Simulation Library
Block Name16=Subtract 2
DLL Name16=SUB.DLL
Block Type16=2
Block Class16=0
Layer16=-1
Position16=864,224,896,256
Input Count16=2
Output Count16=1
Parameter Count16=0
Block16,Input Channel 0=Multiply 2,Output Channel 0
Block16,Input Channel 1=Multiply 3,Output Channel 0
Block Library17=Simulation Library
Block Name17=Single Channel Display 1
DLL Name17=SCD.DLL
Block Label17=FSK Signal Waveform
Block Label Color17=255,255,0
Block Label Font17=-17,0,0,0,700,0,0,0,0,1,2,1,34,MS Sans Serif
Block Type17=8
Block Class17=0
Layer17=-1
Position17=608,384,1216,512
Input Count17=1
Output Count17=0
Parameter Count17=0
Block17,Input Channel 0=Buffer 1,Output Channel 0
Block Library18=Simulation Library
Block Name18=Delay 10
DLL Name18=DELAY.DLL
Block Label18=Delay 6
Block Type18=2
Block Class18=0
Layer18=-1
Position18=928,128,960,160
Input Count18=1
Output Count18=1
Parameter Count18=0
Block18,Input Channel 0=Subtract 2,Output Channel 0
Block Library19=Simulation Library
Block Name19=Delay 11
DLL Name19=DELAY.DLL
Block Label19=Delay 7
Block Type19=2
Block Class19=0
Layer19=-1
Position19=992,128,1024,160
Input Count19=1
Output Count19=1
Parameter Count19=0
Block19,Input Channel 0=Delay 10,Output Channel 0
Block Library20=Simulation Library
Block Name20=Delay 12
DLL Name20=DELAY.DLL
Block Label20=Delay 8
Block Type20=2
Block Class20=0
Layer20=-1
Position20=1056,128,1088,160
Input Count20=1
Output Count20=1
Parameter Count20=0
Block20,Input Channel 0=Delay 11,Output Channel 0
Block Library21=Simulation Library
Block Name21=Delay 13
DLL Name21=DELAY.DLL
Block Label21=Delay 9
Block Type21=2
Block Class21=0
Layer21=-1
Position21=1120,128,1152,160
Input Count21=1
Output Count21=1
Parameter Count21=0
Block21,Input Channel 0=Delay 12,Output Channel 0
Block Library22=Simulation Library
Block Name22=Five Input Add 3
DLL Name22=FIVEADD.DLL
Block Label22=Five Input Add 2
Block Type22=2
Block Class22=0
Layer22=-1
Position22=1184,128,1216,288
Input Count22=5
Output Count22=1
Parameter Count22=0
Block22,Input Channel 0=Delay 13,Output Channel 0
Block22,Input Channel 1=Delay 12,Output Channel 0
Block22,Input Channel 2=Delay 11,Output Channel 0
Block22,Input Channel 3=Delay 10,Output Channel 0
Block22,Input Channel 4=Subtract 2,Output Channel 0
Block Library23=Simulation Library
Block Name23=Single Channel Display 5
DLL Name23=SCD.DLL
Block Label23=Demodulated Data Stream
Block Label Color23=255,255,0
Block Label Font23=-17,0,0,0,700,0,0,0,0,1,2,1,34,MS Sans Serif
Block Type23=8
Block Class23=0
Layer23=-1
Position23=608,704,1216,832
Input Count23=1
Output Count23=0
Parameter Count23=0
Block23,Input Channel 0=Five Input Add 3,Output Channel 0
Block Library24=Simulation Library
Block Name24=Delay 4
DLL Name24=DELAY.DLL
Block Label24=Delay 5
Block Type24=2
Block Class24=0
Layer24=-1
Position24=480,32,512,64
Input Count24=1
Output Count24=1
Parameter Count24=0
Block24,Input Channel 0=Gain 4,Output Channel 0
Block Library25=Simulation Library
Block Name25=Subtract 1
DLL Name25=SUB.DLL
Block Type25=2
Block Class25=0
Layer25=-1
Position25=736,32,768,64
Input Count25=2
Output Count25=1
Parameter Count25=0
Block25,Input Channel 0=Delay 4,Output Channel 0
Block25,Input Channel 1=Five Input Add 1,Output Channel 0
Block Library26=Simulation Library
Block Name26=Multiply 2
DLL Name26=MULT.DLL
Block Label26=Multiply 1
Block Type26=2
Block Class26=0
Layer26=-1
Position26=800,128,832,160
Input Count26=2
Output Count26=1
Parameter Count26=0
Block26,Input Channel 0=Subtract 1,Output Channel 0
Block26,Input Channel 1=Subtract 1,Output Channel 0

[Variables]
Num=2
Var1=Framesize
Value1=64
Var2=Sample Rate
Value2=8000.0

[Environment]
Undo Buffer Size=30

[Text Boxes]
Count=6
Text1=FSK Modulation/Demodulation
Position1=167,463
ColorR1=255
ColorG1=255
ColorB1=0
Font1=-30,0,0,0,700,0,0,0,0,1,2,1,34,MS Sans Serif
Text2=LPF(1)
Position2=422,327
ColorR2=0
ColorG2=255
ColorB2=255
Font2=-23,0,0,0,700,0,0,0,0,1,2,1,34,MS Sans Serif
Text3=HPF
Position3=585,58
ColorR3=64
ColorG3=0
ColorB3=64
Font3=-11,0,0,0,400,0,0,0,0,1,2,1,34,MS Sans Serif
Text4=LPF(2)
Position4=990,282
ColorR4=64
ColorG4=0
ColorB4=64
Font4=-11,0,0,0,400,0,0,0,0,1,2,1,34,MS Sans Serif
Text5=1/0
Position5=93,394
ColorR5=0
ColorG5=255
ColorB5=255
Font5=-23,0,0,0,700,0,0,0,0,1,2,1,34,MS Sans Serif
Text6=Please note that this demo contains a limited block|function library -- contact Hyperception for information|on the complete production library function list.
Position6=8,17
ColorR6=255
ColorG6=255
ColorB6=0
Font6=-11,0,0,0,400,0,0,0,0,1,2,1,34,MS Sans Serif

[Layers]
Current Layer=-1
Mode=1
Num=1

[Impulsive Noise Generator 1]
Version=4.00
Precision=0
Framesize=1
FramesizeOut0=1
RCFlagOut0=0
DTFlagOut0=0
SampFreqOut0=8000.0
_Amplitude=1.0
_SampleRate=Sample Rate
_Probability=50
_DCOffset=0.0
_ofFrames=0

[2 to 1 Multiplexer 1]
Version=4.00
Precision=-1
Framesize=1
FramesizeIn0=64
RCFlagIn0=0
DTFlagIn0=1
SampFreqIn0=8000.0
FramesizeIn1=64
RCFlagIn1=0
DTFlagIn1=1
SampFreqIn1=8000.0
FramesizeIn2=1
RCFlagIn2=0
DTFlagIn2=0
SampFreqIn2=8000.0
FramesizeOut0=64
RCFlagOut0=0
DTFlagOut0=1
SampFreqOut0=8000.0
_Mode=302

[Cosine Generator 1]
Version=4.00
Precision=1
Framesize=Framesize
FramesizeOut0=64
RCFlagOut0=0
DTFlagOut0=1
SampFreqOut0=8000.0
_Amplitude=1.0
_Frequency=800.0
_PhaseOffset=0.0
_DCOffset=0.0
_ofFrames=0
_SampleRate=Sample Rate

[Cosine Generator 2]
Version=4.00
Precision=1
Framesize=Framesize
FramesizeOut0=64
RCFlagOut0=0
DTFlagOut0=1
SampFreqOut0=8000.0
_Amplitude=1.0
_Frequency=1200.0
_PhaseOffset=0.0
_DCOffset=0.0
_ofFrames=0
_SampleRate=Sample Rate

[Constant Generator 1]
Version=4.00
Precision=1
Framesize=Framesize
FramesizeOut0=64
RCFlagOut0=0
DTFlagOut0=1
SampFreqOut0=8000.0
_Amplitude=0.0
_ofFrames=0
_SampleRate=Sample Rate

[Buffer 1]
Version=2.01
Precision=-1
Framesize=64
FramesizeIn0=64
RCFlagIn0=0
DTFlagIn0=1
SampFreqIn0=8000.0
FramesizeOut0=512
RCFlagOut0=0
DTFlagOut0=1
SampFreqOut0=8000.0
_BufferSize=512
NumLocalElements0=1000

[Buffer 2]
Version=2.01
Precision=-1
Framesize=64
FramesizeIn0=64
RCFlagIn0=0
DTFlagIn0=1
SampFreqIn0=8000.0
FramesizeOut0=512
RCFlagOut0=0
DTFlagOut0=1
SampFreqOut0=8000.0
_BufferSize=Framesize*8
NumLocalElements0=1000

[Single Channel Display 2]
Version=4.00
Precision=-1
Framesize=512
FramesizeIn0=512
RCFlagIn0=0
DTFlagIn0=1
SampFreqIn0=8000.0
Columns=4
ShowIndices=0
HTicks=0
VTicks=8
DigitPrecision=4
DecimalPrecision=2
Shadow=0
fUseSec=0
wfDense=20
Theta=45.0
Title0=Default Graph Title 0
HLabel0=Samples
VLabel0=Amplitude
BackGroundColor0=3
GridColor0=6
WaveColor0=11
ScaleColor0=6
XAmp0.Min=0.0
XAmp0.Max=512.0
XAmp0.UserScale=1.0
XAmp0.StrLabelMin=
XAmp0.StrLabelMax=
XAmp0.PercMin=50.0
XAmp0.PercMax=50.0
XAmp0.PercDev=5.0
XAmp0.fAutoMin=0
XAmp0.fAutoMax=0
XAmp0.RoundOff=10.0
XAmp0.Precision=0
XAmp0.Scaling=0
XAmp0.LogBase=10.0
XAmp0.LogFactor=1.0
YAmp0.Min=-1.0
YAmp0.Max=2.0
YAmp0.UserScale=1.0
YAmp0.StrLabelMin=
YAmp0.StrLabelMax=
YAmp0.PercMin=50.0
YAmp0.PercMax=50.0
YAmp0.PercDev=5.0
YAmp0.fAutoMin=0
YAmp0.fAutoMax=0
YAmp0.RoundOff=1.0
YAmp0.Precision=0
YAmp0.Scaling=0
YAmp0.LogBase=10.0
YAmp0.LogFactor=1.0
XAmpSec0.Min=-1000.0
XAmpSec0.Max=1000.0
XAmpSec0.PercMin=50.0
XAmpSec0.PercMax=50.0
XAmpSec0.PercDev=5.0
XAmpSec0.fAutoMin=1
XAmpSec0.fAutoMax=1
XAmpSec0.Precision=0
XAmpSec0.Scaling=0
XAmpSec0.LogBase=10.0
XAmpSec0.LogFactor=1.0
YAmpSec0.Min=-1000.0
YAmpSec0.Max=1000.0
YAmpSec0.PercMin=50.0
YAmpSec0.PercMax=50.0
YAmpSec0.PercDev=5.0
YAmpSec0.fAutoMin=1
YAmpSec0.fAutoMax=1
YAmpSec0.Precision=0
YAmpSec0.Scaling=0
YAmpSec0.LogBase=10.0
YAmpSec0.LogFactor=1.0
TracePause0=1
fOverWrite0=0
Mode0=0
DrawMode0=0
DisplayMode0=5
Shape0=0
ShapeColor0=7
ShowLabels0=0
fLineRemoval0=1
fMesh0=0
sfOverWrite=0
ShowLabels=0
AutoSize=1
FrameOffset=0

[Delay 1]
Version=2.01
Precision=-1
Framesize=512
FramesizeIn0=512
RCFlagIn0=0
DTFlagIn0=1
SampFreqIn0=8000.0
FramesizeOut0=512
RCFlagOut0=0
DTFlagOut0=1
SampFreqOut0=8000.0
_DelaySamples=1
NumLocalElements0=1024

[Delay 2]
Version=2.01
Precision=-1
Framesize=512
FramesizeIn0=512
RCFlagIn0=0
DTFlagIn0=1
SampFreqIn0=8000.0
FramesizeOut0=512
RCFlagOut0=0
DTFlagOut0=1
SampFreqOut0=8000.0
_DelaySamples=1
NumLocalElements0=1024

[Delay 3]
Version=2.01
Precision=-1
Framesize=512
FramesizeIn0=512
RCFlagIn0=0
DTFlagIn0=1
SampFreqIn0=8000.0
FramesizeOut0=512
RCFlagOut0=0
DTFlagOut0=1
SampFreqOut0=8000.0
_DelaySamples=1
NumLocalElements0=1024

[Delay 5]
Version=2.01
Precision=-1
Framesize=512
FramesizeIn0=512
RCFlagIn0=0
DTFlagIn0=1
SampFreqIn0=8000.0
FramesizeOut0=512
RCFlagOut0=0
DTFlagOut0=1
SampFreqOut0=8000.0
_DelaySamples=1
NumLocalElements0=1024

[Five Input Add 1]
Version=
Precision=-1
Framesize=512
FramesizeIn0=512
RCFlagIn0=0
DTFlagIn0=1
SampFreqIn0=8000.0
FramesizeIn1=512
RCFlagIn1=0
DTFlagIn1=1
SampFreqIn1=8000.0
FramesizeIn2=512
RCFlagIn2=0
DTFlagIn2=1
SampFreqIn2=8000.0
FramesizeIn3=512
RCFlagIn3=0
DTFlagIn3=1
SampFreqIn3=8000.0
FramesizeIn4=512
RCFlagIn4=0
DTFlagIn4=1
SampFreqIn4=8000.0
FramesizeOut0=512
RCFlagOut0=0
DTFlagOut0=1
SampFreqOut0=8000.0

[Gain 4]
Version=4.00
Precision=-1
Framesize=512
FramesizeIn0=512
RCFlagIn0=0
DTFlagIn0=1
SampFreqIn0=8000.0
FramesizeOut0=512
RCFlagOut0=0
DTFlagOut0=1
SampFreqOut0=8000.0
_Gain=5.0

[Multiply 3]
Version=4.00
Precision=-1
Framesize=512
FramesizeIn0=512
RCFlagIn0=0
DTFlagIn0=1
SampFreqIn0=8000.0
FramesizeIn1=512
RCFlagIn1=0
DTFlagIn1=1
SampFreqIn1=8000.0
FramesizeOut0=512
RCFlagOut0=0
DTFlagOut0=1
SampFreqOut0=8000.0
_SmallFramesize=302
_FramesizeWarning=305

[Subtract 2]
Version=4.00
Precision=-1
Framesize=512
FramesizeIn0=512
RCFlagIn0=0
DTFlagIn0=1
SampFreqIn0=8000.0
FramesizeIn1=512
RCFlagIn1=0
DTFlagIn1=1
SampFreqIn1=8000.0
FramesizeOut0=512
RCFlagOut0=0
DTFlagOut0=1
SampFreqOut0=8000.0
_OverflowHandling=301
_SmallFramesize=304
_FramesizeWarning=307

[Single Channel Display 1]
Version=4.00
Precision=-1
Framesize=512
FramesizeIn0=512
RCFlagIn0=0
DTFlagIn0=1
SampFreqIn0=8000.0
Columns=4
ShowIndices=0
HTicks=2
VTicks=8
DigitPrecision=4
DecimalPrecision=2
Shadow=0
fUseSec=0
wfDense=20
Theta=45.0
Title0=Default Graph Title 0
HLabel0=Samples
VLabel0=Amplitude
BackGroundColor0=0
GridColor0=6
WaveColor0=12
ScaleColor0=6
XAmp0.Min=0.0
XAmp0.Max=512.0
XAmp0.UserScale=1.0
XAmp0.StrLabelMin=
XAmp0.StrLabelMax=
XAmp0.PercMin=50.0
XAmp0.PercMax=50.0
XAmp0.PercDev=5.0
XAmp0.fAutoMin=0
XAmp0.fAutoMax=0
XAmp0.RoundOff=10.0
XAmp0.Precision=0
XAmp0.Scaling=0
XAmp0.LogBase=10.0
XAmp0.LogFactor=1.0
YAmp0.Min=0.0
YAmp0.Max=60.0
YAmp0.UserScale=1.0
YAmp0.StrLabelMin=
YAmp0.StrLabelMax=
YAmp0.PercMin=50.0
YAmp0.PercMax=50.0
YAmp0.PercDev=5.0
YAmp0.fAutoMin=1
YAmp0.fAutoMax=1
YAmp0.RoundOff=1.0
YAmp0.Precision=0
YAmp0.Scaling=0
YAmp0.LogBase=10.0
YAmp0.LogFactor=1.0
XAmpSec0.Min=-1000.0
XAmpSec0.Max=1000.0
XAmpSec0.PercMin=50.0
XAmpSec0.PercMax=50.0
XAmpSec0.PercDev=5.0
XAmpSec0.fAutoMin=1
XAmpSec0.fAutoMax=1
XAmpSec0.Precision=0
XAmpSec0.Scaling=0
XAmpSec0.LogBase=10.0
XAmpSec0.LogFactor=1.0
YAmpSec0.Min=-1000.0
YAmpSec0.Max=1000.0
YAmpSec0.PercMin=50.0
YAmpSec0.PercMax=50.0
YAmpSec0.PercDev=5.0
YAmpSec0.fAutoMin=1
YAmpSec0.fAutoMax=1
YAmpSec0.Precision=0
YAmpSec0.Scaling=0
YAmpSec0.LogBase=10.0
YAmpSec0.LogFactor=1.0
TracePause0=1
fOverWrite0=0
Mode0=0
DrawMode0=0
DisplayMode0=5
Shape0=0
ShapeColor0=7
ShowLabels0=0
fLineRemoval0=1
fMesh0=0
sfOverWrite=0
ShowLabels=0
AutoSize=1
FrameOffset=0

[Delay 10]
Version=2.01
Precision=-1
Framesize=512
FramesizeIn0=512
RCFlagIn0=0
DTFlagIn0=1
SampFreqIn0=8000.0
FramesizeOut0=512
RCFlagOut0=0
DTFlagOut0=1
SampFreqOut0=8000.0
_DelaySamples=1
NumLocalElements0=1024

[Delay 11]
Version=2.01
Precision=-1
Framesize=512
FramesizeIn0=512
RCFlagIn0=0
DTFlagIn0=1
SampFreqIn0=8000.0
FramesizeOut0=512
RCFlagOut0=0
DTFlagOut0=1
SampFreqOut0=8000.0
_DelaySamples=1
NumLocalElements0=1024

[Delay 12]
Version=2.01
Precision=-1
Framesize=512
FramesizeIn0=512
RCFlagIn0=0
DTFlagIn0=1
SampFreqIn0=8000.0
FramesizeOut0=512
RCFlagOut0=0
DTFlagOut0=1
SampFreqOut0=8000.0
_DelaySamples=1
NumLocalElements0=1024

[Delay 13]
Version=2.01
Precision=-1
Framesize=512
FramesizeIn0=512
RCFlagIn0=0
DTFlagIn0=1
SampFreqIn0=8000.0
FramesizeOut0=512
RCFlagOut0=0
DTFlagOut0=1
SampFreqOut0=8000.0
_DelaySamples=1
NumLocalElements0=1024

[Five Input Add 3]
Version=
Precision=-1
Framesize=512
FramesizeIn0=512
RCFlagIn0=0
DTFlagIn0=1
SampFreqIn0=8000.0
FramesizeIn1=512
RCFlagIn1=0
DTFlagIn1=1
SampFreqIn1=8000.0
FramesizeIn2=512
RCFlagIn2=0
DTFlagIn2=1
SampFreqIn2=8000.0
FramesizeIn3=512
RCFlagIn3=0
DTFlagIn3=1
SampFreqIn3=8000.0
FramesizeIn4=512
RCFlagIn4=0
DTFlagIn4=1
SampFreqIn4=8000.0
FramesizeOut0=512
RCFlagOut0=0
DTFlagOut0=1
SampFreqOut0=8000.0

[Single Channel Display 5]
Version=4.00
Precision=-1
Framesize=256
FramesizeIn0=512
RCFlagIn0=0
DTFlagIn0=1
SampFreqIn0=8000.0
Columns=4
ShowIndices=0
HTicks=2
VTicks=8
DigitPrecision=4
DecimalPrecision=2
Shadow=0
fUseSec=0
wfDense=20
Theta=45.0
Title0=Default Graph Title 0
HLabel0=Samples
VLabel0=Amplitude
BackGroundColor0=5
GridColor0=6
WaveColor0=2
ScaleColor0=6
XAmp0.Min=0.0
XAmp0.Max=512.0
XAmp0.UserScale=1.0
XAmp0.StrLabelMin=
XAmp0.StrLabelMax=
XAmp0.PercMin=50.0
XAmp0.PercMax=50.0
XAmp0.PercDev=5.0
XAmp0.fAutoMin=0
XAmp0.fAutoMax=0
XAmp0.RoundOff=10.0
XAmp0.Precision=0
XAmp0.Scaling=0
XAmp0.LogBase=10.0
XAmp0.LogFactor=1.0
YAmp0.Min=-50.0
YAmp0.Max=50.0
YAmp0.UserScale=1.0
YAmp0.StrLabelMin=
YAmp0.StrLabelMax=
YAmp0.PercMin=50.0
YAmp0.PercMax=50.0
YAmp0.PercDev=5.0
YAmp0.fAutoMin=0
YAmp0.fAutoMax=0
YAmp0.RoundOff=1.0
YAmp0.Precision=0
YAmp0.Scaling=0
YAmp0.LogBase=10.0
YAmp0.LogFactor=1.0
XAmpSec0.Min=-1000.0
XAmpSec0.Max=1000.0
XAmpSec0.PercMin=50.0
XAmpSec0.PercMax=50.0
XAmpSec0.PercDev=5.0
XAmpSec0.fAutoMin=1
XAmpSec0.fAutoMax=1
XAmpSec0.Precision=0
XAmpSec0.Scaling=0
XAmpSec0.LogBase=10.0
XAmpSec0.LogFactor=1.0
YAmpSec0.Min=-1000.0
YAmpSec0.Max=1000.0
YAmpSec0.PercMin=50.0
YAmpSec0.PercMax=50.0
YAmpSec0.PercDev=5.0
YAmpSec0.fAutoMin=1
YAmpSec0.fAutoMax=1
YAmpSec0.Precision=0
YAmpSec0.Scaling=0
YAmpSec0.LogBase=10.0
YAmpSec0.LogFactor=1.0
TracePause0=1
fOverWrite0=0
Mode0=0
DrawMode0=0
DisplayMode0=5
Shape0=0
ShapeColor0=7
ShowLabels0=0
fLineRemoval0=1
fMesh0=0
sfOverWrite=0
ShowLabels=0
AutoSize=1
FrameOffset=0

[Delay 4]
Version=2.01
Precision=-1
Framesize=512
FramesizeIn0=512
RCFlagIn0=0
DTFlagIn0=1
SampFreqIn0=8000.0
FramesizeOut0=512
RCFlagOut0=0
DTFlagOut0=1
SampFreqOut0=8000.0
_DelaySamples=2
NumLocalElements0=1024

[Subtract 1]
Version=4.00
Precision=-1
Framesize=512
FramesizeIn0=512
RCFlagIn0=0
DTFlagIn0=1
SampFreqIn0=8000.0
FramesizeIn1=512
RCFlagIn1=0
DTFlagIn1=1
SampFreqIn1=8000.0
FramesizeOut0=512
RCFlagOut0=0
DTFlagOut0=1
SampFreqOut0=8000.0
_OverflowHandling=301
_SmallFramesize=304
_FramesizeWarning=307

[Multiply 2]
Version=4.00
Precision=-1
Framesize=512
FramesizeIn0=512
RCFlagIn0=0
DTFlagIn0=1
SampFreqIn0=8000.0
FramesizeIn1=512
RCFlagIn1=0
DTFlagIn1=1
SampFreqIn1=8000.0
FramesizeOut0=512
RCFlagOut0=0
DTFlagOut0=1
SampFreqOut0=8000.0
_SmallFramesize=302
_FramesizeWarning=305

