[Block Diagram Listing]
Header=Hypersignal for Windows Block Diagram Application, Block Listing
Version=4.00
Block Count=6
Horizontal Scroll Position=0
Vertical Scroll Position=0
Manual Compile=0
Block Library1=Simulation Library
Block Name1=Noise Generator 1
DLL Name1=NOISE.DLL
Block Type1=2
Block Class1=0
Layer1=-1
Position1=160,128,192,160
Input Count1=0
Output Count1=1
Parameter Count1=0
Block Library2=Simulation Library
Block Name2=Sweep (Chirp) Generator 1
DLL Name2=SWEEP.DLL
Block Type2=2
Block Class2=0
Layer2=-1
Position2=160,64,192,96
Input Count2=0
Output Count2=1
Parameter Count2=0
Block Library3=Simulation Library
Block Name3=Sine Generator 1
DLL Name3=SINE.DLL
Block Type3=1
Block Class3=0
Layer3=-1
Position3=128,256,160,288
Input Count3=0
Output Count3=1
Parameter Count3=0
Block Library4=Simulation Library
Block Name4=Replace Subset 1
DLL Name4=REPSUB.DLL
Block Type4=2
Block Class4=0
Layer4=-1
Position4=256,96,288,128
Input Count4=2
Output Count4=1
Parameter Count4=1
Block4,Input Channel 0=Sweep (Chirp) Generator 1,Output Channel 0
Block4,Input Channel 1=Noise Generator 1,Output Channel 0
Block4,Parameter Line 0=Sets Replacement Position,,,
Block4,Parameter Input 0=Sine Generator 1,Output Channel 0,HDT_LONG,201
Block Library5=Simulation Library
Block Name5=Single Channel Display 1
DLL Name5=SCD.DLL
Block Type5=8
Block Class5=0
Layer5=-1
Position5=384,64,704,224
Input Count5=1
Output Count5=0
Parameter Count5=0
Block5,Input Channel 0=Replace Subset 1,Output Channel 0
Block Library6=Simulation Library
Block Name6=Digital Display 1
DLL Name6=Digital.dll
Block Label6=Position to insert subset (noise signal)
Block Label Font6=-11,0,0,0,700,0,0,0,0,1,2,1,34,MS Sans Serif
Block Type6=8
Block Class6=0
Layer6=-1
Position6=384,288,544,352
Input Count6=1
Output Count6=0
Parameter Count6=0
Block6,Input Channel 0=Sine Generator 1,Output Channel 0

[Variables]
Num=2
Var1=Framesize
Value1=256
Var2=Sample Rate
Value2=8000.0

[Environment]
Undo Buffer Size=30

[Text Boxes]
Count=1
Text1=Example showing parameter connection controlling subset positioning
Position1=112,21
ColorR1=255
ColorG1=255
ColorB1=0
Font1=-16,0,0,0,700,1,0,0,0,1,2,1,34,MS Sans Serif

[Layers]
Current Layer=-1
Mode=1
Num=1

[Noise Generator 1]
Version=4.00
Precision=1
Framesize=50
FramesizeOut0=50
RCFlagOut0=0
DTFlagOut0=1
SampFreqOut0=11025.0
_Amplitude=500.0
_DCOffset=0.0
_ofFrames=0
_SampleRate=11025.0
offset=12

[Sweep (Chirp) Generator 1]
Version=4.00
Precision=1
Framesize=500
FramesizeOut0=500
RCFlagOut0=0
DTFlagOut0=1
SampFreqOut0=11025.0
_Amplitude=1000.0
_MinFrequency=10.0
_MaxFrequency=500.0
_StepSize=50000
_PhaseOffset=0.0
_DCOffset=0.0
_ofFrames=0
_SampleRate=11025.0

[Sine Generator 1]
Version=4.00
Precision=5
Framesize=1
FramesizeOut0=1
RCFlagOut0=0
DTFlagOut0=5
SampFreqOut0=11025.0
_Amplitude=250.0
_Frequency=100.0
_PhaseOffset=0.0
_DCOffset=250.0
_ofFrames=0
_SampleRate=11025.0

[Replace Subset 1]
Version=
Precision=-1
Framesize=500
FramesizeIn0=500
RCFlagIn0=0
DTFlagIn0=1
SampFreqIn0=11025.0
FramesizeIn1=50
RCFlagIn1=0
DTFlagIn1=1
SampFreqIn1=11025.0
FramesizeOut0=500
RCFlagOut0=0
DTFlagOut0=1
SampFreqOut0=11025.0
_ReplacementPosition=144

[Single Channel Display 1]
Version=4.00
Precision=-1
Framesize=100
FramesizeIn0=500
RCFlagIn0=0
DTFlagIn0=1
SampFreqIn0=11025.0
Columns=4
ShowIndices=0
HTicks=10
VTicks=10
DigitPrecision=4
DecimalPrecision=2
Shadow=0
fUseSec=0
wfDense=256
Theta=30.0
Title0=Sweep with relocatable noise
HLabel0=Samples
VLabel0=Amplitude
BackGroundColor0=0
GridColor0=6
WaveColor0=12
ScaleColor0=6
XAmp0.Min=0.0
XAmp0.Max=500.0
XAmp0.UserScale=1.0
XAmp0.StrLabelMin=
XAmp0.StrLabelMax=
XAmp0.PercMin=50.0
XAmp0.PercMax=50.0
XAmp0.PercDev=5.0
XAmp0.fAutoMin=0
XAmp0.fAutoMax=0
XAmp0.RoundOff=10.0
XAmp0.Precision=0
XAmp0.Scaling=0
XAmp0.LogBase=10.0
XAmp0.LogFactor=1.0
YAmp0.Min=-1000.0
YAmp0.Max=1000.0
YAmp0.UserScale=1.0
YAmp0.StrLabelMin=
YAmp0.StrLabelMax=
YAmp0.PercMin=50.0
YAmp0.PercMax=50.0
YAmp0.PercDev=5.0
YAmp0.fAutoMin=1
YAmp0.fAutoMax=1
YAmp0.RoundOff=10.0
YAmp0.Precision=0
YAmp0.Scaling=0
YAmp0.LogBase=10.0
YAmp0.LogFactor=1.0
XAmpSec0.Min=-1000.0
XAmpSec0.Max=1000.0
XAmpSec0.PercMin=50.0
XAmpSec0.PercMax=50.0
XAmpSec0.PercDev=5.0
XAmpSec0.fAutoMin=1
XAmpSec0.fAutoMax=1
XAmpSec0.Precision=0
XAmpSec0.Scaling=0
XAmpSec0.LogBase=10.0
XAmpSec0.LogFactor=1.0
YAmpSec0.Min=-1000.0
YAmpSec0.Max=1000.0
YAmpSec0.PercMin=50.0
YAmpSec0.PercMax=50.0
YAmpSec0.PercDev=5.0
YAmpSec0.fAutoMin=1
YAmpSec0.fAutoMax=1
YAmpSec0.Precision=0
YAmpSec0.Scaling=0
YAmpSec0.LogBase=10.0
YAmpSec0.LogFactor=1.0
TracePause0=1
fOverWrite0=0
Mode0=0
DrawMode0=0
DisplayMode0=5
Shape0=0
ShapeColor0=7
ShowLabels0=1
fLineRemoval0=1
fMesh0=0
sfOverWrite=0
ShowLabels=1
AutoSize=1
FrameOffset=0

[Digital Display 1]
Version=4.00
Precision=-1
Framesize=1
FramesizeIn0=1
RCFlagIn0=0
DTFlagIn0=5
SampFreqIn0=11025.0
_SignificantDigits=6
_MinimumDigits=3
TextColor=0,255,0
BackgroundColor=0,0,0

