[Block Diagram Listing]
Header=Hypersignal for Windows Block Diagram Application, Block Listing
Version=4.00
Block Count=5
Horizontal Scroll Position=0
Vertical Scroll Position=0
Manual Compile=0
Block Library1=Simulation Library
Block Name1=Sweep (Chirp) Generator 1
DLL Name1=SWEEP.DLL
Block Type1=2
Block Class1=0
Layer1=-1
Position1=65,192,97,224
Input Count1=0
Output Count1=1
Parameter Count1=0
Block Library2=Simulation Library
Block Name2=Single Channel Display 3
DLL Name2=SCD.DLL
Block Label2=Sweep Signal|
Block Type2=8
Block Class2=0
Layer2=-1
Position2=255,288,479,448
Input Count2=1
Output Count2=0
Parameter Count2=0
Block2,Input Channel 0=Sweep (Chirp) Generator 1,Output Channel 0
Block Library3=Simulation Library
Block Name3=FFT_512 1
DLL Name3=fft_512.lss
Block Type3=320
Block Class3=3
Layer3=-1
Position3=160,192,192,224
Input Count3=1
Output Count3=2
Parameter Count3=0
Loop Count3=1
Block3,Input Channel 0=Sweep (Chirp) Generator 1,Output Channel 0
Block Library4=Simulation Library
Block Name4=Single Channel Display 1
DLL Name4=SCD.DLL
Block Label4=Spectrum for Sweep Signal|
Block Type4=8
Block Class4=0
Layer4=-1
Position4=255,64,479,224
Input Count4=1
Output Count4=0
Parameter Count4=0
Block4,Input Channel 0=FFT_512 1,Output Channel 0
Block Library5=Simulation Library
Block Name5=Single Channel Display 2
DLL Name5=SCD.DLL
Block Label5=Phase for Sweep Signal
Block Type5=8
Block Class5=0
Layer5=-1
Position5=510,158,734,350
Input Count5=1
Output Count5=0
Parameter Count5=0
Block5,Input Channel 0=FFT_512 1,Output Channel 1

[Variables]
Num=3
Var1=Framesize
Value1=256
Var2=FFTORDER
Value2=8
Var3=Sample Rate
Value3=8000.0

[Environment]
Undo Buffer Size=30

[Text Boxes]
Count=1
Text1=Sweep wave analysis using hierarchy
Position1=191,19
ColorR1=255
ColorG1=255
ColorB1=0
Font1=-19,0,0,0,700,1,0,0,0,1,2,1,34,MS Sans Serif

[Layers]
Current Layer=-1
Mode=1
Num=1

[Sweep (Chirp) Generator 1]
Version=4.00
Precision=1
Framesize=256
FramesizeOut0=256
RCFlagOut0=0
DTFlagOut0=1
SampFreqOut0=20000.0
_Amplitude=1000.0
_MinFrequency=0.0
_MaxFrequency=10000.0
_StepSize=50000
_PhaseOffset=0.0
_DCOffset=0.0
_ofFrames=0
_SampleRate=20000.0

[Single Channel Display 3]
Version=4.00
Precision=-1
Framesize=100
FramesizeIn0=256
RCFlagIn0=0
DTFlagIn0=1
SampFreqIn0=20000.0
Columns=4
ShowIndices=0
HTicks=10
VTicks=10
DigitPrecision=4
DecimalPrecision=2
Shadow=0
fUseSec=0
wfDense=256
Theta=30.0
Title0=Time Domain
HLabel0=Samples
VLabel0=Amplitude
BackGroundColor0=0
GridColor0=6
WaveColor0=12
ScaleColor0=6
XAmp0.Min=0.0
XAmp0.Max=256.0
XAmp0.UserScale=1.0
XAmp0.StrLabelMin=
XAmp0.StrLabelMax=
XAmp0.PercMin=50.0
XAmp0.PercMax=50.0
XAmp0.PercDev=5.0
XAmp0.fAutoMin=0
XAmp0.fAutoMax=0
XAmp0.RoundOff=10.0
XAmp0.Precision=0
XAmp0.Scaling=0
XAmp0.LogBase=10.0
XAmp0.LogFactor=1.0
YAmp0.Min=-1.5
YAmp0.Max=1.5
YAmp0.UserScale=1.0
YAmp0.StrLabelMin=
YAmp0.StrLabelMax=
YAmp0.PercMin=90.0
YAmp0.PercMax=90.0
YAmp0.PercDev=5.0
YAmp0.fAutoMin=1
YAmp0.fAutoMax=1
YAmp0.RoundOff=10.0
YAmp0.Precision=0
YAmp0.Scaling=0
YAmp0.LogBase=10.0
YAmp0.LogFactor=1.0
XAmpSec0.Min=-1000.0
XAmpSec0.Max=1000.0
XAmpSec0.PercMin=50.0
XAmpSec0.PercMax=50.0
XAmpSec0.PercDev=5.0
XAmpSec0.fAutoMin=1
XAmpSec0.fAutoMax=1
XAmpSec0.Precision=0
XAmpSec0.Scaling=0
XAmpSec0.LogBase=10.0
XAmpSec0.LogFactor=1.0
YAmpSec0.Min=-1000.0
YAmpSec0.Max=1000.0
YAmpSec0.PercMin=50.0
YAmpSec0.PercMax=50.0
YAmpSec0.PercDev=5.0
YAmpSec0.fAutoMin=1
YAmpSec0.fAutoMax=1
YAmpSec0.Precision=0
YAmpSec0.Scaling=0
YAmpSec0.LogBase=10.0
YAmpSec0.LogFactor=1.0
TracePause0=1
fOverWrite0=0
Mode0=0
DrawMode0=0
DisplayMode0=5
Shape0=0
ShapeColor0=7
ShowLabels0=1
fLineRemoval0=1
fMesh0=0
sfOverWrite=0
ShowLabels=1
AutoSize=1
FrameOffset=0

[FFT_512 1]
Hierarchy=1
Block Library=Simulation Library
Block Name=FFT_512 1
FramesizeIn0=256
RCFlagIn0=0
DTFlagIn0=1
SampFreqIn0=20000.0
FramesizeOut0=129
RCFlagOut0=0
DTFlagOut0=1
SampFreqOut0=20000.0
FramesizeOut1=129
RCFlagOut1=0
DTFlagOut1=1
SampFreqOut1=20000.0

[FFT_512 1\FFT 1]
Version=4.00
Precision=-1
Framesize=256
FramesizeIn0=256
RCFlagIn0=0
DTFlagIn0=1
SampFreqIn0=20000.0
FramesizeOut0=256
RCFlagOut0=1
DTFlagOut0=1
SampFreqOut0=20000.0
_FFTOrder=FFTORDER
NumLocalElements0=0
NumLocalElements1=0

[FFT_512 1\Magnitude 1]
Version=4.00
Precision=-1
Framesize=129
FramesizeIn0=256
RCFlagIn0=1
DTFlagIn0=1
SampFreqIn0=20000.0
FramesizeOut0=129
RCFlagOut0=0
DTFlagOut0=1
SampFreqOut0=20000.0

[FFT_512 1\Phase 1]
Version=4.00
Precision=-1
Framesize=256
FramesizeIn0=256
RCFlagIn0=1
DTFlagIn0=1
SampFreqIn0=20000.0
FramesizeOut0=129
RCFlagOut0=0
DTFlagOut0=1
SampFreqOut0=20000.0

[Single Channel Display 1]
Version=4.00
Precision=-1
Framesize=100
FramesizeIn0=129
RCFlagIn0=0
DTFlagIn0=1
SampFreqIn0=20000.0
Columns=4
ShowIndices=0
HTicks=10
VTicks=10
DigitPrecision=4
DecimalPrecision=2
Shadow=0
fUseSec=0
wfDense=256
Theta=30.0
Title0=Frequency Domain
HLabel0=Samples
VLabel0=Amplitude
BackGroundColor0=0
GridColor0=6
WaveColor0=2
ScaleColor0=6
XAmp0.Min=0.0
XAmp0.Max=129.0
XAmp0.UserScale=1.0
XAmp0.StrLabelMin=
XAmp0.StrLabelMax=
XAmp0.PercMin=50.0
XAmp0.PercMax=50.0
XAmp0.PercDev=5.0
XAmp0.fAutoMin=0
XAmp0.fAutoMax=0
XAmp0.RoundOff=10.0
XAmp0.Precision=0
XAmp0.Scaling=0
XAmp0.LogBase=10.0
XAmp0.LogFactor=1.0
YAmp0.Min=0.0
YAmp0.Max=1.5
YAmp0.UserScale=1.0
YAmp0.StrLabelMin=
YAmp0.StrLabelMax=
YAmp0.PercMin=90.0
YAmp0.PercMax=90.0
YAmp0.PercDev=5.0
YAmp0.fAutoMin=0
YAmp0.fAutoMax=1
YAmp0.RoundOff=1.0
YAmp0.Precision=0
YAmp0.Scaling=0
YAmp0.LogBase=10.0
YAmp0.LogFactor=1.0
XAmpSec0.Min=-1000.0
XAmpSec0.Max=1000.0
XAmpSec0.PercMin=50.0
XAmpSec0.PercMax=50.0
XAmpSec0.PercDev=5.0
XAmpSec0.fAutoMin=1
XAmpSec0.fAutoMax=1
XAmpSec0.Precision=0
XAmpSec0.Scaling=0
XAmpSec0.LogBase=10.0
XAmpSec0.LogFactor=1.0
YAmpSec0.Min=-1000.0
YAmpSec0.Max=1000.0
YAmpSec0.PercMin=50.0
YAmpSec0.PercMax=50.0
YAmpSec0.PercDev=5.0
YAmpSec0.fAutoMin=1
YAmpSec0.fAutoMax=1
YAmpSec0.Precision=0
YAmpSec0.Scaling=0
YAmpSec0.LogBase=10.0
YAmpSec0.LogFactor=1.0
TracePause0=1
fOverWrite0=0
Mode0=0
DrawMode0=0
DisplayMode0=5
Shape0=0
ShapeColor0=7
ShowLabels0=1
fLineRemoval0=1
fMesh0=0
sfOverWrite=0
ShowLabels=1
AutoSize=1
FrameOffset=0

[Single Channel Display 2]
Version=4.00
Precision=-1
Framesize=100
FramesizeIn0=129
RCFlagIn0=0
DTFlagIn0=1
SampFreqIn0=20000.0
Columns=4
ShowIndices=0
HTicks=10
VTicks=10
DigitPrecision=4
DecimalPrecision=2
Shadow=0
fUseSec=0
wfDense=256
Theta=30.0
Title0=Phase
HLabel0=Samples
VLabel0=Amplitude
BackGroundColor0=0
GridColor0=6
WaveColor0=7
ScaleColor0=6
XAmp0.Min=0.0
XAmp0.Max=129.0
XAmp0.UserScale=1.0
XAmp0.StrLabelMin=
XAmp0.StrLabelMax=
XAmp0.PercMin=50.0
XAmp0.PercMax=50.0
XAmp0.PercDev=5.0
XAmp0.fAutoMin=0
XAmp0.fAutoMax=0
XAmp0.RoundOff=10.0
XAmp0.Precision=0
XAmp0.Scaling=0
XAmp0.LogBase=10.0
XAmp0.LogFactor=1.0
YAmp0.Min=-4.0
YAmp0.Max=4.0
YAmp0.UserScale=1.0
YAmp0.StrLabelMin=
YAmp0.StrLabelMax=
YAmp0.PercMin=90.0
YAmp0.PercMax=90.0
YAmp0.PercDev=5.0
YAmp0.fAutoMin=0
YAmp0.fAutoMax=0
YAmp0.RoundOff=1.0
YAmp0.Precision=0
YAmp0.Scaling=0
YAmp0.LogBase=10.0
YAmp0.LogFactor=1.0
XAmpSec0.Min=-1000.0
XAmpSec0.Max=1000.0
XAmpSec0.PercMin=50.0
XAmpSec0.PercMax=50.0
XAmpSec0.PercDev=5.0
XAmpSec0.fAutoMin=1
XAmpSec0.fAutoMax=1
XAmpSec0.Precision=0
XAmpSec0.Scaling=0
XAmpSec0.LogBase=10.0
XAmpSec0.LogFactor=1.0
YAmpSec0.Min=-1000.0
YAmpSec0.Max=1000.0
YAmpSec0.PercMin=50.0
YAmpSec0.PercMax=50.0
YAmpSec0.PercDev=5.0
YAmpSec0.fAutoMin=1
YAmpSec0.fAutoMax=1
YAmpSec0.Precision=0
YAmpSec0.Scaling=0
YAmpSec0.LogBase=10.0
YAmpSec0.LogFactor=1.0
TracePause0=1
fOverWrite0=0
Mode0=0
DrawMode0=0
DisplayMode0=5
Shape0=0
ShapeColor0=7
ShowLabels0=1
fLineRemoval0=1
fMesh0=0
sfOverWrite=0
ShowLabels=1
AutoSize=1
FrameOffset=0

