[Block Diagram Listing]
Header=Hypersignal for Windows Block Diagram Application, Block Listing
Version=4.00
Block Count=8
Horizontal Scroll Position=0
Vertical Scroll Position=0
Manual Compile=0
Block Library1=Simulation Library
Block Name1=Sine Generator 1
DLL Name1=SINE.DLL
Block Type1=1
Block Class1=0
Layer1=-1
Position1=192,192,224,224
Input Count1=0
Output Count1=1
Parameter Count1=2
Block1,Parameter Line 0=Sets Frequency,,,
Block1,Parameter Line 1=Sets Amplitude,,,
Block1,Parameter Input 0=CD Knob 1,Output Channel 0,HDT_DOUBLE,202
Block1,Parameter Input 1=CD Knob 2,Output Channel 0,HDT_DOUBLE,201
Block Library2=Simulation Library
Block Name2=Single Channel Display 1
DLL Name2=SCD.DLL
Block Label2=Sine in Time Domain
Block Label Font2=-17,0,0,0,700,0,0,0,0,1,2,1,34,MS Sans Serif
Block Type2=8
Block Class2=0
Layer2=-1
Position2=416,64,768,224
Input Count2=1
Output Count2=0
Parameter Count2=0
Block2,Input Channel 0=Sine Generator 1,Output Channel 0
Block Library3=Simulation Library
Block Name3=FFT 1
DLL Name3=FFT.DLL
Block Type3=2
Block Class3=0
Layer3=-1
Position3=288,320,320,352
Input Count3=1
Output Count3=1
Parameter Count3=0
Block3,Input Channel 0=Sine Generator 1,Output Channel 0
Block Library4=Simulation Library
Block Name4=Magnitude 1
DLL Name4=MAG.DLL
Block Type4=2
Block Class4=0
Layer4=-1
Position4=352,320,384,352
Input Count4=1
Output Count4=1
Parameter Count4=0
Block4,Input Channel 0=FFT 1,Output Channel 0
Block Library5=Simulation Library
Block Name5=Single Channel Display 2
DLL Name5=SCD.DLL
Block Label5=Sine in Frequency Domain
Block Label Font5=-17,0,0,0,700,0,0,0,0,1,2,1,34,MS Sans Serif
Block Type5=8
Block Class5=0
Layer5=-1
Position5=416,256,768,416
Input Count5=1
Output Count5=0
Parameter Count5=0
Block5,Input Channel 0=Magnitude 1,Output Channel 0
Block Library6=Instrumentation Library
Block Name6=CD Knob 1
DLL Name6=CDKnob.dll
Block Label6=Frequency
Block Type6=8
Block Class6=0
Layer6=-1
Position6=32,64,96,128
Input Count6=0
Output Count6=1
Parameter Count6=0
Block Library7=Instrumentation Library
Block Name7=CD Knob 2
DLL Name7=CDKnob.dll
Block Label7=Amplitude
Block Type7=8
Block Class7=0
Layer7=-1
Position7=32,256,96,320
Input Count7=0
Output Count7=1
Parameter Count7=0
Block Library8=Simulation Library
Block Name8=Sound Card D/A 1
DLL Name8=SndCrdDA.dll
Block Type8=68
Block Class8=64
Layer8=-1
Position8=326,207,358,239
Input Count8=2
Output Count8=0
Parameter Count8=0
Block8,Input Channel 0=Sine Generator 1,Output Channel 0
Block8,Input Channel 1=Input Not Connected

[Variables]
Num=2
Var1=Framesize
Value1=256
Var2=Sample Rate
Value2=8000.0

[Environment]
Undo Buffer Size=30

[Text Boxes]
Count=2
Text1=Example using a sound card for listening to a signal
Position1=100,10
ColorR1=255
ColorG1=255
ColorB1=0
Font1=-19,0,0,0,700,0,0,0,0,3,2,1,34,Arial
Text2=Note: you must have a sound card for this to work properly!
Position2=110,36
ColorR2=0
ColorG2=255
ColorB2=0
Font2=-16,0,0,0,700,0,0,0,0,3,2,1,34,Arial

[Layers]
Current Layer=-1
Mode=1
Num=1

[Sine Generator 1]
Version=4.00
Precision=1
Framesize=512
FramesizeOut0=0
RCFlagOut0=0
DTFlagOut0=0
SampFreqOut0=0.0
_Amplitude=9225.0
_Frequency=987.5
_PhaseOffset=0.0
_DCOffset=0.0
_ofFrames=0
_SampleRate=11025.0

[Single Channel Display 1]
Version=4.00
Precision=-1
Framesize=100
FramesizeIn0=0
RCFlagIn0=0
DTFlagIn0=0
SampFreqIn0=0.0
Columns=4
ShowIndices=0
HTicks=10
VTicks=10
DigitPrecision=4
DecimalPrecision=2
Shadow=0
fUseSec=0
wfDense=256
Theta=30.0
Title0=Sine Generator Output
HLabel0=Samples
VLabel0=Amplitude
BackGroundColor0=0
GridColor0=6
WaveColor0=7
ScaleColor0=6
XAmp0.Min=0.0
XAmp0.Max=512.0
XAmp0.UserScale=1.0
XAmp0.StrLabelMin=
XAmp0.StrLabelMax=
XAmp0.PercMin=50.0
XAmp0.PercMax=50.0
XAmp0.PercDev=5.0
XAmp0.fAutoMin=0
XAmp0.fAutoMax=0
XAmp0.RoundOff=10.0
XAmp0.Precision=0
XAmp0.Scaling=0
XAmp0.LogBase=10.0
XAmp0.LogFactor=1.0
YAmp0.Min=-20000.0
YAmp0.Max=20000.0
YAmp0.UserScale=1.0
YAmp0.StrLabelMin=
YAmp0.StrLabelMax=
YAmp0.PercMin=90.0
YAmp0.PercMax=90.0
YAmp0.PercDev=5.0
YAmp0.fAutoMin=0
YAmp0.fAutoMax=0
YAmp0.RoundOff=10.0
YAmp0.Precision=0
YAmp0.Scaling=0
YAmp0.LogBase=10.0
YAmp0.LogFactor=1.0
XAmpSec0.Min=-1000.0
XAmpSec0.Max=1000.0
XAmpSec0.PercMin=50.0
XAmpSec0.PercMax=50.0
XAmpSec0.PercDev=5.0
XAmpSec0.fAutoMin=1
XAmpSec0.fAutoMax=1
XAmpSec0.Precision=0
XAmpSec0.Scaling=0
XAmpSec0.LogBase=10.0
XAmpSec0.LogFactor=1.0
YAmpSec0.Min=-1000.0
YAmpSec0.Max=1000.0
YAmpSec0.PercMin=50.0
YAmpSec0.PercMax=50.0
YAmpSec0.PercDev=5.0
YAmpSec0.fAutoMin=1
YAmpSec0.fAutoMax=1
YAmpSec0.Precision=0
YAmpSec0.Scaling=0
YAmpSec0.LogBase=10.0
YAmpSec0.LogFactor=1.0
TracePause0=1
fOverWrite0=0
Mode0=0
DrawMode0=0
DisplayMode0=5
Shape0=0
ShapeColor0=7
ShowLabels0=1
fLineRemoval0=1
fMesh0=0
sfOverWrite=0
ShowLabels=1
AutoSize=1
FrameOffset=0

[FFT 1]
Version=4.00
Precision=-1
Framesize=0
FramesizeIn0=0
RCFlagIn0=0
DTFlagIn0=0
SampFreqIn0=0.0
FramesizeOut0=0
RCFlagOut0=0
DTFlagOut0=0
SampFreqOut0=0.0
_FFTOrder=9
NumLocalElements0=0
NumLocalElements1=0

[Magnitude 1]
Version=4.00
Precision=-1
Framesize=0
FramesizeIn0=0
RCFlagIn0=0
DTFlagIn0=0
SampFreqIn0=0.0
FramesizeOut0=0
RCFlagOut0=0
DTFlagOut0=0
SampFreqOut0=0.0

[Single Channel Display 2]
Version=4.00
Precision=-1
Framesize=100
FramesizeIn0=0
RCFlagIn0=0
DTFlagIn0=0
SampFreqIn0=0.0
Columns=4
ShowIndices=0
HTicks=10
VTicks=10
DigitPrecision=4
DecimalPrecision=2
Shadow=0
fUseSec=0
wfDense=256
Theta=30.0
Title0=Sweep Generator Output
HLabel0=Samples
VLabel0=Amplitude
BackGroundColor0=0
GridColor0=6
WaveColor0=12
ScaleColor0=6
XAmp0.Min=0.0
XAmp0.Max=257.0
XAmp0.UserScale=1.0
XAmp0.StrLabelMin=
XAmp0.StrLabelMax=
XAmp0.PercMin=50.0
XAmp0.PercMax=50.0
XAmp0.PercDev=5.0
XAmp0.fAutoMin=0
XAmp0.fAutoMax=0
XAmp0.RoundOff=10.0
XAmp0.Precision=0
XAmp0.Scaling=0
XAmp0.LogBase=10.0
XAmp0.LogFactor=1.0
YAmp0.Min=0.0
YAmp0.Max=5000000.0
YAmp0.UserScale=1.0
YAmp0.StrLabelMin=
YAmp0.StrLabelMax=
YAmp0.PercMin=90.0
YAmp0.PercMax=90.0
YAmp0.PercDev=5.0
YAmp0.fAutoMin=0
YAmp0.fAutoMax=0
YAmp0.RoundOff=10.0
YAmp0.Precision=0
YAmp0.Scaling=0
YAmp0.LogBase=10.0
YAmp0.LogFactor=1.0
XAmpSec0.Min=-1000.0
XAmpSec0.Max=1000.0
XAmpSec0.PercMin=50.0
XAmpSec0.PercMax=50.0
XAmpSec0.PercDev=5.0
XAmpSec0.fAutoMin=1
XAmpSec0.fAutoMax=1
XAmpSec0.Precision=0
XAmpSec0.Scaling=0
XAmpSec0.LogBase=10.0
XAmpSec0.LogFactor=1.0
YAmpSec0.Min=-1000.0
YAmpSec0.Max=1000.0
YAmpSec0.PercMin=50.0
YAmpSec0.PercMax=50.0
YAmpSec0.PercDev=5.0
YAmpSec0.fAutoMin=1
YAmpSec0.fAutoMax=1
YAmpSec0.Precision=0
YAmpSec0.Scaling=0
YAmpSec0.LogBase=10.0
YAmpSec0.LogFactor=1.0
TracePause0=1
fOverWrite0=0
Mode0=0
DrawMode0=0
DisplayMode0=5
Shape0=1
ShapeColor0=10
ShowLabels0=0
fLineRemoval0=1
fMesh0=0
sfOverWrite=0
ShowLabels=0
AutoSize=1
FrameOffset=0

[CD Knob 1]
Version=4.00
Precision=1
Framesize=1
FramesizeOut0=0
RCFlagOut0=0
DTFlagOut0=0
SampFreqOut0=0.0
_MinValue=0.0
_MaxValue=5000.0
_Steps=400
_StartingAngle=225.0
_EndingAngle=315.0
_Units=302
_LabelPosition=1002
_DisplayLabel=1
Position=79
Color=255,255,0
Font=-9,0,0,0,400,0,0,0,0,1,2,1,34,Small Fonts

[CD Knob 2]
Version=4.00
Precision=1
Framesize=1
FramesizeOut0=0
RCFlagOut0=0
DTFlagOut0=0
SampFreqOut0=0.0
_MinValue=0.0
_MaxValue=30000.0
_Steps=400
_StartingAngle=225.0
_EndingAngle=315.0
_Units=302
_LabelPosition=1002
_DisplayLabel=1
Position=123
Color=255,255,0
Font=-9,0,0,0,400,0,0,0,0,1,2,1,34,Small Fonts

[Sound Card D/A 1]
Version=4.00
Precision=-1
Framesize=0
FramesizeIn0=0
RCFlagIn0=0
DTFlagIn0=0
SampFreqIn0=0.0
FramesizeIn1=0
RCFlagIn1=0
DTFlagIn1=0
SampFreqIn1=0.0
_SampleRate=Sample Rate
_UseInputRate=303
_WaveDevice=0
_Precision=0
NumChannels0=0
NumChannels1=0
Channels=0

